[2.324s] Invoking command in '/home/rastic-smartcity/ros2_ws/build/examples_rclpy_minimal_action_server': PYTHONPATH=/home/rastic-smartcity/ros2_ws/build/examples_rclpy_minimal_action_server/prefix_override:/usr/lib/python3/dist-packages/colcon_core/task/python/colcon_distutils_commands:/home/rastic-smartcity/ros2_ws/install/examples_rclpy_minimal_action_server/lib/python3.8/site-packages:${PYTHONPATH} /usr/bin/python3 -W ignore:setup.py install is deprecated setup.py develop --editable --build-directory /home/rastic-smartcity/ros2_ws/build/examples_rclpy_minimal_action_server/build --no-deps symlink_data
[2.857s] running develop
[3.140s] running egg_info
[3.141s] writing examples_rclpy_minimal_action_server.egg-info/PKG-INFO
[3.141s] writing dependency_links to examples_rclpy_minimal_action_server.egg-info/dependency_links.txt
[3.141s] writing entry points to examples_rclpy_minimal_action_server.egg-info/entry_points.txt
[3.141s] writing requirements to examples_rclpy_minimal_action_server.egg-info/requires.txt
[3.141s] writing top-level names to examples_rclpy_minimal_action_server.egg-info/top_level.txt
[3.175s] reading manifest file 'examples_rclpy_minimal_action_server.egg-info/SOURCES.txt'
[3.175s] writing manifest file 'examples_rclpy_minimal_action_server.egg-info/SOURCES.txt'
[3.213s] running build_ext
[3.213s] Creating /home/rastic-smartcity/ros2_ws/install/examples_rclpy_minimal_action_server/lib/python3.8/site-packages/examples-rclpy-minimal-action-server.egg-link (link to .)
[3.213s] Installing server script to /home/rastic-smartcity/ros2_ws/install/examples_rclpy_minimal_action_server/lib/examples_rclpy_minimal_action_server
[3.214s] Installing server_defer script to /home/rastic-smartcity/ros2_ws/install/examples_rclpy_minimal_action_server/lib/examples_rclpy_minimal_action_server
[3.214s] Installing server_not_composable script to /home/rastic-smartcity/ros2_ws/install/examples_rclpy_minimal_action_server/lib/examples_rclpy_minimal_action_server
[3.214s] Installing server_queue_goals script to /home/rastic-smartcity/ros2_ws/install/examples_rclpy_minimal_action_server/lib/examples_rclpy_minimal_action_server
[3.214s] Installing server_single_goal script to /home/rastic-smartcity/ros2_ws/install/examples_rclpy_minimal_action_server/lib/examples_rclpy_minimal_action_server
[3.214s] 
[3.214s] Installed /home/rastic-smartcity/ros2_ws/build/examples_rclpy_minimal_action_server
[3.215s] running symlink_data
[3.246s] Invoked command in '/home/rastic-smartcity/ros2_ws/build/examples_rclpy_minimal_action_server' returned '0': PYTHONPATH=/home/rastic-smartcity/ros2_ws/build/examples_rclpy_minimal_action_server/prefix_override:/usr/lib/python3/dist-packages/colcon_core/task/python/colcon_distutils_commands:/home/rastic-smartcity/ros2_ws/install/examples_rclpy_minimal_action_server/lib/python3.8/site-packages:${PYTHONPATH} /usr/bin/python3 -W ignore:setup.py install is deprecated setup.py develop --editable --build-directory /home/rastic-smartcity/ros2_ws/build/examples_rclpy_minimal_action_server/build --no-deps symlink_data
