[0.151s] Invoking command in '/home/rastic-smartcity/ros2_ws/build/examples_rclcpp_minimal_action_client': CMAKE_PREFIX_PATH=/opt/ros/foxy /usr/bin/cmake --build /home/rastic-smartcity/ros2_ws/build/examples_rclcpp_minimal_action_client -- -j12 -l12
[0.842s] [ 25%] Built target action_client_not_composable
[0.842s] [ 50%] Built target action_client_not_composable_with_feedback
[0.842s] [ 75%] Built target action_client_not_composable_with_cancel
[0.842s] [100%] Built target action_client_member_functions
[0.856s] Invoked command in '/home/rastic-smartcity/ros2_ws/build/examples_rclcpp_minimal_action_client' returned '0': CMAKE_PREFIX_PATH=/opt/ros/foxy /usr/bin/cmake --build /home/rastic-smartcity/ros2_ws/build/examples_rclcpp_minimal_action_client -- -j12 -l12
[0.953s] Invoking command in '/home/rastic-smartcity/ros2_ws/build/examples_rclcpp_minimal_action_client': CMAKE_PREFIX_PATH=/opt/ros/foxy /usr/bin/cmake --install /home/rastic-smartcity/ros2_ws/build/examples_rclcpp_minimal_action_client
[0.986s] -- Install configuration: ""
[0.986s] -- Execute custom install script
[0.987s] -- Up-to-date symlink: /home/rastic-smartcity/ros2_ws/install/examples_rclcpp_minimal_action_client/lib/examples_rclcpp_minimal_action_client/action_client_member_functions
[0.987s] -- Up-to-date symlink: /home/rastic-smartcity/ros2_ws/install/examples_rclcpp_minimal_action_client/lib/examples_rclcpp_minimal_action_client/action_client_not_composable
[0.987s] -- Up-to-date symlink: /home/rastic-smartcity/ros2_ws/install/examples_rclcpp_minimal_action_client/lib/examples_rclcpp_minimal_action_client/action_client_not_composable_with_cancel
[0.987s] -- Up-to-date symlink: /home/rastic-smartcity/ros2_ws/install/examples_rclcpp_minimal_action_client/lib/examples_rclcpp_minimal_action_client/action_client_not_composable_with_feedback
[0.987s] -- Up-to-date symlink: /home/rastic-smartcity/ros2_ws/install/examples_rclcpp_minimal_action_client/share/ament_index/resource_index/package_run_dependencies/examples_rclcpp_minimal_action_client
[0.987s] -- Up-to-date symlink: /home/rastic-smartcity/ros2_ws/install/examples_rclcpp_minimal_action_client/share/ament_index/resource_index/parent_prefix_path/examples_rclcpp_minimal_action_client
[0.987s] -- Up-to-date symlink: /home/rastic-smartcity/ros2_ws/install/examples_rclcpp_minimal_action_client/share/examples_rclcpp_minimal_action_client/environment/ament_prefix_path.sh
[0.987s] -- Up-to-date symlink: /home/rastic-smartcity/ros2_ws/install/examples_rclcpp_minimal_action_client/share/examples_rclcpp_minimal_action_client/environment/ament_prefix_path.dsv
[0.987s] -- Up-to-date symlink: /home/rastic-smartcity/ros2_ws/install/examples_rclcpp_minimal_action_client/share/examples_rclcpp_minimal_action_client/environment/path.sh
[0.987s] -- Up-to-date symlink: /home/rastic-smartcity/ros2_ws/install/examples_rclcpp_minimal_action_client/share/examples_rclcpp_minimal_action_client/environment/path.dsv
[0.993s] -- Up-to-date symlink: /home/rastic-smartcity/ros2_ws/install/examples_rclcpp_minimal_action_client/share/examples_rclcpp_minimal_action_client/local_setup.bash
[0.994s] -- Up-to-date symlink: /home/rastic-smartcity/ros2_ws/install/examples_rclcpp_minimal_action_client/share/examples_rclcpp_minimal_action_client/local_setup.sh
[0.994s] -- Up-to-date symlink: /home/rastic-smartcity/ros2_ws/install/examples_rclcpp_minimal_action_client/share/examples_rclcpp_minimal_action_client/local_setup.zsh
[0.995s] -- Up-to-date symlink: /home/rastic-smartcity/ros2_ws/install/examples_rclcpp_minimal_action_client/share/examples_rclcpp_minimal_action_client/local_setup.dsv
[0.995s] -- Symlinking: /home/rastic-smartcity/ros2_ws/install/examples_rclcpp_minimal_action_client/share/examples_rclcpp_minimal_action_client/package.dsv
[1.035s] -- Up-to-date symlink: /home/rastic-smartcity/ros2_ws/install/examples_rclcpp_minimal_action_client/share/ament_index/resource_index/packages/examples_rclcpp_minimal_action_client
[1.036s] -- Up-to-date symlink: /home/rastic-smartcity/ros2_ws/install/examples_rclcpp_minimal_action_client/share/examples_rclcpp_minimal_action_client/cmake/examples_rclcpp_minimal_action_clientConfig.cmake
[1.038s] -- Up-to-date symlink: /home/rastic-smartcity/ros2_ws/install/examples_rclcpp_minimal_action_client/share/examples_rclcpp_minimal_action_client/cmake/examples_rclcpp_minimal_action_clientConfig-version.cmake
[1.038s] -- Up-to-date symlink: /home/rastic-smartcity/ros2_ws/install/examples_rclcpp_minimal_action_client/share/examples_rclcpp_minimal_action_client/package.xml
[1.055s] Invoked command in '/home/rastic-smartcity/ros2_ws/build/examples_rclcpp_minimal_action_client' returned '0': CMAKE_PREFIX_PATH=/opt/ros/foxy /usr/bin/cmake --install /home/rastic-smartcity/ros2_ws/build/examples_rclcpp_minimal_action_client
