[1.857s] Invoking command in '/home/rastic-smartcity/ros2_ws/build/my_package': PYTHONPATH=/home/rastic-smartcity/ros2_ws/build/my_package/prefix_override:/usr/lib/python3/dist-packages/colcon_core/task/python/colcon_distutils_commands:/home/rastic-smartcity/ros2_ws/install/my_package/lib/python3.8/site-packages:${PYTHONPATH} /usr/bin/python3 -W ignore:setup.py install is deprecated setup.py develop --uninstall --editable --build-directory /home/rastic-smartcity/ros2_ws/build/my_package/build
[2.317s] running develop
[2.482s] Removing /home/rastic-smartcity/ros2_ws/install/my_package/lib/python3.8/site-packages/my-package.egg-link (link to .)
[2.514s] Invoked command in '/home/rastic-smartcity/ros2_ws/build/my_package' returned '0': PYTHONPATH=/home/rastic-smartcity/ros2_ws/build/my_package/prefix_override:/usr/lib/python3/dist-packages/colcon_core/task/python/colcon_distutils_commands:/home/rastic-smartcity/ros2_ws/install/my_package/lib/python3.8/site-packages:${PYTHONPATH} /usr/bin/python3 -W ignore:setup.py install is deprecated setup.py develop --uninstall --editable --build-directory /home/rastic-smartcity/ros2_ws/build/my_package/build
[2.518s] Invoking command in '/home/rastic-smartcity/ros2_ws/src/my_package': PYTHONPATH=/home/rastic-smartcity/ros2_ws/build/my_package/prefix_override:/usr/lib/python3/dist-packages/colcon_core/task/python/colcon_distutils_commands:/home/rastic-smartcity/ros2_ws/install/my_package/lib/python3.8/site-packages:${PYTHONPATH} /usr/bin/python3 -W ignore:setup.py install is deprecated setup.py egg_info --egg-base ../../build/my_package build --build-base /home/rastic-smartcity/ros2_ws/build/my_package/build install --record /home/rastic-smartcity/ros2_ws/build/my_package/install.log --install-scripts $base/lib/my_package --single-version-externally-managed install_data --force
[2.762s] running egg_info
[2.763s] writing ../../build/my_package/my_package.egg-info/PKG-INFO
[2.764s] writing dependency_links to ../../build/my_package/my_package.egg-info/dependency_links.txt
[2.764s] writing entry points to ../../build/my_package/my_package.egg-info/entry_points.txt
[2.764s] writing requirements to ../../build/my_package/my_package.egg-info/requires.txt
[2.765s] writing top-level names to ../../build/my_package/my_package.egg-info/top_level.txt
[2.803s] reading manifest file '../../build/my_package/my_package.egg-info/SOURCES.txt'
[2.803s] writing manifest file '../../build/my_package/my_package.egg-info/SOURCES.txt'
[2.803s] running build
[2.804s] running build_py
[2.804s] copying my_package/my_node.py -> /home/rastic-smartcity/ros2_ws/build/my_package/build/lib/my_package
[2.804s] copying my_package/__init__.py -> /home/rastic-smartcity/ros2_ws/build/my_package/build/lib/my_package
[2.804s] running install
[2.805s] running install_lib
[2.806s] creating /home/rastic-smartcity/ros2_ws/install/my_package/lib/python3.8/site-packages/my_package
[2.806s] copying /home/rastic-smartcity/ros2_ws/build/my_package/build/lib/my_package/my_node.py -> /home/rastic-smartcity/ros2_ws/install/my_package/lib/python3.8/site-packages/my_package
[2.806s] copying /home/rastic-smartcity/ros2_ws/build/my_package/build/lib/my_package/__init__.py -> /home/rastic-smartcity/ros2_ws/install/my_package/lib/python3.8/site-packages/my_package
[2.807s] byte-compiling /home/rastic-smartcity/ros2_ws/install/my_package/lib/python3.8/site-packages/my_package/my_node.py to my_node.cpython-38.pyc
[2.808s] byte-compiling /home/rastic-smartcity/ros2_ws/install/my_package/lib/python3.8/site-packages/my_package/__init__.py to __init__.cpython-38.pyc
[2.808s] running install_data
[2.808s] copying resource/my_package -> /home/rastic-smartcity/ros2_ws/install/my_package/share/ament_index/resource_index/packages
[2.808s] copying package.xml -> /home/rastic-smartcity/ros2_ws/install/my_package/share/my_package
[2.808s] running install_egg_info
[2.810s] Copying ../../build/my_package/my_package.egg-info to /home/rastic-smartcity/ros2_ws/install/my_package/lib/python3.8/site-packages/my_package-0.0.0-py3.8.egg-info
[2.811s] running install_scripts
[2.830s] Installing my_node script to /home/rastic-smartcity/ros2_ws/install/my_package/lib/my_package
[2.830s] writing list of installed files to '/home/rastic-smartcity/ros2_ws/build/my_package/install.log'
[2.855s] Invoked command in '/home/rastic-smartcity/ros2_ws/src/my_package' returned '0': PYTHONPATH=/home/rastic-smartcity/ros2_ws/build/my_package/prefix_override:/usr/lib/python3/dist-packages/colcon_core/task/python/colcon_distutils_commands:/home/rastic-smartcity/ros2_ws/install/my_package/lib/python3.8/site-packages:${PYTHONPATH} /usr/bin/python3 -W ignore:setup.py install is deprecated setup.py egg_info --egg-base ../../build/my_package build --build-base /home/rastic-smartcity/ros2_ws/build/my_package/build install --record /home/rastic-smartcity/ros2_ws/build/my_package/install.log --install-scripts $base/lib/my_package --single-version-externally-managed install_data --force
