[1.635s] Invoking command in '/home/rastic-smartcity/ros2_ws/build/examples_rclpy_executors': PYTHONPATH=/home/rastic-smartcity/ros2_ws/build/examples_rclpy_executors/prefix_override:/usr/lib/python3/dist-packages/colcon_core/task/python/colcon_distutils_commands:/home/rastic-smartcity/ros2_ws/install/examples_rclpy_executors/lib/python3.8/site-packages:${PYTHONPATH} /usr/bin/python3 -W ignore:setup.py install is deprecated setup.py develop --editable --build-directory /home/rastic-smartcity/ros2_ws/build/examples_rclpy_executors/build --no-deps symlink_data
[3.378s] running develop
[3.382s] running egg_info
[3.382s] creating examples_rclpy_executors.egg-info
[3.382s] writing examples_rclpy_executors.egg-info/PKG-INFO
[3.382s] writing dependency_links to examples_rclpy_executors.egg-info/dependency_links.txt
[3.382s] writing entry points to examples_rclpy_executors.egg-info/entry_points.txt
[3.382s] writing requirements to examples_rclpy_executors.egg-info/requires.txt
[3.382s] writing top-level names to examples_rclpy_executors.egg-info/top_level.txt
[3.382s] writing manifest file 'examples_rclpy_executors.egg-info/SOURCES.txt'
[3.382s] reading manifest file 'examples_rclpy_executors.egg-info/SOURCES.txt'
[3.383s] writing manifest file 'examples_rclpy_executors.egg-info/SOURCES.txt'
[3.383s] running build_ext
[3.383s] Creating /home/rastic-smartcity/ros2_ws/install/examples_rclpy_executors/lib/python3.8/site-packages/site.py
[3.383s] Creating /home/rastic-smartcity/ros2_ws/install/examples_rclpy_executors/lib/python3.8/site-packages/examples-rclpy-executors.egg-link (link to .)
[3.383s] Installing callback_group script to /home/rastic-smartcity/ros2_ws/install/examples_rclpy_executors/lib/examples_rclpy_executors
[3.383s] Installing composed script to /home/rastic-smartcity/ros2_ws/install/examples_rclpy_executors/lib/examples_rclpy_executors
[3.383s] Installing custom_callback_group script to /home/rastic-smartcity/ros2_ws/install/examples_rclpy_executors/lib/examples_rclpy_executors
[3.389s] Installing custom_executor script to /home/rastic-smartcity/ros2_ws/install/examples_rclpy_executors/lib/examples_rclpy_executors
[3.390s] Installing listener script to /home/rastic-smartcity/ros2_ws/install/examples_rclpy_executors/lib/examples_rclpy_executors
[3.390s] Installing talker script to /home/rastic-smartcity/ros2_ws/install/examples_rclpy_executors/lib/examples_rclpy_executors
[3.391s] 
[3.391s] Installed /home/rastic-smartcity/ros2_ws/build/examples_rclpy_executors
[3.391s] running symlink_data
[3.392s] creating /home/rastic-smartcity/ros2_ws/install/examples_rclpy_executors/share/ament_index
[3.392s] creating /home/rastic-smartcity/ros2_ws/install/examples_rclpy_executors/share/ament_index/resource_index
[3.392s] creating /home/rastic-smartcity/ros2_ws/install/examples_rclpy_executors/share/ament_index/resource_index/packages
[3.392s] symbolically linking /home/rastic-smartcity/ros2_ws/build/examples_rclpy_executors/resource/examples_rclpy_executors -> /home/rastic-smartcity/ros2_ws/install/examples_rclpy_executors/share/ament_index/resource_index/packages
[3.392s] symbolically linking /home/rastic-smartcity/ros2_ws/build/examples_rclpy_executors/package.xml -> /home/rastic-smartcity/ros2_ws/install/examples_rclpy_executors/share/examples_rclpy_executors
[3.424s] Invoked command in '/home/rastic-smartcity/ros2_ws/build/examples_rclpy_executors' returned '0': PYTHONPATH=/home/rastic-smartcity/ros2_ws/build/examples_rclpy_executors/prefix_override:/usr/lib/python3/dist-packages/colcon_core/task/python/colcon_distutils_commands:/home/rastic-smartcity/ros2_ws/install/examples_rclpy_executors/lib/python3.8/site-packages:${PYTHONPATH} /usr/bin/python3 -W ignore:setup.py install is deprecated setup.py develop --editable --build-directory /home/rastic-smartcity/ros2_ws/build/examples_rclpy_executors/build --no-deps symlink_data
