[0.156s] Invoking command in '/home/rastic-smartcity/ros2_ws/build/examples_rclcpp_minimal_publisher': CMAKE_PREFIX_PATH=${CMAKE_PREFIX_PATH}:/home/rastic-smartcity/ros2_ws/install/examples_rclpy_minimal_subscriber:/home/rastic-smartcity/ros2_ws/install/examples_rclpy_minimal_service:/home/rastic-smartcity/ros2_ws/install/examples_rclpy_minimal_publisher:/home/rastic-smartcity/ros2_ws/install/examples_rclpy_minimal_client:/home/rastic-smartcity/ros2_ws/install/examples_rclpy_minimal_action_server:/home/rastic-smartcity/ros2_ws/install/examples_rclpy_minimal_action_client:/home/rastic-smartcity/ros2_ws/install/examples_rclpy_executors:/home/rastic-smartcity/ros2_ws/install/turtle_demo_controller:/home/rastic-smartcity/ros2_ws/install/Rastic_seminar_Python:/home/rastic-smartcity/ros2_ws/install/Rastic_seminar_python:/opt/ros/foxy /usr/bin/cmake --build /home/rastic-smartcity/ros2_ws/build/examples_rclcpp_minimal_publisher -- -j12 -l12
[0.956s] [ 33%] Built target publisher_member_function
[0.956s] [ 66%] Built target publisher_lambda
[0.956s] [100%] Built target publisher_not_composable
[1.004s] Invoked command in '/home/rastic-smartcity/ros2_ws/build/examples_rclcpp_minimal_publisher' returned '0': CMAKE_PREFIX_PATH=${CMAKE_PREFIX_PATH}:/home/rastic-smartcity/ros2_ws/install/examples_rclpy_minimal_subscriber:/home/rastic-smartcity/ros2_ws/install/examples_rclpy_minimal_service:/home/rastic-smartcity/ros2_ws/install/examples_rclpy_minimal_publisher:/home/rastic-smartcity/ros2_ws/install/examples_rclpy_minimal_client:/home/rastic-smartcity/ros2_ws/install/examples_rclpy_minimal_action_server:/home/rastic-smartcity/ros2_ws/install/examples_rclpy_minimal_action_client:/home/rastic-smartcity/ros2_ws/install/examples_rclpy_executors:/home/rastic-smartcity/ros2_ws/install/turtle_demo_controller:/home/rastic-smartcity/ros2_ws/install/Rastic_seminar_Python:/home/rastic-smartcity/ros2_ws/install/Rastic_seminar_python:/opt/ros/foxy /usr/bin/cmake --build /home/rastic-smartcity/ros2_ws/build/examples_rclcpp_minimal_publisher -- -j12 -l12
[1.157s] Invoking command in '/home/rastic-smartcity/ros2_ws/build/examples_rclcpp_minimal_publisher': CMAKE_PREFIX_PATH=${CMAKE_PREFIX_PATH}:/home/rastic-smartcity/ros2_ws/install/examples_rclpy_minimal_subscriber:/home/rastic-smartcity/ros2_ws/install/examples_rclpy_minimal_service:/home/rastic-smartcity/ros2_ws/install/examples_rclpy_minimal_publisher:/home/rastic-smartcity/ros2_ws/install/examples_rclpy_minimal_client:/home/rastic-smartcity/ros2_ws/install/examples_rclpy_minimal_action_server:/home/rastic-smartcity/ros2_ws/install/examples_rclpy_minimal_action_client:/home/rastic-smartcity/ros2_ws/install/examples_rclpy_executors:/home/rastic-smartcity/ros2_ws/install/turtle_demo_controller:/home/rastic-smartcity/ros2_ws/install/Rastic_seminar_Python:/home/rastic-smartcity/ros2_ws/install/Rastic_seminar_python:/opt/ros/foxy /usr/bin/cmake --install /home/rastic-smartcity/ros2_ws/build/examples_rclcpp_minimal_publisher
[1.191s] -- Install configuration: ""
[1.192s] -- Execute custom install script
[1.192s] -- Up-to-date symlink: /home/rastic-smartcity/ros2_ws/install/examples_rclcpp_minimal_publisher/lib/examples_rclcpp_minimal_publisher/publisher_lambda
[1.192s] -- Up-to-date symlink: /home/rastic-smartcity/ros2_ws/install/examples_rclcpp_minimal_publisher/lib/examples_rclcpp_minimal_publisher/publisher_member_function
[1.192s] -- Up-to-date symlink: /home/rastic-smartcity/ros2_ws/install/examples_rclcpp_minimal_publisher/lib/examples_rclcpp_minimal_publisher/publisher_not_composable
[1.192s] -- Up-to-date symlink: /home/rastic-smartcity/ros2_ws/install/examples_rclcpp_minimal_publisher/share/ament_index/resource_index/package_run_dependencies/examples_rclcpp_minimal_publisher
[1.193s] -- Up-to-date symlink: /home/rastic-smartcity/ros2_ws/install/examples_rclcpp_minimal_publisher/share/ament_index/resource_index/parent_prefix_path/examples_rclcpp_minimal_publisher
[1.193s] -- Up-to-date symlink: /home/rastic-smartcity/ros2_ws/install/examples_rclcpp_minimal_publisher/share/examples_rclcpp_minimal_publisher/environment/ament_prefix_path.sh
[1.193s] -- Up-to-date symlink: /home/rastic-smartcity/ros2_ws/install/examples_rclcpp_minimal_publisher/share/examples_rclcpp_minimal_publisher/environment/ament_prefix_path.dsv
[1.193s] -- Up-to-date symlink: /home/rastic-smartcity/ros2_ws/install/examples_rclcpp_minimal_publisher/share/examples_rclcpp_minimal_publisher/environment/path.sh
[1.193s] -- Up-to-date symlink: /home/rastic-smartcity/ros2_ws/install/examples_rclcpp_minimal_publisher/share/examples_rclcpp_minimal_publisher/environment/path.dsv
[1.193s] -- Up-to-date symlink: /home/rastic-smartcity/ros2_ws/install/examples_rclcpp_minimal_publisher/share/examples_rclcpp_minimal_publisher/local_setup.bash
[1.194s] -- Up-to-date symlink: /home/rastic-smartcity/ros2_ws/install/examples_rclcpp_minimal_publisher/share/examples_rclcpp_minimal_publisher/local_setup.sh
[1.194s] -- Up-to-date symlink: /home/rastic-smartcity/ros2_ws/install/examples_rclcpp_minimal_publisher/share/examples_rclcpp_minimal_publisher/local_setup.zsh
[1.195s] -- Up-to-date symlink: /home/rastic-smartcity/ros2_ws/install/examples_rclcpp_minimal_publisher/share/examples_rclcpp_minimal_publisher/local_setup.dsv
[1.196s] -- Symlinking: /home/rastic-smartcity/ros2_ws/install/examples_rclcpp_minimal_publisher/share/examples_rclcpp_minimal_publisher/package.dsv
[1.198s] -- Up-to-date symlink: /home/rastic-smartcity/ros2_ws/install/examples_rclcpp_minimal_publisher/share/ament_index/resource_index/packages/examples_rclcpp_minimal_publisher
[1.198s] -- Up-to-date symlink: /home/rastic-smartcity/ros2_ws/install/examples_rclcpp_minimal_publisher/share/examples_rclcpp_minimal_publisher/cmake/examples_rclcpp_minimal_publisherConfig.cmake
[1.199s] -- Up-to-date symlink: /home/rastic-smartcity/ros2_ws/install/examples_rclcpp_minimal_publisher/share/examples_rclcpp_minimal_publisher/cmake/examples_rclcpp_minimal_publisherConfig-version.cmake
[1.199s] -- Up-to-date symlink: /home/rastic-smartcity/ros2_ws/install/examples_rclcpp_minimal_publisher/share/examples_rclcpp_minimal_publisher/package.xml
[1.333s] Invoked command in '/home/rastic-smartcity/ros2_ws/build/examples_rclcpp_minimal_publisher' returned '0': CMAKE_PREFIX_PATH=${CMAKE_PREFIX_PATH}:/home/rastic-smartcity/ros2_ws/install/examples_rclpy_minimal_subscriber:/home/rastic-smartcity/ros2_ws/install/examples_rclpy_minimal_service:/home/rastic-smartcity/ros2_ws/install/examples_rclpy_minimal_publisher:/home/rastic-smartcity/ros2_ws/install/examples_rclpy_minimal_client:/home/rastic-smartcity/ros2_ws/install/examples_rclpy_minimal_action_server:/home/rastic-smartcity/ros2_ws/install/examples_rclpy_minimal_action_client:/home/rastic-smartcity/ros2_ws/install/examples_rclpy_executors:/home/rastic-smartcity/ros2_ws/install/turtle_demo_controller:/home/rastic-smartcity/ros2_ws/install/Rastic_seminar_Python:/home/rastic-smartcity/ros2_ws/install/Rastic_seminar_python:/opt/ros/foxy /usr/bin/cmake --install /home/rastic-smartcity/ros2_ws/build/examples_rclcpp_minimal_publisher
