[3.759s] Invoking command in '/home/rastic-smartcity/ros2_ws/build/examples_rclpy_minimal_action_server': PYTHONPATH=/home/rastic-smartcity/ros2_ws/build/examples_rclpy_minimal_action_server/prefix_override:/usr/lib/python3/dist-packages/colcon_core/task/python/colcon_distutils_commands:/home/rastic-smartcity/ros2_ws/install/examples_rclpy_minimal_action_server/lib/python3.8/site-packages:${PYTHONPATH} /usr/bin/python3 -W ignore:setup.py install is deprecated setup.py develop --editable --build-directory /home/rastic-smartcity/ros2_ws/build/examples_rclpy_minimal_action_server/build --no-deps symlink_data
[8.457s] running develop
[8.457s] running egg_info
[8.457s] creating examples_rclpy_minimal_action_server.egg-info
[8.457s] writing examples_rclpy_minimal_action_server.egg-info/PKG-INFO
[8.457s] writing dependency_links to examples_rclpy_minimal_action_server.egg-info/dependency_links.txt
[8.458s] writing entry points to examples_rclpy_minimal_action_server.egg-info/entry_points.txt
[8.458s] writing requirements to examples_rclpy_minimal_action_server.egg-info/requires.txt
[8.458s] writing top-level names to examples_rclpy_minimal_action_server.egg-info/top_level.txt
[8.458s] writing manifest file 'examples_rclpy_minimal_action_server.egg-info/SOURCES.txt'
[8.458s] reading manifest file 'examples_rclpy_minimal_action_server.egg-info/SOURCES.txt'
[8.458s] writing manifest file 'examples_rclpy_minimal_action_server.egg-info/SOURCES.txt'
[8.458s] running build_ext
[8.459s] Creating /home/rastic-smartcity/ros2_ws/install/examples_rclpy_minimal_action_server/lib/python3.8/site-packages/site.py
[8.459s] Creating /home/rastic-smartcity/ros2_ws/install/examples_rclpy_minimal_action_server/lib/python3.8/site-packages/examples-rclpy-minimal-action-server.egg-link (link to .)
[8.459s] Installing server script to /home/rastic-smartcity/ros2_ws/install/examples_rclpy_minimal_action_server/lib/examples_rclpy_minimal_action_server
[8.459s] Installing server_defer script to /home/rastic-smartcity/ros2_ws/install/examples_rclpy_minimal_action_server/lib/examples_rclpy_minimal_action_server
[8.459s] Installing server_not_composable script to /home/rastic-smartcity/ros2_ws/install/examples_rclpy_minimal_action_server/lib/examples_rclpy_minimal_action_server
[8.459s] Installing server_queue_goals script to /home/rastic-smartcity/ros2_ws/install/examples_rclpy_minimal_action_server/lib/examples_rclpy_minimal_action_server
[8.459s] Installing server_single_goal script to /home/rastic-smartcity/ros2_ws/install/examples_rclpy_minimal_action_server/lib/examples_rclpy_minimal_action_server
[8.459s] 
[8.460s] Installed /home/rastic-smartcity/ros2_ws/build/examples_rclpy_minimal_action_server
[8.460s] running symlink_data
[8.460s] creating /home/rastic-smartcity/ros2_ws/install/examples_rclpy_minimal_action_server/share/ament_index
[8.460s] creating /home/rastic-smartcity/ros2_ws/install/examples_rclpy_minimal_action_server/share/ament_index/resource_index
[8.460s] creating /home/rastic-smartcity/ros2_ws/install/examples_rclpy_minimal_action_server/share/ament_index/resource_index/packages
[8.460s] symbolically linking /home/rastic-smartcity/ros2_ws/build/examples_rclpy_minimal_action_server/resource/examples_rclpy_minimal_action_server -> /home/rastic-smartcity/ros2_ws/install/examples_rclpy_minimal_action_server/share/ament_index/resource_index/packages
[8.460s] symbolically linking /home/rastic-smartcity/ros2_ws/build/examples_rclpy_minimal_action_server/package.xml -> /home/rastic-smartcity/ros2_ws/install/examples_rclpy_minimal_action_server/share/examples_rclpy_minimal_action_server
[8.490s] Invoked command in '/home/rastic-smartcity/ros2_ws/build/examples_rclpy_minimal_action_server' returned '0': PYTHONPATH=/home/rastic-smartcity/ros2_ws/build/examples_rclpy_minimal_action_server/prefix_override:/usr/lib/python3/dist-packages/colcon_core/task/python/colcon_distutils_commands:/home/rastic-smartcity/ros2_ws/install/examples_rclpy_minimal_action_server/lib/python3.8/site-packages:${PYTHONPATH} /usr/bin/python3 -W ignore:setup.py install is deprecated setup.py develop --editable --build-directory /home/rastic-smartcity/ros2_ws/build/examples_rclpy_minimal_action_server/build --no-deps symlink_data
