[0.115s] Invoking command in '/home/rastic-smartcity/ros2_ws/build/examples_rclcpp_minimal_subscriber': CMAKE_PREFIX_PATH=${CMAKE_PREFIX_PATH}:/home/rastic-smartcity/ros2_ws/install/turtle_demo_controller:/home/rastic-smartcity/ros2_ws/install/Rastic_seminar_Python:/home/rastic-smartcity/ros2_ws/install/Rastic_seminar_python:/opt/ros/foxy /usr/bin/cmake /home/rastic-smartcity/ros2_ws/src/examples/rclcpp/topics/minimal_subscriber -DCMAKE_INSTALL_PREFIX=/home/rastic-smartcity/ros2_ws/install/examples_rclcpp_minimal_subscriber
[0.997s] -- Found ament_cmake: 0.9.12 (/opt/ros/foxy/share/ament_cmake/cmake)
[0.997s] -- Using PYTHON_EXECUTABLE: /usr/bin/python3
[0.998s] -- Override CMake install command with custom implementation using symlinks instead of copying resources
[0.998s] -- Found rclcpp: 2.4.3 (/opt/ros/foxy/share/rclcpp/cmake)
[0.998s] -- Using all available rosidl_typesupport_c: rosidl_typesupport_fastrtps_c;rosidl_typesupport_introspection_c
[0.998s] -- Found rosidl_adapter: 1.3.1 (/opt/ros/foxy/share/rosidl_adapter/cmake)
[0.998s] -- Using all available rosidl_typesupport_cpp: rosidl_typesupport_fastrtps_cpp;rosidl_typesupport_introspection_cpp
[1.085s] -- Found rmw_implementation_cmake: 1.0.4 (/opt/ros/foxy/share/rmw_implementation_cmake/cmake)
[1.088s] -- Using RMW implementation 'rmw_fastrtps_cpp' as default
[1.381s] -- Found ament_lint_auto: 0.9.8 (/opt/ros/foxy/share/ament_lint_auto/cmake)
[1.562s] -- Added test 'copyright' to check source files copyright and LICENSE
[1.563s] -- Added test 'cppcheck' to perform static code analysis on C / C++ code
[1.564s] -- Configured cppcheck include dirs: 
[1.564s] -- Configured cppcheck exclude dirs and/or files: 
[1.564s] -- Added test 'cpplint' to check C / C++ code against the Google style
[1.565s] -- Configured cpplint exclude dirs and/or files: 
[1.565s] -- Added test 'lint_cmake' to check CMake code style
[1.566s] -- Added test 'uncrustify' to check C / C++ code style
[1.566s] -- Configured uncrustify additional arguments: 
[1.567s] -- Added test 'xmllint' to check XML markup files
[1.572s] -- Configuring done
[1.598s] -- Generating done
[1.599s] -- Build files have been written to: /home/rastic-smartcity/ros2_ws/build/examples_rclcpp_minimal_subscriber
[1.632s] Invoked command in '/home/rastic-smartcity/ros2_ws/build/examples_rclcpp_minimal_subscriber' returned '0': CMAKE_PREFIX_PATH=${CMAKE_PREFIX_PATH}:/home/rastic-smartcity/ros2_ws/install/turtle_demo_controller:/home/rastic-smartcity/ros2_ws/install/Rastic_seminar_Python:/home/rastic-smartcity/ros2_ws/install/Rastic_seminar_python:/opt/ros/foxy /usr/bin/cmake /home/rastic-smartcity/ros2_ws/src/examples/rclcpp/topics/minimal_subscriber -DCMAKE_INSTALL_PREFIX=/home/rastic-smartcity/ros2_ws/install/examples_rclcpp_minimal_subscriber
[1.634s] Invoking command in '/home/rastic-smartcity/ros2_ws/build/examples_rclcpp_minimal_subscriber': CMAKE_PREFIX_PATH=${CMAKE_PREFIX_PATH}:/home/rastic-smartcity/ros2_ws/install/turtle_demo_controller:/home/rastic-smartcity/ros2_ws/install/Rastic_seminar_Python:/home/rastic-smartcity/ros2_ws/install/Rastic_seminar_python:/opt/ros/foxy /usr/bin/cmake --build /home/rastic-smartcity/ros2_ws/build/examples_rclcpp_minimal_subscriber -- -j12 -l12
[1.808s] [ 33%] Built target subscriber_member_function
[1.814s] [ 66%] Built target subscriber_lambda
[1.826s] [100%] Built target subscriber_not_composable
[1.931s] Invoked command in '/home/rastic-smartcity/ros2_ws/build/examples_rclcpp_minimal_subscriber' returned '0': CMAKE_PREFIX_PATH=${CMAKE_PREFIX_PATH}:/home/rastic-smartcity/ros2_ws/install/turtle_demo_controller:/home/rastic-smartcity/ros2_ws/install/Rastic_seminar_Python:/home/rastic-smartcity/ros2_ws/install/Rastic_seminar_python:/opt/ros/foxy /usr/bin/cmake --build /home/rastic-smartcity/ros2_ws/build/examples_rclcpp_minimal_subscriber -- -j12 -l12
[2.055s] Invoking command in '/home/rastic-smartcity/ros2_ws/build/examples_rclcpp_minimal_subscriber': CMAKE_PREFIX_PATH=${CMAKE_PREFIX_PATH}:/home/rastic-smartcity/ros2_ws/install/turtle_demo_controller:/home/rastic-smartcity/ros2_ws/install/Rastic_seminar_Python:/home/rastic-smartcity/ros2_ws/install/Rastic_seminar_python:/opt/ros/foxy /usr/bin/cmake --install /home/rastic-smartcity/ros2_ws/build/examples_rclcpp_minimal_subscriber
[2.082s] -- Install configuration: ""
[2.083s] -- Execute custom install script
[2.084s] -- Up-to-date symlink: /home/rastic-smartcity/ros2_ws/install/examples_rclcpp_minimal_subscriber/lib/examples_rclcpp_minimal_subscriber/subscriber_lambda
[2.086s] -- Up-to-date symlink: /home/rastic-smartcity/ros2_ws/install/examples_rclcpp_minimal_subscriber/lib/examples_rclcpp_minimal_subscriber/subscriber_member_function
[2.086s] -- Up-to-date symlink: /home/rastic-smartcity/ros2_ws/install/examples_rclcpp_minimal_subscriber/lib/examples_rclcpp_minimal_subscriber/subscriber_not_composable
[2.087s] -- Up-to-date symlink: /home/rastic-smartcity/ros2_ws/install/examples_rclcpp_minimal_subscriber/share/ament_index/resource_index/package_run_dependencies/examples_rclcpp_minimal_subscriber
[2.087s] -- Up-to-date symlink: /home/rastic-smartcity/ros2_ws/install/examples_rclcpp_minimal_subscriber/share/ament_index/resource_index/parent_prefix_path/examples_rclcpp_minimal_subscriber
[2.087s] -- Up-to-date symlink: /home/rastic-smartcity/ros2_ws/install/examples_rclcpp_minimal_subscriber/share/examples_rclcpp_minimal_subscriber/environment/ament_prefix_path.sh
[2.087s] -- Up-to-date symlink: /home/rastic-smartcity/ros2_ws/install/examples_rclcpp_minimal_subscriber/share/examples_rclcpp_minimal_subscriber/environment/ament_prefix_path.dsv
[2.088s] -- Up-to-date symlink: /home/rastic-smartcity/ros2_ws/install/examples_rclcpp_minimal_subscriber/share/examples_rclcpp_minimal_subscriber/environment/path.sh
[2.088s] -- Up-to-date symlink: /home/rastic-smartcity/ros2_ws/install/examples_rclcpp_minimal_subscriber/share/examples_rclcpp_minimal_subscriber/environment/path.dsv
[2.088s] -- Up-to-date symlink: /home/rastic-smartcity/ros2_ws/install/examples_rclcpp_minimal_subscriber/share/examples_rclcpp_minimal_subscriber/local_setup.bash
[2.088s] -- Up-to-date symlink: /home/rastic-smartcity/ros2_ws/install/examples_rclcpp_minimal_subscriber/share/examples_rclcpp_minimal_subscriber/local_setup.sh
[2.089s] -- Up-to-date symlink: /home/rastic-smartcity/ros2_ws/install/examples_rclcpp_minimal_subscriber/share/examples_rclcpp_minimal_subscriber/local_setup.zsh
[2.089s] -- Up-to-date symlink: /home/rastic-smartcity/ros2_ws/install/examples_rclcpp_minimal_subscriber/share/examples_rclcpp_minimal_subscriber/local_setup.dsv
[2.089s] -- Symlinking: /home/rastic-smartcity/ros2_ws/install/examples_rclcpp_minimal_subscriber/share/examples_rclcpp_minimal_subscriber/package.dsv
[2.096s] -- Up-to-date symlink: /home/rastic-smartcity/ros2_ws/install/examples_rclcpp_minimal_subscriber/share/ament_index/resource_index/packages/examples_rclcpp_minimal_subscriber
[2.097s] -- Up-to-date symlink: /home/rastic-smartcity/ros2_ws/install/examples_rclcpp_minimal_subscriber/share/examples_rclcpp_minimal_subscriber/cmake/examples_rclcpp_minimal_subscriberConfig.cmake
[2.097s] -- Up-to-date symlink: /home/rastic-smartcity/ros2_ws/install/examples_rclcpp_minimal_subscriber/share/examples_rclcpp_minimal_subscriber/cmake/examples_rclcpp_minimal_subscriberConfig-version.cmake
[2.098s] -- Up-to-date symlink: /home/rastic-smartcity/ros2_ws/install/examples_rclcpp_minimal_subscriber/share/examples_rclcpp_minimal_subscriber/package.xml
[2.175s] Invoked command in '/home/rastic-smartcity/ros2_ws/build/examples_rclcpp_minimal_subscriber' returned '0': CMAKE_PREFIX_PATH=${CMAKE_PREFIX_PATH}:/home/rastic-smartcity/ros2_ws/install/turtle_demo_controller:/home/rastic-smartcity/ros2_ws/install/Rastic_seminar_Python:/home/rastic-smartcity/ros2_ws/install/Rastic_seminar_python:/opt/ros/foxy /usr/bin/cmake --install /home/rastic-smartcity/ros2_ws/build/examples_rclcpp_minimal_subscriber
