[1.867s] Invoking command in '/home/rastic-smartcity/ros2_ws/build/turtle_demo_controller': CMAKE_PREFIX_PATH=/home/rastic-smartcity/ros2_ws/install/turtlesim:/home/rastic-smartcity/ros2_ws/install/my_package:/home/rastic-smartcity/ros2_ws/install/Rastic_seminar PYTHONPATH=/home/rastic-smartcity/ros2_ws/build/turtle_demo_controller/prefix_override:/usr/lib/python3/dist-packages/colcon_core/task/python/colcon_distutils_commands:/home/rastic-smartcity/ros2_ws/install/turtle_demo_controller/lib/python3.8/site-packages:/home/rastic-smartcity/ros2_ws/install/turtlesim/lib/python3.8/site-packages:/home/rastic-smartcity/ros2_ws/install/turtle_demo_controller/lib/python3.8/site-packages:/home/rastic-smartcity/ros2_ws/install/my_package/lib/python3.8/site-packages:/home/rastic-smartcity/ros2_ws/install/Rastic_seminar_Python/lib/python3.8/site-packages:/home/rastic-smartcity/ros2_ws/install/Rastic_seminar_python/lib/python3.8/site-packages:/opt/ros/foxy/lib/python3.8/site-packages /usr/bin/python3 -W ignore:setup.py install is deprecated setup.py develop --editable --build-directory /home/rastic-smartcity/ros2_ws/build/turtle_demo_controller/build --no-deps symlink_data --force
[2.348s] running develop
[2.590s] running egg_info
[2.591s] writing turtle_demo_controller.egg-info/PKG-INFO
[2.591s] writing dependency_links to turtle_demo_controller.egg-info/dependency_links.txt
[2.591s] writing entry points to turtle_demo_controller.egg-info/entry_points.txt
[2.591s] writing requirements to turtle_demo_controller.egg-info/requires.txt
[2.591s] writing top-level names to turtle_demo_controller.egg-info/top_level.txt
[2.627s] reading manifest file 'turtle_demo_controller.egg-info/SOURCES.txt'
[2.628s] writing manifest file 'turtle_demo_controller.egg-info/SOURCES.txt'
[2.664s] running build_ext
[2.664s] Creating /home/rastic-smartcity/ros2_ws/install/turtle_demo_controller/lib/python3.8/site-packages/site.py
[2.666s] Creating /home/rastic-smartcity/ros2_ws/install/turtle_demo_controller/lib/python3.8/site-packages/turtle-demo-controller.egg-link (link to .)
[2.667s] Installing turt_controller script to /home/rastic-smartcity/ros2_ws/install/turtle_demo_controller/lib/turtle_demo_controller
[2.667s] 
[2.667s] Installed /home/rastic-smartcity/ros2_ws/build/turtle_demo_controller
[2.667s] running symlink_data
[2.667s] symbolically linking /home/rastic-smartcity/ros2_ws/build/turtle_demo_controller/resource/turtle_demo_controller -> /home/rastic-smartcity/ros2_ws/install/turtle_demo_controller/share/ament_index/resource_index/packages
[2.667s] symbolically linking /home/rastic-smartcity/ros2_ws/build/turtle_demo_controller/package.xml -> /home/rastic-smartcity/ros2_ws/install/turtle_demo_controller/share/turtle_demo_controller
[2.705s] Invoked command in '/home/rastic-smartcity/ros2_ws/build/turtle_demo_controller' returned '0': CMAKE_PREFIX_PATH=/home/rastic-smartcity/ros2_ws/install/turtlesim:/home/rastic-smartcity/ros2_ws/install/my_package:/home/rastic-smartcity/ros2_ws/install/Rastic_seminar PYTHONPATH=/home/rastic-smartcity/ros2_ws/build/turtle_demo_controller/prefix_override:/usr/lib/python3/dist-packages/colcon_core/task/python/colcon_distutils_commands:/home/rastic-smartcity/ros2_ws/install/turtle_demo_controller/lib/python3.8/site-packages:/home/rastic-smartcity/ros2_ws/install/turtlesim/lib/python3.8/site-packages:/home/rastic-smartcity/ros2_ws/install/turtle_demo_controller/lib/python3.8/site-packages:/home/rastic-smartcity/ros2_ws/install/my_package/lib/python3.8/site-packages:/home/rastic-smartcity/ros2_ws/install/Rastic_seminar_Python/lib/python3.8/site-packages:/home/rastic-smartcity/ros2_ws/install/Rastic_seminar_python/lib/python3.8/site-packages:/opt/ros/foxy/lib/python3.8/site-packages /usr/bin/python3 -W ignore:setup.py install is deprecated setup.py develop --editable --build-directory /home/rastic-smartcity/ros2_ws/build/turtle_demo_controller/build --no-deps symlink_data --force
