[2.280s] Invoking command in '/home/rastic-smartcity/ros2_ws/build/examples_rclpy_minimal_service': PYTHONPATH=/home/rastic-smartcity/ros2_ws/build/examples_rclpy_minimal_service/prefix_override:/usr/lib/python3/dist-packages/colcon_core/task/python/colcon_distutils_commands:/home/rastic-smartcity/ros2_ws/install/examples_rclpy_minimal_service/lib/python3.8/site-packages:${PYTHONPATH} /usr/bin/python3 -W ignore:setup.py install is deprecated setup.py develop --uninstall --editable --build-directory /home/rastic-smartcity/ros2_ws/build/examples_rclpy_minimal_service/build
[2.690s] running develop
[2.830s] Removing /home/rastic-smartcity/ros2_ws/install/examples_rclpy_minimal_service/lib/python3.8/site-packages/examples-rclpy-minimal-service.egg-link (link to .)
[2.861s] Invoked command in '/home/rastic-smartcity/ros2_ws/build/examples_rclpy_minimal_service' returned '0': PYTHONPATH=/home/rastic-smartcity/ros2_ws/build/examples_rclpy_minimal_service/prefix_override:/usr/lib/python3/dist-packages/colcon_core/task/python/colcon_distutils_commands:/home/rastic-smartcity/ros2_ws/install/examples_rclpy_minimal_service/lib/python3.8/site-packages:${PYTHONPATH} /usr/bin/python3 -W ignore:setup.py install is deprecated setup.py develop --uninstall --editable --build-directory /home/rastic-smartcity/ros2_ws/build/examples_rclpy_minimal_service/build
[2.867s] Invoking command in '/home/rastic-smartcity/ros2_ws/src/examples/rclpy/services/minimal_service': PYTHONPATH=/home/rastic-smartcity/ros2_ws/build/examples_rclpy_minimal_service/prefix_override:/usr/lib/python3/dist-packages/colcon_core/task/python/colcon_distutils_commands:/home/rastic-smartcity/ros2_ws/install/examples_rclpy_minimal_service/lib/python3.8/site-packages:${PYTHONPATH} /usr/bin/python3 -W ignore:setup.py install is deprecated setup.py egg_info --egg-base ../../../../../build/examples_rclpy_minimal_service build --build-base /home/rastic-smartcity/ros2_ws/build/examples_rclpy_minimal_service/build install --record /home/rastic-smartcity/ros2_ws/build/examples_rclpy_minimal_service/install.log --install-scripts $base/lib/examples_rclpy_minimal_service --single-version-externally-managed install_data --force
[3.121s] running egg_info
[3.122s] writing ../../../../../build/examples_rclpy_minimal_service/examples_rclpy_minimal_service.egg-info/PKG-INFO
[3.122s] writing dependency_links to ../../../../../build/examples_rclpy_minimal_service/examples_rclpy_minimal_service.egg-info/dependency_links.txt
[3.122s] writing entry points to ../../../../../build/examples_rclpy_minimal_service/examples_rclpy_minimal_service.egg-info/entry_points.txt
[3.122s] writing requirements to ../../../../../build/examples_rclpy_minimal_service/examples_rclpy_minimal_service.egg-info/requires.txt
[3.123s] writing top-level names to ../../../../../build/examples_rclpy_minimal_service/examples_rclpy_minimal_service.egg-info/top_level.txt
[3.161s] reading manifest file '../../../../../build/examples_rclpy_minimal_service/examples_rclpy_minimal_service.egg-info/SOURCES.txt'
[3.161s] writing manifest file '../../../../../build/examples_rclpy_minimal_service/examples_rclpy_minimal_service.egg-info/SOURCES.txt'
[3.162s] running build
[3.162s] running build_py
[3.162s] creating /home/rastic-smartcity/ros2_ws/build/examples_rclpy_minimal_service/build
[3.162s] creating /home/rastic-smartcity/ros2_ws/build/examples_rclpy_minimal_service/build/lib
[3.162s] creating /home/rastic-smartcity/ros2_ws/build/examples_rclpy_minimal_service/build/lib/examples_rclpy_minimal_service
[3.162s] copying examples_rclpy_minimal_service/service_member_function.py -> /home/rastic-smartcity/ros2_ws/build/examples_rclpy_minimal_service/build/lib/examples_rclpy_minimal_service
[3.163s] copying examples_rclpy_minimal_service/__init__.py -> /home/rastic-smartcity/ros2_ws/build/examples_rclpy_minimal_service/build/lib/examples_rclpy_minimal_service
[3.163s] copying examples_rclpy_minimal_service/service.py -> /home/rastic-smartcity/ros2_ws/build/examples_rclpy_minimal_service/build/lib/examples_rclpy_minimal_service
[3.163s] running install
[3.163s] running install_lib
[3.164s] creating /home/rastic-smartcity/ros2_ws/install/examples_rclpy_minimal_service/lib/python3.8/site-packages/examples_rclpy_minimal_service
[3.164s] copying /home/rastic-smartcity/ros2_ws/build/examples_rclpy_minimal_service/build/lib/examples_rclpy_minimal_service/service_member_function.py -> /home/rastic-smartcity/ros2_ws/install/examples_rclpy_minimal_service/lib/python3.8/site-packages/examples_rclpy_minimal_service
[3.164s] copying /home/rastic-smartcity/ros2_ws/build/examples_rclpy_minimal_service/build/lib/examples_rclpy_minimal_service/__init__.py -> /home/rastic-smartcity/ros2_ws/install/examples_rclpy_minimal_service/lib/python3.8/site-packages/examples_rclpy_minimal_service
[3.164s] copying /home/rastic-smartcity/ros2_ws/build/examples_rclpy_minimal_service/build/lib/examples_rclpy_minimal_service/service.py -> /home/rastic-smartcity/ros2_ws/install/examples_rclpy_minimal_service/lib/python3.8/site-packages/examples_rclpy_minimal_service
[3.165s] byte-compiling /home/rastic-smartcity/ros2_ws/install/examples_rclpy_minimal_service/lib/python3.8/site-packages/examples_rclpy_minimal_service/service_member_function.py to service_member_function.cpython-38.pyc
[3.166s] byte-compiling /home/rastic-smartcity/ros2_ws/install/examples_rclpy_minimal_service/lib/python3.8/site-packages/examples_rclpy_minimal_service/__init__.py to __init__.cpython-38.pyc
[3.167s] byte-compiling /home/rastic-smartcity/ros2_ws/install/examples_rclpy_minimal_service/lib/python3.8/site-packages/examples_rclpy_minimal_service/service.py to service.cpython-38.pyc
[3.167s] running install_data
[3.167s] copying resource/examples_rclpy_minimal_service -> /home/rastic-smartcity/ros2_ws/install/examples_rclpy_minimal_service/share/ament_index/resource_index/packages
[3.167s] copying package.xml -> /home/rastic-smartcity/ros2_ws/install/examples_rclpy_minimal_service/share/examples_rclpy_minimal_service
[3.167s] running install_egg_info
[3.169s] Copying ../../../../../build/examples_rclpy_minimal_service/examples_rclpy_minimal_service.egg-info to /home/rastic-smartcity/ros2_ws/install/examples_rclpy_minimal_service/lib/python3.8/site-packages/examples_rclpy_minimal_service-0.9.4-py3.8.egg-info
[3.170s] running install_scripts
[3.191s] Installing service script to /home/rastic-smartcity/ros2_ws/install/examples_rclpy_minimal_service/lib/examples_rclpy_minimal_service
[3.192s] Installing service_member_function script to /home/rastic-smartcity/ros2_ws/install/examples_rclpy_minimal_service/lib/examples_rclpy_minimal_service
[3.192s] writing list of installed files to '/home/rastic-smartcity/ros2_ws/build/examples_rclpy_minimal_service/install.log'
[3.217s] Invoked command in '/home/rastic-smartcity/ros2_ws/src/examples/rclpy/services/minimal_service' returned '0': PYTHONPATH=/home/rastic-smartcity/ros2_ws/build/examples_rclpy_minimal_service/prefix_override:/usr/lib/python3/dist-packages/colcon_core/task/python/colcon_distutils_commands:/home/rastic-smartcity/ros2_ws/install/examples_rclpy_minimal_service/lib/python3.8/site-packages:${PYTHONPATH} /usr/bin/python3 -W ignore:setup.py install is deprecated setup.py egg_info --egg-base ../../../../../build/examples_rclpy_minimal_service build --build-base /home/rastic-smartcity/ros2_ws/build/examples_rclpy_minimal_service/build install --record /home/rastic-smartcity/ros2_ws/build/examples_rclpy_minimal_service/install.log --install-scripts $base/lib/examples_rclpy_minimal_service --single-version-externally-managed install_data --force
