[0.021s] Invoking command in '/home/rastic-smartcity/ros2_ws/build/my_package': CMAKE_PREFIX_PATH=${CMAKE_PREFIX_PATH}:/home/rastic-smartcity/ros2_ws/install/Rastic_seminar_Python:/home/rastic-smartcity/ros2_ws/install/Rastic_seminar_python:/opt/ros/foxy /usr/bin/cmake --build /home/rastic-smartcity/ros2_ws/build/my_package -- -j12 -l12
[0.068s] [100%] Built target my_node
[0.079s] Invoked command in '/home/rastic-smartcity/ros2_ws/build/my_package' returned '0': CMAKE_PREFIX_PATH=${CMAKE_PREFIX_PATH}:/home/rastic-smartcity/ros2_ws/install/Rastic_seminar_Python:/home/rastic-smartcity/ros2_ws/install/Rastic_seminar_python:/opt/ros/foxy /usr/bin/cmake --build /home/rastic-smartcity/ros2_ws/build/my_package -- -j12 -l12
[0.122s] Invoking command in '/home/rastic-smartcity/ros2_ws/build/my_package': CMAKE_PREFIX_PATH=${CMAKE_PREFIX_PATH}:/home/rastic-smartcity/ros2_ws/install/Rastic_seminar_Python:/home/rastic-smartcity/ros2_ws/install/Rastic_seminar_python:/opt/ros/foxy /usr/bin/cmake --install /home/rastic-smartcity/ros2_ws/build/my_package
[0.136s] -- Install configuration: ""
[0.136s] -- Up-to-date: /home/rastic-smartcity/ros2_ws/install/my_package/lib/my_package/my_node
[0.137s] -- Up-to-date: /home/rastic-smartcity/ros2_ws/install/my_package/share/ament_index/resource_index/package_run_dependencies/my_package
[0.137s] -- Up-to-date: /home/rastic-smartcity/ros2_ws/install/my_package/share/ament_index/resource_index/parent_prefix_path/my_package
[0.138s] -- Up-to-date: /home/rastic-smartcity/ros2_ws/install/my_package/share/my_package/environment/ament_prefix_path.sh
[0.138s] -- Up-to-date: /home/rastic-smartcity/ros2_ws/install/my_package/share/my_package/environment/ament_prefix_path.dsv
[0.138s] -- Up-to-date: /home/rastic-smartcity/ros2_ws/install/my_package/share/my_package/environment/path.sh
[0.138s] -- Up-to-date: /home/rastic-smartcity/ros2_ws/install/my_package/share/my_package/environment/path.dsv
[0.138s] -- Up-to-date: /home/rastic-smartcity/ros2_ws/install/my_package/share/my_package/local_setup.bash
[0.138s] -- Up-to-date: /home/rastic-smartcity/ros2_ws/install/my_package/share/my_package/local_setup.sh
[0.138s] -- Up-to-date: /home/rastic-smartcity/ros2_ws/install/my_package/share/my_package/local_setup.zsh
[0.139s] -- Up-to-date: /home/rastic-smartcity/ros2_ws/install/my_package/share/my_package/local_setup.dsv
[0.139s] -- Up-to-date: /home/rastic-smartcity/ros2_ws/install/my_package/share/my_package/package.dsv
[0.139s] -- Up-to-date: /home/rastic-smartcity/ros2_ws/install/my_package/share/ament_index/resource_index/packages/my_package
[0.139s] -- Up-to-date: /home/rastic-smartcity/ros2_ws/install/my_package/share/my_package/cmake/my_packageConfig.cmake
[0.139s] -- Up-to-date: /home/rastic-smartcity/ros2_ws/install/my_package/share/my_package/cmake/my_packageConfig-version.cmake
[0.139s] -- Up-to-date: /home/rastic-smartcity/ros2_ws/install/my_package/share/my_package/package.xml
[0.141s] Invoked command in '/home/rastic-smartcity/ros2_ws/build/my_package' returned '0': CMAKE_PREFIX_PATH=${CMAKE_PREFIX_PATH}:/home/rastic-smartcity/ros2_ws/install/Rastic_seminar_Python:/home/rastic-smartcity/ros2_ws/install/Rastic_seminar_python:/opt/ros/foxy /usr/bin/cmake --install /home/rastic-smartcity/ros2_ws/build/my_package
