[1.611s] Invoking command in '/home/rastic-smartcity/ros2_ws/build/examples_rclpy_minimal_action_client': PYTHONPATH=/home/rastic-smartcity/ros2_ws/build/examples_rclpy_minimal_action_client/prefix_override:/usr/lib/python3/dist-packages/colcon_core/task/python/colcon_distutils_commands:/home/rastic-smartcity/ros2_ws/install/examples_rclpy_minimal_action_client/lib/python3.8/site-packages:${PYTHONPATH} /usr/bin/python3 -W ignore:setup.py install is deprecated setup.py develop --editable --build-directory /home/rastic-smartcity/ros2_ws/build/examples_rclpy_minimal_action_client/build --no-deps symlink_data
[3.359s] running develop
[3.361s] running egg_info
[3.361s] creating examples_rclpy_minimal_action_client.egg-info
[3.361s] writing examples_rclpy_minimal_action_client.egg-info/PKG-INFO
[3.361s] writing dependency_links to examples_rclpy_minimal_action_client.egg-info/dependency_links.txt
[3.361s] writing entry points to examples_rclpy_minimal_action_client.egg-info/entry_points.txt
[3.361s] writing requirements to examples_rclpy_minimal_action_client.egg-info/requires.txt
[3.362s] writing top-level names to examples_rclpy_minimal_action_client.egg-info/top_level.txt
[3.362s] writing manifest file 'examples_rclpy_minimal_action_client.egg-info/SOURCES.txt'
[3.362s] reading manifest file 'examples_rclpy_minimal_action_client.egg-info/SOURCES.txt'
[3.362s] writing manifest file 'examples_rclpy_minimal_action_client.egg-info/SOURCES.txt'
[3.362s] running build_ext
[3.362s] Creating /home/rastic-smartcity/ros2_ws/install/examples_rclpy_minimal_action_client/lib/python3.8/site-packages/site.py
[3.362s] Creating /home/rastic-smartcity/ros2_ws/install/examples_rclpy_minimal_action_client/lib/python3.8/site-packages/examples-rclpy-minimal-action-client.egg-link (link to .)
[3.362s] Installing client script to /home/rastic-smartcity/ros2_ws/install/examples_rclpy_minimal_action_client/lib/examples_rclpy_minimal_action_client
[3.362s] Installing client_cancel script to /home/rastic-smartcity/ros2_ws/install/examples_rclpy_minimal_action_client/lib/examples_rclpy_minimal_action_client
[3.362s] Installing client_not_composable script to /home/rastic-smartcity/ros2_ws/install/examples_rclpy_minimal_action_client/lib/examples_rclpy_minimal_action_client
[3.362s] 
[3.363s] Installed /home/rastic-smartcity/ros2_ws/build/examples_rclpy_minimal_action_client
[3.363s] running symlink_data
[3.363s] creating /home/rastic-smartcity/ros2_ws/install/examples_rclpy_minimal_action_client/share/ament_index
[3.363s] creating /home/rastic-smartcity/ros2_ws/install/examples_rclpy_minimal_action_client/share/ament_index/resource_index
[3.363s] creating /home/rastic-smartcity/ros2_ws/install/examples_rclpy_minimal_action_client/share/ament_index/resource_index/packages
[3.363s] symbolically linking /home/rastic-smartcity/ros2_ws/build/examples_rclpy_minimal_action_client/resource/examples_rclpy_minimal_action_client -> /home/rastic-smartcity/ros2_ws/install/examples_rclpy_minimal_action_client/share/ament_index/resource_index/packages
[3.363s] symbolically linking /home/rastic-smartcity/ros2_ws/build/examples_rclpy_minimal_action_client/package.xml -> /home/rastic-smartcity/ros2_ws/install/examples_rclpy_minimal_action_client/share/examples_rclpy_minimal_action_client
[3.400s] Invoked command in '/home/rastic-smartcity/ros2_ws/build/examples_rclpy_minimal_action_client' returned '0': PYTHONPATH=/home/rastic-smartcity/ros2_ws/build/examples_rclpy_minimal_action_client/prefix_override:/usr/lib/python3/dist-packages/colcon_core/task/python/colcon_distutils_commands:/home/rastic-smartcity/ros2_ws/install/examples_rclpy_minimal_action_client/lib/python3.8/site-packages:${PYTHONPATH} /usr/bin/python3 -W ignore:setup.py install is deprecated setup.py develop --editable --build-directory /home/rastic-smartcity/ros2_ws/build/examples_rclpy_minimal_action_client/build --no-deps symlink_data
