[0.024s] Invoking command in '/home/rastic-smartcity/ros2_ws/build/turtlesim': CMAKE_PREFIX_PATH=${CMAKE_PREFIX_PATH}:/home/rastic-smartcity/ros2_ws/install/Rastic_seminar_Python:/home/rastic-smartcity/ros2_ws/install/Rastic_seminar_python:/opt/ros/foxy /usr/bin/cmake --build /home/rastic-smartcity/ros2_ws/build/turtlesim -- -j12 -l12
[0.077s] [  1%] Built target turtlesim__cpp
[0.097s] [ 11%] Built target turtlesim__rosidl_generator_c
[0.102s] [ 21%] Built target turtlesim__rosidl_typesupport_cpp
[0.120s] [ 31%] Built target turtlesim__rosidl_typesupport_introspection_cpp
[0.126s] [ 41%] Built target turtlesim__rosidl_typesupport_introspection_c
[0.129s] [ 51%] Built target turtlesim__rosidl_typesupport_fastrtps_cpp
[0.132s] [ 61%] Built target turtlesim__rosidl_typesupport_c
[0.163s] [ 71%] Built target turtlesim__rosidl_typesupport_fastrtps_c
[0.185s] [ 71%] Built target turtlesim
[0.217s] [ 73%] Built target mimic
[0.221s] [ 74%] Built target turtlesim__py
[0.239s] [ 76%] Built target draw_square
[0.240s] [ 78%] Built target turtle_teleop_key
[0.247s] [ 84%] Built target turtlesim_node
[0.266s] [ 93%] Built target turtlesim__python
[0.294s] [ 95%] Built target turtlesim__rosidl_typesupport_c__pyext
[0.297s] [ 97%] Built target turtlesim__rosidl_typesupport_introspection_c__pyext
[0.306s] [100%] Built target turtlesim__rosidl_typesupport_fastrtps_c__pyext
[0.319s] Invoked command in '/home/rastic-smartcity/ros2_ws/build/turtlesim' returned '0': CMAKE_PREFIX_PATH=${CMAKE_PREFIX_PATH}:/home/rastic-smartcity/ros2_ws/install/Rastic_seminar_Python:/home/rastic-smartcity/ros2_ws/install/Rastic_seminar_python:/opt/ros/foxy /usr/bin/cmake --build /home/rastic-smartcity/ros2_ws/build/turtlesim -- -j12 -l12
[0.479s] Invoking command in '/home/rastic-smartcity/ros2_ws/build/turtlesim': CMAKE_PREFIX_PATH=${CMAKE_PREFIX_PATH}:/home/rastic-smartcity/ros2_ws/install/Rastic_seminar_Python:/home/rastic-smartcity/ros2_ws/install/Rastic_seminar_python:/opt/ros/foxy /usr/bin/cmake --install /home/rastic-smartcity/ros2_ws/build/turtlesim
[0.490s] -- Install configuration: ""
[0.491s] -- Execute custom install script
[0.491s] -- Up-to-date symlink: /home/rastic-smartcity/ros2_ws/install/turtlesim/share/ament_index/resource_index/rosidl_interfaces/turtlesim
[0.492s] -- Up-to-date symlink: /home/rastic-smartcity/ros2_ws/install/turtlesim/include/turtlesim/action/detail/rotate_absolute__functions.h
[0.493s] -- Up-to-date symlink: /home/rastic-smartcity/ros2_ws/install/turtlesim/include/turtlesim/action/detail/rotate_absolute__struct.h
[0.493s] -- Up-to-date symlink: /home/rastic-smartcity/ros2_ws/install/turtlesim/include/turtlesim/action/detail/rotate_absolute__type_support.h
[0.493s] -- Up-to-date symlink: /home/rastic-smartcity/ros2_ws/install/turtlesim/include/turtlesim/action/rotate_absolute.h
[0.493s] -- Up-to-date symlink: /home/rastic-smartcity/ros2_ws/install/turtlesim/include/turtlesim/msg/color.h
[0.493s] -- Up-to-date symlink: /home/rastic-smartcity/ros2_ws/install/turtlesim/include/turtlesim/msg/detail/color__functions.h
[0.494s] -- Up-to-date symlink: /home/rastic-smartcity/ros2_ws/install/turtlesim/include/turtlesim/msg/detail/color__struct.h
[0.494s] -- Up-to-date symlink: /home/rastic-smartcity/ros2_ws/install/turtlesim/include/turtlesim/msg/detail/color__type_support.h
[0.494s] -- Up-to-date symlink: /home/rastic-smartcity/ros2_ws/install/turtlesim/include/turtlesim/msg/detail/pose__functions.h
[0.494s] -- Up-to-date symlink: /home/rastic-smartcity/ros2_ws/install/turtlesim/include/turtlesim/msg/detail/pose__struct.h
[0.494s] -- Up-to-date symlink: /home/rastic-smartcity/ros2_ws/install/turtlesim/include/turtlesim/msg/detail/pose__type_support.h
[0.494s] -- Up-to-date symlink: /home/rastic-smartcity/ros2_ws/install/turtlesim/include/turtlesim/msg/pose.h
[0.495s] -- Up-to-date symlink: /home/rastic-smartcity/ros2_ws/install/turtlesim/include/turtlesim/msg/rosidl_generator_c__visibility_control.h
[0.495s] -- Up-to-date symlink: /home/rastic-smartcity/ros2_ws/install/turtlesim/include/turtlesim/srv/detail/kill__functions.h
[0.495s] -- Up-to-date symlink: /home/rastic-smartcity/ros2_ws/install/turtlesim/include/turtlesim/srv/detail/kill__struct.h
[0.495s] -- Up-to-date symlink: /home/rastic-smartcity/ros2_ws/install/turtlesim/include/turtlesim/srv/detail/kill__type_support.h
[0.495s] -- Up-to-date symlink: /home/rastic-smartcity/ros2_ws/install/turtlesim/include/turtlesim/srv/detail/set_pen__functions.h
[0.495s] -- Up-to-date symlink: /home/rastic-smartcity/ros2_ws/install/turtlesim/include/turtlesim/srv/detail/set_pen__struct.h
[0.495s] -- Up-to-date symlink: /home/rastic-smartcity/ros2_ws/install/turtlesim/include/turtlesim/srv/detail/set_pen__type_support.h
[0.496s] -- Up-to-date symlink: /home/rastic-smartcity/ros2_ws/install/turtlesim/include/turtlesim/srv/detail/spawn__functions.h
[0.496s] -- Up-to-date symlink: /home/rastic-smartcity/ros2_ws/install/turtlesim/include/turtlesim/srv/detail/spawn__struct.h
[0.496s] -- Up-to-date symlink: /home/rastic-smartcity/ros2_ws/install/turtlesim/include/turtlesim/srv/detail/spawn__type_support.h
[0.496s] -- Up-to-date symlink: /home/rastic-smartcity/ros2_ws/install/turtlesim/include/turtlesim/srv/detail/teleport_absolute__functions.h
[0.496s] -- Up-to-date symlink: /home/rastic-smartcity/ros2_ws/install/turtlesim/include/turtlesim/srv/detail/teleport_absolute__struct.h
[0.496s] -- Up-to-date symlink: /home/rastic-smartcity/ros2_ws/install/turtlesim/include/turtlesim/srv/detail/teleport_absolute__type_support.h
[0.497s] -- Up-to-date symlink: /home/rastic-smartcity/ros2_ws/install/turtlesim/include/turtlesim/srv/detail/teleport_relative__functions.h
[0.497s] -- Up-to-date symlink: /home/rastic-smartcity/ros2_ws/install/turtlesim/include/turtlesim/srv/detail/teleport_relative__struct.h
[0.497s] -- Up-to-date symlink: /home/rastic-smartcity/ros2_ws/install/turtlesim/include/turtlesim/srv/detail/teleport_relative__type_support.h
[0.497s] -- Up-to-date symlink: /home/rastic-smartcity/ros2_ws/install/turtlesim/include/turtlesim/srv/kill.h
[0.497s] -- Up-to-date symlink: /home/rastic-smartcity/ros2_ws/install/turtlesim/include/turtlesim/srv/set_pen.h
[0.497s] -- Up-to-date symlink: /home/rastic-smartcity/ros2_ws/install/turtlesim/include/turtlesim/srv/spawn.h
[0.497s] -- Up-to-date symlink: /home/rastic-smartcity/ros2_ws/install/turtlesim/include/turtlesim/srv/teleport_absolute.h
[0.497s] -- Up-to-date symlink: /home/rastic-smartcity/ros2_ws/install/turtlesim/include/turtlesim/srv/teleport_relative.h
[0.498s] -- Up-to-date symlink: /home/rastic-smartcity/ros2_ws/install/turtlesim/share/turtlesim/environment/library_path.sh
[0.498s] -- Up-to-date symlink: /home/rastic-smartcity/ros2_ws/install/turtlesim/share/turtlesim/environment/library_path.dsv
[0.498s] -- Up-to-date symlink: /home/rastic-smartcity/ros2_ws/install/turtlesim/include/turtlesim/action/detail/rotate_absolute__rosidl_typesupport_fastrtps_c.h
[0.498s] -- Up-to-date symlink: /home/rastic-smartcity/ros2_ws/install/turtlesim/include/turtlesim/msg/detail/color__rosidl_typesupport_fastrtps_c.h
[0.498s] -- Up-to-date symlink: /home/rastic-smartcity/ros2_ws/install/turtlesim/include/turtlesim/msg/detail/pose__rosidl_typesupport_fastrtps_c.h
[0.498s] -- Up-to-date symlink: /home/rastic-smartcity/ros2_ws/install/turtlesim/include/turtlesim/msg/rosidl_typesupport_fastrtps_c__visibility_control.h
[0.498s] -- Up-to-date symlink: /home/rastic-smartcity/ros2_ws/install/turtlesim/include/turtlesim/srv/detail/kill__rosidl_typesupport_fastrtps_c.h
[0.499s] -- Up-to-date symlink: /home/rastic-smartcity/ros2_ws/install/turtlesim/include/turtlesim/srv/detail/set_pen__rosidl_typesupport_fastrtps_c.h
[0.499s] -- Up-to-date symlink: /home/rastic-smartcity/ros2_ws/install/turtlesim/include/turtlesim/srv/detail/spawn__rosidl_typesupport_fastrtps_c.h
[0.499s] -- Up-to-date symlink: /home/rastic-smartcity/ros2_ws/install/turtlesim/include/turtlesim/srv/detail/teleport_absolute__rosidl_typesupport_fastrtps_c.h
[0.499s] -- Up-to-date symlink: /home/rastic-smartcity/ros2_ws/install/turtlesim/include/turtlesim/srv/detail/teleport_relative__rosidl_typesupport_fastrtps_c.h
[0.500s] -- Up-to-date symlink: /home/rastic-smartcity/ros2_ws/install/turtlesim/lib/libturtlesim__rosidl_typesupport_fastrtps_c.so
[0.500s] -- Up-to-date symlink: /home/rastic-smartcity/ros2_ws/install/turtlesim/include/turtlesim/action/detail/rotate_absolute__rosidl_typesupport_fastrtps_cpp.hpp
[0.501s] -- Up-to-date symlink: /home/rastic-smartcity/ros2_ws/install/turtlesim/include/turtlesim/msg/detail/color__rosidl_typesupport_fastrtps_cpp.hpp
[0.501s] -- Up-to-date symlink: /home/rastic-smartcity/ros2_ws/install/turtlesim/include/turtlesim/msg/detail/pose__rosidl_typesupport_fastrtps_cpp.hpp
[0.501s] -- Up-to-date symlink: /home/rastic-smartcity/ros2_ws/install/turtlesim/include/turtlesim/msg/rosidl_typesupport_fastrtps_cpp__visibility_control.h
[0.501s] -- Up-to-date symlink: /home/rastic-smartcity/ros2_ws/install/turtlesim/include/turtlesim/srv/detail/kill__rosidl_typesupport_fastrtps_cpp.hpp
[0.501s] -- Up-to-date symlink: /home/rastic-smartcity/ros2_ws/install/turtlesim/include/turtlesim/srv/detail/set_pen__rosidl_typesupport_fastrtps_cpp.hpp
[0.501s] -- Up-to-date symlink: /home/rastic-smartcity/ros2_ws/install/turtlesim/include/turtlesim/srv/detail/spawn__rosidl_typesupport_fastrtps_cpp.hpp
[0.501s] -- Up-to-date symlink: /home/rastic-smartcity/ros2_ws/install/turtlesim/include/turtlesim/srv/detail/teleport_absolute__rosidl_typesupport_fastrtps_cpp.hpp
[0.502s] -- Up-to-date symlink: /home/rastic-smartcity/ros2_ws/install/turtlesim/include/turtlesim/srv/detail/teleport_relative__rosidl_typesupport_fastrtps_cpp.hpp
[0.502s] -- Up-to-date symlink: /home/rastic-smartcity/ros2_ws/install/turtlesim/lib/libturtlesim__rosidl_typesupport_fastrtps_cpp.so
[0.503s] -- Up-to-date symlink: /home/rastic-smartcity/ros2_ws/install/turtlesim/include/turtlesim/action/detail/rotate_absolute__rosidl_typesupport_introspection_c.h
[0.503s] -- Up-to-date symlink: /home/rastic-smartcity/ros2_ws/install/turtlesim/include/turtlesim/msg/detail/color__rosidl_typesupport_introspection_c.h
[0.503s] -- Up-to-date symlink: /home/rastic-smartcity/ros2_ws/install/turtlesim/include/turtlesim/msg/detail/pose__rosidl_typesupport_introspection_c.h
[0.503s] -- Up-to-date symlink: /home/rastic-smartcity/ros2_ws/install/turtlesim/include/turtlesim/msg/rosidl_typesupport_introspection_c__visibility_control.h
[0.503s] -- Up-to-date symlink: /home/rastic-smartcity/ros2_ws/install/turtlesim/include/turtlesim/srv/detail/kill__rosidl_typesupport_introspection_c.h
[0.504s] -- Up-to-date symlink: /home/rastic-smartcity/ros2_ws/install/turtlesim/include/turtlesim/srv/detail/set_pen__rosidl_typesupport_introspection_c.h
[0.504s] -- Up-to-date symlink: /home/rastic-smartcity/ros2_ws/install/turtlesim/include/turtlesim/srv/detail/spawn__rosidl_typesupport_introspection_c.h
[0.504s] -- Up-to-date symlink: /home/rastic-smartcity/ros2_ws/install/turtlesim/include/turtlesim/srv/detail/teleport_absolute__rosidl_typesupport_introspection_c.h
[0.504s] -- Up-to-date symlink: /home/rastic-smartcity/ros2_ws/install/turtlesim/include/turtlesim/srv/detail/teleport_relative__rosidl_typesupport_introspection_c.h
[0.505s] -- Up-to-date symlink: /home/rastic-smartcity/ros2_ws/install/turtlesim/include/turtlesim/action/detail/rotate_absolute__builder.hpp
[0.505s] -- Up-to-date symlink: /home/rastic-smartcity/ros2_ws/install/turtlesim/include/turtlesim/action/detail/rotate_absolute__struct.hpp
[0.505s] -- Up-to-date symlink: /home/rastic-smartcity/ros2_ws/install/turtlesim/include/turtlesim/action/detail/rotate_absolute__traits.hpp
[0.506s] -- Up-to-date symlink: /home/rastic-smartcity/ros2_ws/install/turtlesim/include/turtlesim/action/detail/rotate_absolute__type_support.hpp
[0.506s] -- Up-to-date symlink: /home/rastic-smartcity/ros2_ws/install/turtlesim/include/turtlesim/action/rotate_absolute.hpp
[0.506s] -- Up-to-date symlink: /home/rastic-smartcity/ros2_ws/install/turtlesim/include/turtlesim/msg/color.hpp
[0.506s] -- Up-to-date symlink: /home/rastic-smartcity/ros2_ws/install/turtlesim/include/turtlesim/msg/detail/color__builder.hpp
[0.506s] -- Up-to-date symlink: /home/rastic-smartcity/ros2_ws/install/turtlesim/include/turtlesim/msg/detail/color__struct.hpp
[0.506s] -- Up-to-date symlink: /home/rastic-smartcity/ros2_ws/install/turtlesim/include/turtlesim/msg/detail/color__traits.hpp
[0.506s] -- Up-to-date symlink: /home/rastic-smartcity/ros2_ws/install/turtlesim/include/turtlesim/msg/detail/color__type_support.hpp
[0.507s] -- Up-to-date symlink: /home/rastic-smartcity/ros2_ws/install/turtlesim/include/turtlesim/msg/detail/pose__builder.hpp
[0.507s] -- Up-to-date symlink: /home/rastic-smartcity/ros2_ws/install/turtlesim/include/turtlesim/msg/detail/pose__struct.hpp
[0.507s] -- Up-to-date symlink: /home/rastic-smartcity/ros2_ws/install/turtlesim/include/turtlesim/msg/detail/pose__traits.hpp
[0.507s] -- Up-to-date symlink: /home/rastic-smartcity/ros2_ws/install/turtlesim/include/turtlesim/msg/detail/pose__type_support.hpp
[0.507s] -- Up-to-date symlink: /home/rastic-smartcity/ros2_ws/install/turtlesim/include/turtlesim/msg/pose.hpp
[0.507s] -- Up-to-date symlink: /home/rastic-smartcity/ros2_ws/install/turtlesim/include/turtlesim/msg/rosidl_generator_cpp__visibility_control.hpp
[0.507s] -- Up-to-date symlink: /home/rastic-smartcity/ros2_ws/install/turtlesim/include/turtlesim/srv/detail/kill__builder.hpp
[0.508s] -- Up-to-date symlink: /home/rastic-smartcity/ros2_ws/install/turtlesim/include/turtlesim/srv/detail/kill__struct.hpp
[0.508s] -- Up-to-date symlink: /home/rastic-smartcity/ros2_ws/install/turtlesim/include/turtlesim/srv/detail/kill__traits.hpp
[0.508s] -- Up-to-date symlink: /home/rastic-smartcity/ros2_ws/install/turtlesim/include/turtlesim/srv/detail/kill__type_support.hpp
[0.508s] -- Up-to-date symlink: /home/rastic-smartcity/ros2_ws/install/turtlesim/include/turtlesim/srv/detail/set_pen__builder.hpp
[0.508s] -- Up-to-date symlink: /home/rastic-smartcity/ros2_ws/install/turtlesim/include/turtlesim/srv/detail/set_pen__struct.hpp
[0.508s] -- Up-to-date symlink: /home/rastic-smartcity/ros2_ws/install/turtlesim/include/turtlesim/srv/detail/set_pen__traits.hpp
[0.508s] -- Up-to-date symlink: /home/rastic-smartcity/ros2_ws/install/turtlesim/include/turtlesim/srv/detail/set_pen__type_support.hpp
[0.509s] -- Up-to-date symlink: /home/rastic-smartcity/ros2_ws/install/turtlesim/include/turtlesim/srv/detail/spawn__builder.hpp
[0.509s] -- Up-to-date symlink: /home/rastic-smartcity/ros2_ws/install/turtlesim/include/turtlesim/srv/detail/spawn__struct.hpp
[0.509s] -- Up-to-date symlink: /home/rastic-smartcity/ros2_ws/install/turtlesim/include/turtlesim/srv/detail/spawn__traits.hpp
[0.509s] -- Up-to-date symlink: /home/rastic-smartcity/ros2_ws/install/turtlesim/include/turtlesim/srv/detail/spawn__type_support.hpp
[0.509s] -- Up-to-date symlink: /home/rastic-smartcity/ros2_ws/install/turtlesim/include/turtlesim/srv/detail/teleport_absolute__builder.hpp
[0.509s] -- Up-to-date symlink: /home/rastic-smartcity/ros2_ws/install/turtlesim/include/turtlesim/srv/detail/teleport_absolute__struct.hpp
[0.509s] -- Up-to-date symlink: /home/rastic-smartcity/ros2_ws/install/turtlesim/include/turtlesim/srv/detail/teleport_absolute__traits.hpp
[0.510s] -- Up-to-date symlink: /home/rastic-smartcity/ros2_ws/install/turtlesim/include/turtlesim/srv/detail/teleport_absolute__type_support.hpp
[0.510s] -- Up-to-date symlink: /home/rastic-smartcity/ros2_ws/install/turtlesim/include/turtlesim/srv/detail/teleport_relative__builder.hpp
[0.510s] -- Up-to-date symlink: /home/rastic-smartcity/ros2_ws/install/turtlesim/include/turtlesim/srv/detail/teleport_relative__struct.hpp
[0.510s] -- Up-to-date symlink: /home/rastic-smartcity/ros2_ws/install/turtlesim/include/turtlesim/srv/detail/teleport_relative__traits.hpp
[0.510s] -- Up-to-date symlink: /home/rastic-smartcity/ros2_ws/install/turtlesim/include/turtlesim/srv/detail/teleport_relative__type_support.hpp
[0.510s] -- Up-to-date symlink: /home/rastic-smartcity/ros2_ws/install/turtlesim/include/turtlesim/srv/kill.hpp
[0.510s] -- Up-to-date symlink: /home/rastic-smartcity/ros2_ws/install/turtlesim/include/turtlesim/srv/set_pen.hpp
[0.511s] -- Up-to-date symlink: /home/rastic-smartcity/ros2_ws/install/turtlesim/include/turtlesim/srv/spawn.hpp
[0.511s] -- Up-to-date symlink: /home/rastic-smartcity/ros2_ws/install/turtlesim/include/turtlesim/srv/teleport_absolute.hpp
[0.511s] -- Up-to-date symlink: /home/rastic-smartcity/ros2_ws/install/turtlesim/include/turtlesim/srv/teleport_relative.hpp
[0.511s] -- Up-to-date symlink: /home/rastic-smartcity/ros2_ws/install/turtlesim/include/turtlesim/action/detail/rotate_absolute__rosidl_typesupport_introspection_cpp.hpp
[0.512s] -- Up-to-date symlink: /home/rastic-smartcity/ros2_ws/install/turtlesim/include/turtlesim/msg/detail/color__rosidl_typesupport_introspection_cpp.hpp
[0.512s] -- Up-to-date symlink: /home/rastic-smartcity/ros2_ws/install/turtlesim/include/turtlesim/msg/detail/pose__rosidl_typesupport_introspection_cpp.hpp
[0.512s] -- Up-to-date symlink: /home/rastic-smartcity/ros2_ws/install/turtlesim/include/turtlesim/srv/detail/kill__rosidl_typesupport_introspection_cpp.hpp
[0.512s] -- Up-to-date symlink: /home/rastic-smartcity/ros2_ws/install/turtlesim/include/turtlesim/srv/detail/set_pen__rosidl_typesupport_introspection_cpp.hpp
[0.512s] -- Up-to-date symlink: /home/rastic-smartcity/ros2_ws/install/turtlesim/include/turtlesim/srv/detail/spawn__rosidl_typesupport_introspection_cpp.hpp
[0.512s] -- Up-to-date symlink: /home/rastic-smartcity/ros2_ws/install/turtlesim/include/turtlesim/srv/detail/teleport_absolute__rosidl_typesupport_introspection_cpp.hpp
[0.513s] -- Up-to-date symlink: /home/rastic-smartcity/ros2_ws/install/turtlesim/include/turtlesim/srv/detail/teleport_relative__rosidl_typesupport_introspection_cpp.hpp
[0.513s] -- Up-to-date symlink: /home/rastic-smartcity/ros2_ws/install/turtlesim/share/turtlesim/environment/pythonpath.sh
[0.513s] -- Up-to-date symlink: /home/rastic-smartcity/ros2_ws/install/turtlesim/share/turtlesim/environment/pythonpath.dsv
[0.513s] -- Up-to-date symlink: /home/rastic-smartcity/ros2_ws/install/turtlesim/lib/python3.8/site-packages/turtlesim/__init__.py
[0.514s] -- Up-to-date symlink: /home/rastic-smartcity/ros2_ws/install/turtlesim/lib/python3.8/site-packages/turtlesim/action/__init__.py
[0.514s] -- Up-to-date symlink: /home/rastic-smartcity/ros2_ws/install/turtlesim/lib/python3.8/site-packages/turtlesim/action/_rotate_absolute.py
[0.514s] -- Up-to-date symlink: /home/rastic-smartcity/ros2_ws/install/turtlesim/lib/python3.8/site-packages/turtlesim/msg/__init__.py
[0.514s] -- Up-to-date symlink: /home/rastic-smartcity/ros2_ws/install/turtlesim/lib/python3.8/site-packages/turtlesim/msg/_color.py
[0.514s] -- Up-to-date symlink: /home/rastic-smartcity/ros2_ws/install/turtlesim/lib/python3.8/site-packages/turtlesim/msg/_pose.py
[0.515s] -- Up-to-date symlink: /home/rastic-smartcity/ros2_ws/install/turtlesim/lib/python3.8/site-packages/turtlesim/srv/__init__.py
[0.515s] -- Up-to-date symlink: /home/rastic-smartcity/ros2_ws/install/turtlesim/lib/python3.8/site-packages/turtlesim/srv/_kill.py
[0.515s] -- Up-to-date symlink: /home/rastic-smartcity/ros2_ws/install/turtlesim/lib/python3.8/site-packages/turtlesim/srv/_set_pen.py
[0.515s] -- Up-to-date symlink: /home/rastic-smartcity/ros2_ws/install/turtlesim/lib/python3.8/site-packages/turtlesim/srv/_spawn.py
[0.516s] -- Up-to-date symlink: /home/rastic-smartcity/ros2_ws/install/turtlesim/lib/python3.8/site-packages/turtlesim/srv/_teleport_absolute.py
[0.516s] -- Up-to-date symlink: /home/rastic-smartcity/ros2_ws/install/turtlesim/lib/python3.8/site-packages/turtlesim/srv/_teleport_relative.py
[0.516s] -- Up-to-date symlink: /home/rastic-smartcity/ros2_ws/install/turtlesim/lib/python3.8/site-packages/turtlesim/turtlesim_s__rosidl_typesupport_fastrtps_c.cpython-38-x86_64-linux-gnu.so
[0.517s] -- Up-to-date symlink: /home/rastic-smartcity/ros2_ws/install/turtlesim/lib/python3.8/site-packages/turtlesim/turtlesim_s__rosidl_typesupport_introspection_c.cpython-38-x86_64-linux-gnu.so
[0.517s] -- Up-to-date symlink: /home/rastic-smartcity/ros2_ws/install/turtlesim/lib/python3.8/site-packages/turtlesim/turtlesim_s__rosidl_typesupport_c.cpython-38-x86_64-linux-gnu.so
[0.517s] -- Up-to-date symlink: /home/rastic-smartcity/ros2_ws/install/turtlesim/lib/libturtlesim__python.so
[0.518s] -- Up-to-date symlink: /home/rastic-smartcity/ros2_ws/install/turtlesim/share/turtlesim/action/RotateAbsolute.idl
[0.518s] -- Up-to-date symlink: /home/rastic-smartcity/ros2_ws/install/turtlesim/share/turtlesim/msg/Color.idl
[0.518s] -- Up-to-date symlink: /home/rastic-smartcity/ros2_ws/install/turtlesim/share/turtlesim/msg/Pose.idl
[0.518s] -- Up-to-date symlink: /home/rastic-smartcity/ros2_ws/install/turtlesim/share/turtlesim/srv/Kill.idl
[0.519s] -- Up-to-date symlink: /home/rastic-smartcity/ros2_ws/install/turtlesim/share/turtlesim/srv/SetPen.idl
[0.519s] -- Up-to-date symlink: /home/rastic-smartcity/ros2_ws/install/turtlesim/share/turtlesim/srv/Spawn.idl
[0.519s] -- Up-to-date symlink: /home/rastic-smartcity/ros2_ws/install/turtlesim/share/turtlesim/srv/TeleportAbsolute.idl
[0.519s] -- Up-to-date symlink: /home/rastic-smartcity/ros2_ws/install/turtlesim/share/turtlesim/srv/TeleportRelative.idl
[0.519s] -- Up-to-date symlink: /home/rastic-smartcity/ros2_ws/install/turtlesim/share/turtlesim/action/RotateAbsolute.action
[0.520s] -- Up-to-date symlink: /home/rastic-smartcity/ros2_ws/install/turtlesim/share/turtlesim/msg/Color.msg
[0.520s] -- Up-to-date symlink: /home/rastic-smartcity/ros2_ws/install/turtlesim/share/turtlesim/msg/Pose.msg
[0.520s] -- Up-to-date symlink: /home/rastic-smartcity/ros2_ws/install/turtlesim/share/turtlesim/srv/Kill.srv
[0.520s] -- Up-to-date symlink: /home/rastic-smartcity/ros2_ws/install/turtlesim/share/turtlesim/srv/Kill_Request.msg
[0.521s] -- Up-to-date symlink: /home/rastic-smartcity/ros2_ws/install/turtlesim/share/turtlesim/srv/Kill_Response.msg
[0.521s] -- Up-to-date symlink: /home/rastic-smartcity/ros2_ws/install/turtlesim/share/turtlesim/srv/SetPen.srv
[0.521s] -- Up-to-date symlink: /home/rastic-smartcity/ros2_ws/install/turtlesim/share/turtlesim/srv/SetPen_Request.msg
[0.521s] -- Up-to-date symlink: /home/rastic-smartcity/ros2_ws/install/turtlesim/share/turtlesim/srv/SetPen_Response.msg
[0.521s] -- Up-to-date symlink: /home/rastic-smartcity/ros2_ws/install/turtlesim/share/turtlesim/srv/Spawn.srv
[0.522s] -- Up-to-date symlink: /home/rastic-smartcity/ros2_ws/install/turtlesim/share/turtlesim/srv/Spawn_Request.msg
[0.522s] -- Up-to-date symlink: /home/rastic-smartcity/ros2_ws/install/turtlesim/share/turtlesim/srv/Spawn_Response.msg
[0.522s] -- Up-to-date symlink: /home/rastic-smartcity/ros2_ws/install/turtlesim/share/turtlesim/srv/TeleportAbsolute.srv
[0.522s] -- Up-to-date symlink: /home/rastic-smartcity/ros2_ws/install/turtlesim/share/turtlesim/srv/TeleportAbsolute_Request.msg
[0.523s] -- Up-to-date symlink: /home/rastic-smartcity/ros2_ws/install/turtlesim/share/turtlesim/srv/TeleportAbsolute_Response.msg
[0.523s] -- Up-to-date symlink: /home/rastic-smartcity/ros2_ws/install/turtlesim/share/turtlesim/srv/TeleportRelative.srv
[0.523s] -- Up-to-date symlink: /home/rastic-smartcity/ros2_ws/install/turtlesim/share/turtlesim/srv/TeleportRelative_Request.msg
[0.523s] -- Up-to-date symlink: /home/rastic-smartcity/ros2_ws/install/turtlesim/share/turtlesim/srv/TeleportRelative_Response.msg
[0.524s] -- Up-to-date symlink: /home/rastic-smartcity/ros2_ws/install/turtlesim/lib/turtlesim/turtlesim_node
[0.524s] -- Up-to-date symlink: /home/rastic-smartcity/ros2_ws/install/turtlesim/lib/turtlesim/turtle_teleop_key
[0.524s] -- Up-to-date symlink: /home/rastic-smartcity/ros2_ws/install/turtlesim/lib/turtlesim/draw_square
[0.524s] -- Up-to-date symlink: /home/rastic-smartcity/ros2_ws/install/turtlesim/lib/turtlesim/mimic
[0.525s] -- Up-to-date symlink: /home/rastic-smartcity/ros2_ws/install/turtlesim/share/turtlesim/launch/multisim.launch.py
[0.525s] -- Up-to-date symlink: /home/rastic-smartcity/ros2_ws/install/turtlesim/share/ament_index/resource_index/package_run_dependencies/turtlesim
[0.525s] -- Up-to-date symlink: /home/rastic-smartcity/ros2_ws/install/turtlesim/share/ament_index/resource_index/parent_prefix_path/turtlesim
[0.526s] -- Up-to-date symlink: /home/rastic-smartcity/ros2_ws/install/turtlesim/share/turtlesim/environment/ament_prefix_path.sh
[0.526s] -- Up-to-date symlink: /home/rastic-smartcity/ros2_ws/install/turtlesim/share/turtlesim/environment/ament_prefix_path.dsv
[0.526s] -- Up-to-date symlink: /home/rastic-smartcity/ros2_ws/install/turtlesim/share/turtlesim/environment/path.sh
[0.526s] -- Up-to-date symlink: /home/rastic-smartcity/ros2_ws/install/turtlesim/share/turtlesim/environment/path.dsv
[0.527s] -- Up-to-date symlink: /home/rastic-smartcity/ros2_ws/install/turtlesim/share/turtlesim/local_setup.bash
[0.527s] -- Up-to-date symlink: /home/rastic-smartcity/ros2_ws/install/turtlesim/share/turtlesim/local_setup.sh
[0.527s] -- Up-to-date symlink: /home/rastic-smartcity/ros2_ws/install/turtlesim/share/turtlesim/local_setup.zsh
[0.527s] -- Up-to-date symlink: /home/rastic-smartcity/ros2_ws/install/turtlesim/share/turtlesim/local_setup.dsv
[0.527s] -- Symlinking: /home/rastic-smartcity/ros2_ws/install/turtlesim/share/turtlesim/package.dsv
[0.538s] -- Up-to-date symlink: /home/rastic-smartcity/ros2_ws/install/turtlesim/share/ament_index/resource_index/packages/turtlesim
[0.538s] -- Up-to-date symlink: /home/rastic-smartcity/ros2_ws/install/turtlesim/share/turtlesim/cmake/rosidl_cmake-extras.cmake
[0.538s] -- Up-to-date symlink: /home/rastic-smartcity/ros2_ws/install/turtlesim/share/turtlesim/cmake/ament_cmake_export_dependencies-extras.cmake
[0.539s] -- Up-to-date symlink: /home/rastic-smartcity/ros2_ws/install/turtlesim/share/turtlesim/cmake/ament_cmake_export_libraries-extras.cmake
[0.539s] -- Up-to-date symlink: /home/rastic-smartcity/ros2_ws/install/turtlesim/share/turtlesim/cmake/ament_cmake_export_targets-extras.cmake
[0.540s] -- Up-to-date symlink: /home/rastic-smartcity/ros2_ws/install/turtlesim/share/turtlesim/cmake/ament_cmake_export_include_directories-extras.cmake
[0.540s] -- Up-to-date symlink: /home/rastic-smartcity/ros2_ws/install/turtlesim/share/turtlesim/cmake/rosidl_cmake_export_typesupport_libraries-extras.cmake
[0.540s] -- Up-to-date symlink: /home/rastic-smartcity/ros2_ws/install/turtlesim/share/turtlesim/cmake/rosidl_cmake_export_typesupport_targets-extras.cmake
[0.541s] -- Up-to-date symlink: /home/rastic-smartcity/ros2_ws/install/turtlesim/share/turtlesim/cmake/turtlesimConfig.cmake
[0.541s] -- Up-to-date symlink: /home/rastic-smartcity/ros2_ws/install/turtlesim/share/turtlesim/cmake/turtlesimConfig-version.cmake
[0.541s] -- Up-to-date symlink: /home/rastic-smartcity/ros2_ws/install/turtlesim/share/turtlesim/package.xml
[0.542s] -- Up-to-date: /home/rastic-smartcity/ros2_ws/install/turtlesim/lib/libturtlesim__rosidl_generator_c.so
[0.542s] -- Up-to-date: /home/rastic-smartcity/ros2_ws/install/turtlesim/lib/libturtlesim__rosidl_typesupport_introspection_c.so
[0.543s] -- Up-to-date: /home/rastic-smartcity/ros2_ws/install/turtlesim/lib/libturtlesim__rosidl_typesupport_c.so
[0.544s] -- Up-to-date: /home/rastic-smartcity/ros2_ws/install/turtlesim/lib/libturtlesim__rosidl_typesupport_introspection_cpp.so
[0.544s] -- Up-to-date: /home/rastic-smartcity/ros2_ws/install/turtlesim/lib/libturtlesim__rosidl_typesupport_cpp.so
[0.585s] -- Up-to-date: /home/rastic-smartcity/ros2_ws/install/turtlesim/share/turtlesim/images
[0.586s] -- Up-to-date: /home/rastic-smartcity/ros2_ws/install/turtlesim/share/turtlesim/images/crystal.png
[0.586s] -- Up-to-date: /home/rastic-smartcity/ros2_ws/install/turtlesim/share/turtlesim/images/foxy.png
[0.586s] -- Up-to-date: /home/rastic-smartcity/ros2_ws/install/turtlesim/share/turtlesim/images/dashing.png
[0.586s] -- Up-to-date: /home/rastic-smartcity/ros2_ws/install/turtlesim/share/turtlesim/images/ardent.png
[0.586s] -- Up-to-date: /home/rastic-smartcity/ros2_ws/install/turtlesim/share/turtlesim/images/bouncy.png
[0.586s] -- Up-to-date: /home/rastic-smartcity/ros2_ws/install/turtlesim/share/turtlesim/images/eloquent.png
[0.587s] -- Up-to-date: /home/rastic-smartcity/ros2_ws/install/turtlesim/share/turtlesim/cmake/turtlesim__rosidl_generator_cExport.cmake
[0.587s] -- Up-to-date: /home/rastic-smartcity/ros2_ws/install/turtlesim/share/turtlesim/cmake/turtlesim__rosidl_generator_cExport-noconfig.cmake
[0.587s] -- Up-to-date: /home/rastic-smartcity/ros2_ws/install/turtlesim/share/turtlesim/cmake/turtlesim__rosidl_typesupport_introspection_cExport.cmake
[0.587s] -- Up-to-date: /home/rastic-smartcity/ros2_ws/install/turtlesim/share/turtlesim/cmake/turtlesim__rosidl_typesupport_introspection_cExport-noconfig.cmake
[0.587s] -- Up-to-date: /home/rastic-smartcity/ros2_ws/install/turtlesim/share/turtlesim/cmake/turtlesim__rosidl_typesupport_cExport.cmake
[0.587s] -- Up-to-date: /home/rastic-smartcity/ros2_ws/install/turtlesim/share/turtlesim/cmake/turtlesim__rosidl_typesupport_cExport-noconfig.cmake
[0.587s] -- Up-to-date: /home/rastic-smartcity/ros2_ws/install/turtlesim/share/turtlesim/cmake/turtlesim__rosidl_generator_cppExport.cmake
[0.588s] -- Up-to-date: /home/rastic-smartcity/ros2_ws/install/turtlesim/share/turtlesim/cmake/turtlesim__rosidl_typesupport_introspection_cppExport.cmake
[0.588s] -- Up-to-date: /home/rastic-smartcity/ros2_ws/install/turtlesim/share/turtlesim/cmake/turtlesim__rosidl_typesupport_introspection_cppExport-noconfig.cmake
[0.588s] -- Up-to-date: /home/rastic-smartcity/ros2_ws/install/turtlesim/share/turtlesim/cmake/turtlesim__rosidl_typesupport_cppExport.cmake
[0.588s] -- Up-to-date: /home/rastic-smartcity/ros2_ws/install/turtlesim/share/turtlesim/cmake/turtlesim__rosidl_typesupport_cppExport-noconfig.cmake
[0.591s] Invoked command in '/home/rastic-smartcity/ros2_ws/build/turtlesim' returned '0': CMAKE_PREFIX_PATH=${CMAKE_PREFIX_PATH}:/home/rastic-smartcity/ros2_ws/install/Rastic_seminar_Python:/home/rastic-smartcity/ros2_ws/install/Rastic_seminar_python:/opt/ros/foxy /usr/bin/cmake --install /home/rastic-smartcity/ros2_ws/build/turtlesim
