[0.694s] Invoking command in '/home/rastic-smartcity/ros2_ws/src/my_package': PYTHONPATH=/home/rastic-smartcity/ros2_ws/build/my_package/prefix_override:/usr/lib/python3/dist-packages/colcon_core/task/python/colcon_distutils_commands:/home/rastic-smartcity/ros2_ws/install/my_package/lib/python3.8/site-packages:${PYTHONPATH} /usr/bin/python3 -W ignore:setup.py install is deprecated setup.py egg_info --egg-base ../../build/my_package build --build-base /home/rastic-smartcity/ros2_ws/build/my_package/build install --record /home/rastic-smartcity/ros2_ws/build/my_package/install.log --install-scripts $base/lib/my_package --single-version-externally-managed install_data
[0.906s] running egg_info
[0.906s] writing ../../build/my_package/my_package.egg-info/PKG-INFO
[0.907s] writing dependency_links to ../../build/my_package/my_package.egg-info/dependency_links.txt
[0.907s] writing entry points to ../../build/my_package/my_package.egg-info/entry_points.txt
[0.907s] writing requirements to ../../build/my_package/my_package.egg-info/requires.txt
[0.907s] writing top-level names to ../../build/my_package/my_package.egg-info/top_level.txt
[0.943s] reading manifest file '../../build/my_package/my_package.egg-info/SOURCES.txt'
[0.943s] writing manifest file '../../build/my_package/my_package.egg-info/SOURCES.txt'
[0.944s] running build
[0.944s] running build_py
[0.944s] running install
[0.945s] running install_lib
[0.946s] running install_data
[0.946s] running install_egg_info
[0.948s] removing '/home/rastic-smartcity/ros2_ws/install/my_package/lib/python3.8/site-packages/my_package-0.0.0-py3.8.egg-info' (and everything under it)
[0.948s] Copying ../../build/my_package/my_package.egg-info to /home/rastic-smartcity/ros2_ws/install/my_package/lib/python3.8/site-packages/my_package-0.0.0-py3.8.egg-info
[0.949s] running install_scripts
[0.967s] Installing my_node script to /home/rastic-smartcity/ros2_ws/install/my_package/lib/my_package
[0.968s] writing list of installed files to '/home/rastic-smartcity/ros2_ws/build/my_package/install.log'
[0.995s] Invoked command in '/home/rastic-smartcity/ros2_ws/src/my_package' returned '0': PYTHONPATH=/home/rastic-smartcity/ros2_ws/build/my_package/prefix_override:/usr/lib/python3/dist-packages/colcon_core/task/python/colcon_distutils_commands:/home/rastic-smartcity/ros2_ws/install/my_package/lib/python3.8/site-packages:${PYTHONPATH} /usr/bin/python3 -W ignore:setup.py install is deprecated setup.py egg_info --egg-base ../../build/my_package build --build-base /home/rastic-smartcity/ros2_ws/build/my_package/build install --record /home/rastic-smartcity/ros2_ws/build/my_package/install.log --install-scripts $base/lib/my_package --single-version-externally-managed install_data
