[0.118s] Invoking command in '/home/rastic-smartcity/ros2_ws/build/examples_rclcpp_multithreaded_executor': CMAKE_PREFIX_PATH=${CMAKE_PREFIX_PATH}:/home/rastic-smartcity/ros2_ws/install/turtle_demo_controller:/home/rastic-smartcity/ros2_ws/install/Rastic_seminar_Python:/home/rastic-smartcity/ros2_ws/install/Rastic_seminar_python:/opt/ros/foxy /usr/bin/cmake /home/rastic-smartcity/ros2_ws/src/examples/rclcpp/executors/multithreaded_executor -DCMAKE_INSTALL_PREFIX=/home/rastic-smartcity/ros2_ws/install/examples_rclcpp_multithreaded_executor
[1.472s] -- Found ament_cmake: 0.9.12 (/opt/ros/foxy/share/ament_cmake/cmake)
[1.472s] -- Using PYTHON_EXECUTABLE: /usr/bin/python3
[1.472s] -- Override CMake install command with custom implementation using symlinks instead of copying resources
[1.472s] -- Found rclcpp: 2.4.3 (/opt/ros/foxy/share/rclcpp/cmake)
[1.472s] -- Using all available rosidl_typesupport_c: rosidl_typesupport_fastrtps_c;rosidl_typesupport_introspection_c
[1.472s] -- Found rosidl_adapter: 1.3.1 (/opt/ros/foxy/share/rosidl_adapter/cmake)
[1.472s] -- Using all available rosidl_typesupport_cpp: rosidl_typesupport_fastrtps_cpp;rosidl_typesupport_introspection_cpp
[1.473s] -- Found rmw_implementation_cmake: 1.0.4 (/opt/ros/foxy/share/rmw_implementation_cmake/cmake)
[1.473s] -- Using RMW implementation 'rmw_fastrtps_cpp' as default
[1.473s] -- Found ament_lint_auto: 0.9.8 (/opt/ros/foxy/share/ament_lint_auto/cmake)
[1.519s] -- Added test 'copyright' to check source files copyright and LICENSE
[1.520s] -- Added test 'cppcheck' to perform static code analysis on C / C++ code
[1.522s] -- Configured cppcheck include dirs: 
[1.522s] -- Configured cppcheck exclude dirs and/or files: 
[1.523s] -- Added test 'cpplint' to check C / C++ code against the Google style
[1.524s] -- Configured cpplint exclude dirs and/or files: 
[1.525s] -- Added test 'lint_cmake' to check CMake code style
[1.527s] -- Added test 'uncrustify' to check C / C++ code style
[1.527s] -- Configured uncrustify additional arguments: 
[1.528s] -- Added test 'xmllint' to check XML markup files
[1.533s] -- Configuring done
[1.552s] -- Generating done
[1.556s] -- Build files have been written to: /home/rastic-smartcity/ros2_ws/build/examples_rclcpp_multithreaded_executor
[1.572s] Invoked command in '/home/rastic-smartcity/ros2_ws/build/examples_rclcpp_multithreaded_executor' returned '0': CMAKE_PREFIX_PATH=${CMAKE_PREFIX_PATH}:/home/rastic-smartcity/ros2_ws/install/turtle_demo_controller:/home/rastic-smartcity/ros2_ws/install/Rastic_seminar_Python:/home/rastic-smartcity/ros2_ws/install/Rastic_seminar_python:/opt/ros/foxy /usr/bin/cmake /home/rastic-smartcity/ros2_ws/src/examples/rclcpp/executors/multithreaded_executor -DCMAKE_INSTALL_PREFIX=/home/rastic-smartcity/ros2_ws/install/examples_rclcpp_multithreaded_executor
[1.577s] Invoking command in '/home/rastic-smartcity/ros2_ws/build/examples_rclcpp_multithreaded_executor': CMAKE_PREFIX_PATH=${CMAKE_PREFIX_PATH}:/home/rastic-smartcity/ros2_ws/install/turtle_demo_controller:/home/rastic-smartcity/ros2_ws/install/Rastic_seminar_Python:/home/rastic-smartcity/ros2_ws/install/Rastic_seminar_python:/opt/ros/foxy /usr/bin/cmake --build /home/rastic-smartcity/ros2_ws/build/examples_rclcpp_multithreaded_executor -- -j12 -l12
[1.735s] [100%] Built target multithreaded_executor
[1.820s] Invoked command in '/home/rastic-smartcity/ros2_ws/build/examples_rclcpp_multithreaded_executor' returned '0': CMAKE_PREFIX_PATH=${CMAKE_PREFIX_PATH}:/home/rastic-smartcity/ros2_ws/install/turtle_demo_controller:/home/rastic-smartcity/ros2_ws/install/Rastic_seminar_Python:/home/rastic-smartcity/ros2_ws/install/Rastic_seminar_python:/opt/ros/foxy /usr/bin/cmake --build /home/rastic-smartcity/ros2_ws/build/examples_rclcpp_multithreaded_executor -- -j12 -l12
[1.988s] Invoking command in '/home/rastic-smartcity/ros2_ws/build/examples_rclcpp_multithreaded_executor': CMAKE_PREFIX_PATH=${CMAKE_PREFIX_PATH}:/home/rastic-smartcity/ros2_ws/install/turtle_demo_controller:/home/rastic-smartcity/ros2_ws/install/Rastic_seminar_Python:/home/rastic-smartcity/ros2_ws/install/Rastic_seminar_python:/opt/ros/foxy /usr/bin/cmake --install /home/rastic-smartcity/ros2_ws/build/examples_rclcpp_multithreaded_executor
[2.013s] -- Install configuration: ""
[2.014s] -- Execute custom install script
[2.017s] -- Up-to-date symlink: /home/rastic-smartcity/ros2_ws/install/examples_rclcpp_multithreaded_executor/lib/examples_rclcpp_multithreaded_executor/multithreaded_executor
[2.018s] -- Up-to-date symlink: /home/rastic-smartcity/ros2_ws/install/examples_rclcpp_multithreaded_executor/share/ament_index/resource_index/package_run_dependencies/examples_rclcpp_multithreaded_executor
[2.019s] -- Up-to-date symlink: /home/rastic-smartcity/ros2_ws/install/examples_rclcpp_multithreaded_executor/share/ament_index/resource_index/parent_prefix_path/examples_rclcpp_multithreaded_executor
[2.019s] -- Up-to-date symlink: /home/rastic-smartcity/ros2_ws/install/examples_rclcpp_multithreaded_executor/share/examples_rclcpp_multithreaded_executor/environment/ament_prefix_path.sh
[2.020s] -- Up-to-date symlink: /home/rastic-smartcity/ros2_ws/install/examples_rclcpp_multithreaded_executor/share/examples_rclcpp_multithreaded_executor/environment/ament_prefix_path.dsv
[2.021s] -- Up-to-date symlink: /home/rastic-smartcity/ros2_ws/install/examples_rclcpp_multithreaded_executor/share/examples_rclcpp_multithreaded_executor/environment/path.sh
[2.022s] -- Up-to-date symlink: /home/rastic-smartcity/ros2_ws/install/examples_rclcpp_multithreaded_executor/share/examples_rclcpp_multithreaded_executor/environment/path.dsv
[2.023s] -- Up-to-date symlink: /home/rastic-smartcity/ros2_ws/install/examples_rclcpp_multithreaded_executor/share/examples_rclcpp_multithreaded_executor/local_setup.bash
[2.024s] -- Up-to-date symlink: /home/rastic-smartcity/ros2_ws/install/examples_rclcpp_multithreaded_executor/share/examples_rclcpp_multithreaded_executor/local_setup.sh
[2.024s] -- Up-to-date symlink: /home/rastic-smartcity/ros2_ws/install/examples_rclcpp_multithreaded_executor/share/examples_rclcpp_multithreaded_executor/local_setup.zsh
[2.024s] -- Up-to-date symlink: /home/rastic-smartcity/ros2_ws/install/examples_rclcpp_multithreaded_executor/share/examples_rclcpp_multithreaded_executor/local_setup.dsv
[2.024s] -- Symlinking: /home/rastic-smartcity/ros2_ws/install/examples_rclcpp_multithreaded_executor/share/examples_rclcpp_multithreaded_executor/package.dsv
[2.025s] -- Up-to-date symlink: /home/rastic-smartcity/ros2_ws/install/examples_rclcpp_multithreaded_executor/share/ament_index/resource_index/packages/examples_rclcpp_multithreaded_executor
[2.025s] -- Up-to-date symlink: /home/rastic-smartcity/ros2_ws/install/examples_rclcpp_multithreaded_executor/share/examples_rclcpp_multithreaded_executor/cmake/examples_rclcpp_multithreaded_executorConfig.cmake
[2.025s] -- Up-to-date symlink: /home/rastic-smartcity/ros2_ws/install/examples_rclcpp_multithreaded_executor/share/examples_rclcpp_multithreaded_executor/cmake/examples_rclcpp_multithreaded_executorConfig-version.cmake
[2.025s] -- Up-to-date symlink: /home/rastic-smartcity/ros2_ws/install/examples_rclcpp_multithreaded_executor/share/examples_rclcpp_multithreaded_executor/package.xml
[2.070s] Invoked command in '/home/rastic-smartcity/ros2_ws/build/examples_rclcpp_multithreaded_executor' returned '0': CMAKE_PREFIX_PATH=${CMAKE_PREFIX_PATH}:/home/rastic-smartcity/ros2_ws/install/turtle_demo_controller:/home/rastic-smartcity/ros2_ws/install/Rastic_seminar_Python:/home/rastic-smartcity/ros2_ws/install/Rastic_seminar_python:/opt/ros/foxy /usr/bin/cmake --install /home/rastic-smartcity/ros2_ws/build/examples_rclcpp_multithreaded_executor
