[0.088s] Invoking command in '/home/rastic-smartcity/ros2_ws/build/turtlesim': CMAKE_PREFIX_PATH=${CMAKE_PREFIX_PATH}:/home/rastic-smartcity/ros2_ws/install/turtle_demo_controller:/home/rastic-smartcity/ros2_ws/install/Rastic_seminar_Python:/home/rastic-smartcity/ros2_ws/install/Rastic_seminar_python:/opt/ros/foxy /usr/bin/cmake /home/rastic-smartcity/ros2_ws/src/ros_tutorials/turtlesim -DAMENT_CMAKE_SYMLINK_INSTALL=1 -DCMAKE_INSTALL_PREFIX=/home/rastic-smartcity/ros2_ws/install/turtlesim
[0.899s] -- Found ament_cmake: 0.9.12 (/opt/ros/foxy/share/ament_cmake/cmake)
[0.899s] -- Found PythonInterp: /usr/bin/python3 (found suitable version "3.8.10", minimum required is "3") 
[0.899s] -- Using PYTHON_EXECUTABLE: /usr/bin/python3
[0.900s] -- Override CMake install command with custom implementation using symlinks instead of copying resources
[0.900s] -- Found ament_index_cpp: 1.1.0 (/opt/ros/foxy/share/ament_index_cpp/cmake)
[0.900s] -- Found geometry_msgs: 2.0.5 (/opt/ros/foxy/share/geometry_msgs/cmake)
[0.900s] -- Using all available rosidl_typesupport_c: rosidl_typesupport_fastrtps_c;rosidl_typesupport_introspection_c
[0.900s] -- Found rosidl_adapter: 1.3.1 (/opt/ros/foxy/share/rosidl_adapter/cmake)
[0.900s] -- Using all available rosidl_typesupport_cpp: rosidl_typesupport_fastrtps_cpp;rosidl_typesupport_introspection_cpp
[1.052s] -- Found rclcpp: 2.4.3 (/opt/ros/foxy/share/rclcpp/cmake)
[1.116s] -- Found rmw_implementation_cmake: 1.0.4 (/opt/ros/foxy/share/rmw_implementation_cmake/cmake)
[1.120s] -- Using RMW implementation 'rmw_fastrtps_cpp' as default
[1.406s] -- Found rclcpp_action: 2.4.3 (/opt/ros/foxy/share/rclcpp_action/cmake)
[1.584s] -- Found rosidl_default_generators: 1.0.1 (/opt/ros/foxy/share/rosidl_default_generators/cmake)
[1.604s] -- Found std_srvs: 2.0.5 (/opt/ros/foxy/share/std_srvs/cmake)
[1.669s] -- Found PythonInterp: /usr/bin/python3 (found version "3.8.10") 
[2.047s] -- Found ament_cmake_ros: 0.9.2 (/opt/ros/foxy/share/ament_cmake_ros/cmake)
[2.373s] -- Using all available rosidl_typesupport_c: rosidl_typesupport_fastrtps_c;rosidl_typesupport_introspection_c
[2.434s] -- Using all available rosidl_typesupport_cpp: rosidl_typesupport_fastrtps_cpp;rosidl_typesupport_introspection_cpp
[2.498s] -- Found PythonInterp: /usr/bin/python3 (found suitable version "3.8.10", minimum required is "3.5") 
[2.498s] -- Found python_cmake_module: 0.8.1 (/opt/ros/foxy/share/python_cmake_module/cmake)
[2.554s] -- Using PYTHON_EXECUTABLE: /usr/bin/python3
[2.554s] -- Using PYTHON_INCLUDE_DIRS: /usr/include/python3.8
[2.554s] -- Using PYTHON_LIBRARIES: /usr/lib/x86_64-linux-gnu/libpython3.8.so
[2.675s] -- Configuring done
[2.803s] -- Generating done
[2.807s] -- Build files have been written to: /home/rastic-smartcity/ros2_ws/build/turtlesim
[2.834s] Invoked command in '/home/rastic-smartcity/ros2_ws/build/turtlesim' returned '0': CMAKE_PREFIX_PATH=${CMAKE_PREFIX_PATH}:/home/rastic-smartcity/ros2_ws/install/turtle_demo_controller:/home/rastic-smartcity/ros2_ws/install/Rastic_seminar_Python:/home/rastic-smartcity/ros2_ws/install/Rastic_seminar_python:/opt/ros/foxy /usr/bin/cmake /home/rastic-smartcity/ros2_ws/src/ros_tutorials/turtlesim -DAMENT_CMAKE_SYMLINK_INSTALL=1 -DCMAKE_INSTALL_PREFIX=/home/rastic-smartcity/ros2_ws/install/turtlesim
[2.835s] Invoking command in '/home/rastic-smartcity/ros2_ws/build/turtlesim': CMAKE_PREFIX_PATH=${CMAKE_PREFIX_PATH}:/home/rastic-smartcity/ros2_ws/install/turtle_demo_controller:/home/rastic-smartcity/ros2_ws/install/Rastic_seminar_Python:/home/rastic-smartcity/ros2_ws/install/Rastic_seminar_python:/opt/ros/foxy /usr/bin/cmake --build /home/rastic-smartcity/ros2_ws/build/turtlesim -- -j12 -l12
[3.458s] [ 10%] Built target turtlesim__rosidl_generator_c
[3.458s] [ 11%] Built target turtlesim__cpp
[3.458s] [ 21%] Built target turtlesim__rosidl_typesupport_introspection_c
[3.458s] [ 31%] Built target turtlesim__rosidl_typesupport_introspection_cpp
[3.459s] [ 41%] Built target turtlesim__rosidl_typesupport_c
[3.459s] [ 51%] Built target turtlesim__rosidl_typesupport_fastrtps_cpp
[3.459s] [ 61%] Built target turtlesim__rosidl_typesupport_cpp
[3.459s] [ 71%] Built target turtlesim__rosidl_typesupport_fastrtps_c
[3.459s] [ 71%] Built target turtlesim
[3.460s] [ 72%] Built target turtlesim__py
[3.460s] [ 74%] Built target draw_square
[3.460s] [ 76%] Built target mimic
[3.460s] [ 78%] Built target turtle_teleop_key
[3.460s] [ 84%] Built target turtlesim_node
[3.461s] [ 93%] Built target turtlesim__python
[3.461s] [ 95%] Built target turtlesim__rosidl_typesupport_c__pyext
[3.461s] [ 97%] Built target turtlesim__rosidl_typesupport_introspection_c__pyext
[3.461s] [100%] Built target turtlesim__rosidl_typesupport_fastrtps_c__pyext
[3.505s] Invoked command in '/home/rastic-smartcity/ros2_ws/build/turtlesim' returned '0': CMAKE_PREFIX_PATH=${CMAKE_PREFIX_PATH}:/home/rastic-smartcity/ros2_ws/install/turtle_demo_controller:/home/rastic-smartcity/ros2_ws/install/Rastic_seminar_Python:/home/rastic-smartcity/ros2_ws/install/Rastic_seminar_python:/opt/ros/foxy /usr/bin/cmake --build /home/rastic-smartcity/ros2_ws/build/turtlesim -- -j12 -l12
[5.113s] Invoking command in '/home/rastic-smartcity/ros2_ws/build/turtlesim': CMAKE_PREFIX_PATH=${CMAKE_PREFIX_PATH}:/home/rastic-smartcity/ros2_ws/install/turtle_demo_controller:/home/rastic-smartcity/ros2_ws/install/Rastic_seminar_Python:/home/rastic-smartcity/ros2_ws/install/Rastic_seminar_python:/opt/ros/foxy /usr/bin/cmake --install /home/rastic-smartcity/ros2_ws/build/turtlesim
[9.710s] -- Install configuration: ""
[9.710s] -- Execute custom install script
[9.711s] -- Up-to-date symlink: /home/rastic-smartcity/ros2_ws/install/turtlesim/share/ament_index/resource_index/rosidl_interfaces/turtlesim
[9.711s] -- Up-to-date symlink: /home/rastic-smartcity/ros2_ws/install/turtlesim/include/turtlesim/action/detail/rotate_absolute__functions.h
[9.711s] -- Up-to-date symlink: /home/rastic-smartcity/ros2_ws/install/turtlesim/include/turtlesim/action/detail/rotate_absolute__struct.h
[9.711s] -- Up-to-date symlink: /home/rastic-smartcity/ros2_ws/install/turtlesim/include/turtlesim/action/detail/rotate_absolute__type_support.h
[9.712s] -- Up-to-date symlink: /home/rastic-smartcity/ros2_ws/install/turtlesim/include/turtlesim/action/rotate_absolute.h
[9.712s] -- Up-to-date symlink: /home/rastic-smartcity/ros2_ws/install/turtlesim/include/turtlesim/msg/color.h
[9.712s] -- Up-to-date symlink: /home/rastic-smartcity/ros2_ws/install/turtlesim/include/turtlesim/msg/detail/color__functions.h
[9.712s] -- Up-to-date symlink: /home/rastic-smartcity/ros2_ws/install/turtlesim/include/turtlesim/msg/detail/color__struct.h
[9.712s] -- Up-to-date symlink: /home/rastic-smartcity/ros2_ws/install/turtlesim/include/turtlesim/msg/detail/color__type_support.h
[9.712s] -- Up-to-date symlink: /home/rastic-smartcity/ros2_ws/install/turtlesim/include/turtlesim/msg/detail/pose__functions.h
[9.713s] -- Up-to-date symlink: /home/rastic-smartcity/ros2_ws/install/turtlesim/include/turtlesim/msg/detail/pose__struct.h
[9.713s] -- Up-to-date symlink: /home/rastic-smartcity/ros2_ws/install/turtlesim/include/turtlesim/msg/detail/pose__type_support.h
[9.713s] -- Up-to-date symlink: /home/rastic-smartcity/ros2_ws/install/turtlesim/include/turtlesim/msg/pose.h
[9.713s] -- Up-to-date symlink: /home/rastic-smartcity/ros2_ws/install/turtlesim/include/turtlesim/msg/rosidl_generator_c__visibility_control.h
[9.713s] -- Up-to-date symlink: /home/rastic-smartcity/ros2_ws/install/turtlesim/include/turtlesim/srv/detail/kill__functions.h
[9.713s] -- Up-to-date symlink: /home/rastic-smartcity/ros2_ws/install/turtlesim/include/turtlesim/srv/detail/kill__struct.h
[9.713s] -- Up-to-date symlink: /home/rastic-smartcity/ros2_ws/install/turtlesim/include/turtlesim/srv/detail/kill__type_support.h
[9.714s] -- Up-to-date symlink: /home/rastic-smartcity/ros2_ws/install/turtlesim/include/turtlesim/srv/detail/set_pen__functions.h
[9.714s] -- Up-to-date symlink: /home/rastic-smartcity/ros2_ws/install/turtlesim/include/turtlesim/srv/detail/set_pen__struct.h
[9.714s] -- Up-to-date symlink: /home/rastic-smartcity/ros2_ws/install/turtlesim/include/turtlesim/srv/detail/set_pen__type_support.h
[9.714s] -- Up-to-date symlink: /home/rastic-smartcity/ros2_ws/install/turtlesim/include/turtlesim/srv/detail/spawn__functions.h
[9.714s] -- Up-to-date symlink: /home/rastic-smartcity/ros2_ws/install/turtlesim/include/turtlesim/srv/detail/spawn__struct.h
[9.714s] -- Up-to-date symlink: /home/rastic-smartcity/ros2_ws/install/turtlesim/include/turtlesim/srv/detail/spawn__type_support.h
[9.714s] -- Up-to-date symlink: /home/rastic-smartcity/ros2_ws/install/turtlesim/include/turtlesim/srv/detail/teleport_absolute__functions.h
[9.714s] -- Up-to-date symlink: /home/rastic-smartcity/ros2_ws/install/turtlesim/include/turtlesim/srv/detail/teleport_absolute__struct.h
[9.715s] -- Up-to-date symlink: /home/rastic-smartcity/ros2_ws/install/turtlesim/include/turtlesim/srv/detail/teleport_absolute__type_support.h
[9.715s] -- Up-to-date symlink: /home/rastic-smartcity/ros2_ws/install/turtlesim/include/turtlesim/srv/detail/teleport_relative__functions.h
[9.715s] -- Up-to-date symlink: /home/rastic-smartcity/ros2_ws/install/turtlesim/include/turtlesim/srv/detail/teleport_relative__struct.h
[9.715s] -- Up-to-date symlink: /home/rastic-smartcity/ros2_ws/install/turtlesim/include/turtlesim/srv/detail/teleport_relative__type_support.h
[9.715s] -- Up-to-date symlink: /home/rastic-smartcity/ros2_ws/install/turtlesim/include/turtlesim/srv/kill.h
[9.715s] -- Up-to-date symlink: /home/rastic-smartcity/ros2_ws/install/turtlesim/include/turtlesim/srv/set_pen.h
[9.715s] -- Up-to-date symlink: /home/rastic-smartcity/ros2_ws/install/turtlesim/include/turtlesim/srv/spawn.h
[9.716s] -- Up-to-date symlink: /home/rastic-smartcity/ros2_ws/install/turtlesim/include/turtlesim/srv/teleport_absolute.h
[9.721s] -- Up-to-date symlink: /home/rastic-smartcity/ros2_ws/install/turtlesim/include/turtlesim/srv/teleport_relative.h
[9.721s] -- Up-to-date symlink: /home/rastic-smartcity/ros2_ws/install/turtlesim/share/turtlesim/environment/library_path.sh
[9.721s] -- Up-to-date symlink: /home/rastic-smartcity/ros2_ws/install/turtlesim/share/turtlesim/environment/library_path.dsv
[9.721s] -- Up-to-date symlink: /home/rastic-smartcity/ros2_ws/install/turtlesim/include/turtlesim/action/detail/rotate_absolute__rosidl_typesupport_fastrtps_c.h
[9.722s] -- Up-to-date symlink: /home/rastic-smartcity/ros2_ws/install/turtlesim/include/turtlesim/msg/detail/color__rosidl_typesupport_fastrtps_c.h
[9.722s] -- Up-to-date symlink: /home/rastic-smartcity/ros2_ws/install/turtlesim/include/turtlesim/msg/detail/pose__rosidl_typesupport_fastrtps_c.h
[9.722s] -- Up-to-date symlink: /home/rastic-smartcity/ros2_ws/install/turtlesim/include/turtlesim/msg/rosidl_typesupport_fastrtps_c__visibility_control.h
[9.722s] -- Up-to-date symlink: /home/rastic-smartcity/ros2_ws/install/turtlesim/include/turtlesim/srv/detail/kill__rosidl_typesupport_fastrtps_c.h
[9.722s] -- Up-to-date symlink: /home/rastic-smartcity/ros2_ws/install/turtlesim/include/turtlesim/srv/detail/set_pen__rosidl_typesupport_fastrtps_c.h
[9.722s] -- Up-to-date symlink: /home/rastic-smartcity/ros2_ws/install/turtlesim/include/turtlesim/srv/detail/spawn__rosidl_typesupport_fastrtps_c.h
[9.723s] -- Up-to-date symlink: /home/rastic-smartcity/ros2_ws/install/turtlesim/include/turtlesim/srv/detail/teleport_absolute__rosidl_typesupport_fastrtps_c.h
[9.723s] -- Up-to-date symlink: /home/rastic-smartcity/ros2_ws/install/turtlesim/include/turtlesim/srv/detail/teleport_relative__rosidl_typesupport_fastrtps_c.h
[9.723s] -- Up-to-date symlink: /home/rastic-smartcity/ros2_ws/install/turtlesim/lib/libturtlesim__rosidl_typesupport_fastrtps_c.so
[9.723s] -- Up-to-date symlink: /home/rastic-smartcity/ros2_ws/install/turtlesim/include/turtlesim/action/detail/rotate_absolute__rosidl_typesupport_fastrtps_cpp.hpp
[9.723s] -- Up-to-date symlink: /home/rastic-smartcity/ros2_ws/install/turtlesim/include/turtlesim/msg/detail/color__rosidl_typesupport_fastrtps_cpp.hpp
[9.723s] -- Up-to-date symlink: /home/rastic-smartcity/ros2_ws/install/turtlesim/include/turtlesim/msg/detail/pose__rosidl_typesupport_fastrtps_cpp.hpp
[9.724s] -- Up-to-date symlink: /home/rastic-smartcity/ros2_ws/install/turtlesim/include/turtlesim/msg/rosidl_typesupport_fastrtps_cpp__visibility_control.h
[9.724s] -- Up-to-date symlink: /home/rastic-smartcity/ros2_ws/install/turtlesim/include/turtlesim/srv/detail/kill__rosidl_typesupport_fastrtps_cpp.hpp
[9.724s] -- Up-to-date symlink: /home/rastic-smartcity/ros2_ws/install/turtlesim/include/turtlesim/srv/detail/set_pen__rosidl_typesupport_fastrtps_cpp.hpp
[9.724s] -- Up-to-date symlink: /home/rastic-smartcity/ros2_ws/install/turtlesim/include/turtlesim/srv/detail/spawn__rosidl_typesupport_fastrtps_cpp.hpp
[9.724s] -- Up-to-date symlink: /home/rastic-smartcity/ros2_ws/install/turtlesim/include/turtlesim/srv/detail/teleport_absolute__rosidl_typesupport_fastrtps_cpp.hpp
[9.724s] -- Up-to-date symlink: /home/rastic-smartcity/ros2_ws/install/turtlesim/include/turtlesim/srv/detail/teleport_relative__rosidl_typesupport_fastrtps_cpp.hpp
[9.724s] -- Up-to-date symlink: /home/rastic-smartcity/ros2_ws/install/turtlesim/lib/libturtlesim__rosidl_typesupport_fastrtps_cpp.so
[9.724s] -- Up-to-date symlink: /home/rastic-smartcity/ros2_ws/install/turtlesim/include/turtlesim/action/detail/rotate_absolute__rosidl_typesupport_introspection_c.h
[9.725s] -- Up-to-date symlink: /home/rastic-smartcity/ros2_ws/install/turtlesim/include/turtlesim/msg/detail/color__rosidl_typesupport_introspection_c.h
[9.725s] -- Up-to-date symlink: /home/rastic-smartcity/ros2_ws/install/turtlesim/include/turtlesim/msg/detail/pose__rosidl_typesupport_introspection_c.h
[9.725s] -- Up-to-date symlink: /home/rastic-smartcity/ros2_ws/install/turtlesim/include/turtlesim/msg/rosidl_typesupport_introspection_c__visibility_control.h
[9.725s] -- Up-to-date symlink: /home/rastic-smartcity/ros2_ws/install/turtlesim/include/turtlesim/srv/detail/kill__rosidl_typesupport_introspection_c.h
[9.725s] -- Up-to-date symlink: /home/rastic-smartcity/ros2_ws/install/turtlesim/include/turtlesim/srv/detail/set_pen__rosidl_typesupport_introspection_c.h
[9.725s] -- Up-to-date symlink: /home/rastic-smartcity/ros2_ws/install/turtlesim/include/turtlesim/srv/detail/spawn__rosidl_typesupport_introspection_c.h
[9.725s] -- Up-to-date symlink: /home/rastic-smartcity/ros2_ws/install/turtlesim/include/turtlesim/srv/detail/teleport_absolute__rosidl_typesupport_introspection_c.h
[9.725s] -- Up-to-date symlink: /home/rastic-smartcity/ros2_ws/install/turtlesim/include/turtlesim/srv/detail/teleport_relative__rosidl_typesupport_introspection_c.h
[9.726s] -- Up-to-date symlink: /home/rastic-smartcity/ros2_ws/install/turtlesim/include/turtlesim/action/detail/rotate_absolute__builder.hpp
[9.726s] -- Up-to-date symlink: /home/rastic-smartcity/ros2_ws/install/turtlesim/include/turtlesim/action/detail/rotate_absolute__struct.hpp
[9.726s] -- Up-to-date symlink: /home/rastic-smartcity/ros2_ws/install/turtlesim/include/turtlesim/action/detail/rotate_absolute__traits.hpp
[9.726s] -- Up-to-date symlink: /home/rastic-smartcity/ros2_ws/install/turtlesim/include/turtlesim/action/detail/rotate_absolute__type_support.hpp
[9.726s] -- Up-to-date symlink: /home/rastic-smartcity/ros2_ws/install/turtlesim/include/turtlesim/action/rotate_absolute.hpp
[9.726s] -- Up-to-date symlink: /home/rastic-smartcity/ros2_ws/install/turtlesim/include/turtlesim/msg/color.hpp
[9.726s] -- Up-to-date symlink: /home/rastic-smartcity/ros2_ws/install/turtlesim/include/turtlesim/msg/detail/color__builder.hpp
[9.726s] -- Up-to-date symlink: /home/rastic-smartcity/ros2_ws/install/turtlesim/include/turtlesim/msg/detail/color__struct.hpp
[9.727s] -- Up-to-date symlink: /home/rastic-smartcity/ros2_ws/install/turtlesim/include/turtlesim/msg/detail/color__traits.hpp
[9.727s] -- Up-to-date symlink: /home/rastic-smartcity/ros2_ws/install/turtlesim/include/turtlesim/msg/detail/color__type_support.hpp
[9.727s] -- Up-to-date symlink: /home/rastic-smartcity/ros2_ws/install/turtlesim/include/turtlesim/msg/detail/pose__builder.hpp
[9.727s] -- Up-to-date symlink: /home/rastic-smartcity/ros2_ws/install/turtlesim/include/turtlesim/msg/detail/pose__struct.hpp
[9.727s] -- Up-to-date symlink: /home/rastic-smartcity/ros2_ws/install/turtlesim/include/turtlesim/msg/detail/pose__traits.hpp
[9.727s] -- Up-to-date symlink: /home/rastic-smartcity/ros2_ws/install/turtlesim/include/turtlesim/msg/detail/pose__type_support.hpp
[9.727s] -- Up-to-date symlink: /home/rastic-smartcity/ros2_ws/install/turtlesim/include/turtlesim/msg/pose.hpp
[9.731s] -- Up-to-date symlink: /home/rastic-smartcity/ros2_ws/install/turtlesim/include/turtlesim/msg/rosidl_generator_cpp__visibility_control.hpp
[9.734s] -- Up-to-date symlink: /home/rastic-smartcity/ros2_ws/install/turtlesim/include/turtlesim/srv/detail/kill__builder.hpp
[9.735s] -- Up-to-date symlink: /home/rastic-smartcity/ros2_ws/install/turtlesim/include/turtlesim/srv/detail/kill__struct.hpp
[9.735s] -- Up-to-date symlink: /home/rastic-smartcity/ros2_ws/install/turtlesim/include/turtlesim/srv/detail/kill__traits.hpp
[9.735s] -- Up-to-date symlink: /home/rastic-smartcity/ros2_ws/install/turtlesim/include/turtlesim/srv/detail/kill__type_support.hpp
[9.735s] -- Up-to-date symlink: /home/rastic-smartcity/ros2_ws/install/turtlesim/include/turtlesim/srv/detail/set_pen__builder.hpp
[9.735s] -- Up-to-date symlink: /home/rastic-smartcity/ros2_ws/install/turtlesim/include/turtlesim/srv/detail/set_pen__struct.hpp
[9.735s] -- Up-to-date symlink: /home/rastic-smartcity/ros2_ws/install/turtlesim/include/turtlesim/srv/detail/set_pen__traits.hpp
[9.736s] -- Up-to-date symlink: /home/rastic-smartcity/ros2_ws/install/turtlesim/include/turtlesim/srv/detail/set_pen__type_support.hpp
[9.736s] -- Up-to-date symlink: /home/rastic-smartcity/ros2_ws/install/turtlesim/include/turtlesim/srv/detail/spawn__builder.hpp
[9.736s] -- Up-to-date symlink: /home/rastic-smartcity/ros2_ws/install/turtlesim/include/turtlesim/srv/detail/spawn__struct.hpp
[9.736s] -- Up-to-date symlink: /home/rastic-smartcity/ros2_ws/install/turtlesim/include/turtlesim/srv/detail/spawn__traits.hpp
[9.736s] -- Up-to-date symlink: /home/rastic-smartcity/ros2_ws/install/turtlesim/include/turtlesim/srv/detail/spawn__type_support.hpp
[9.736s] -- Up-to-date symlink: /home/rastic-smartcity/ros2_ws/install/turtlesim/include/turtlesim/srv/detail/teleport_absolute__builder.hpp
[9.736s] -- Up-to-date symlink: /home/rastic-smartcity/ros2_ws/install/turtlesim/include/turtlesim/srv/detail/teleport_absolute__struct.hpp
[9.737s] -- Up-to-date symlink: /home/rastic-smartcity/ros2_ws/install/turtlesim/include/turtlesim/srv/detail/teleport_absolute__traits.hpp
[9.737s] -- Up-to-date symlink: /home/rastic-smartcity/ros2_ws/install/turtlesim/include/turtlesim/srv/detail/teleport_absolute__type_support.hpp
[9.737s] -- Up-to-date symlink: /home/rastic-smartcity/ros2_ws/install/turtlesim/include/turtlesim/srv/detail/teleport_relative__builder.hpp
[9.737s] -- Up-to-date symlink: /home/rastic-smartcity/ros2_ws/install/turtlesim/include/turtlesim/srv/detail/teleport_relative__struct.hpp
[9.737s] -- Up-to-date symlink: /home/rastic-smartcity/ros2_ws/install/turtlesim/include/turtlesim/srv/detail/teleport_relative__traits.hpp
[9.737s] -- Up-to-date symlink: /home/rastic-smartcity/ros2_ws/install/turtlesim/include/turtlesim/srv/detail/teleport_relative__type_support.hpp
[9.737s] -- Up-to-date symlink: /home/rastic-smartcity/ros2_ws/install/turtlesim/include/turtlesim/srv/kill.hpp
[9.737s] -- Up-to-date symlink: /home/rastic-smartcity/ros2_ws/install/turtlesim/include/turtlesim/srv/set_pen.hpp
[9.738s] -- Up-to-date symlink: /home/rastic-smartcity/ros2_ws/install/turtlesim/include/turtlesim/srv/spawn.hpp
[9.738s] -- Up-to-date symlink: /home/rastic-smartcity/ros2_ws/install/turtlesim/include/turtlesim/srv/teleport_absolute.hpp
[9.738s] -- Up-to-date symlink: /home/rastic-smartcity/ros2_ws/install/turtlesim/include/turtlesim/srv/teleport_relative.hpp
[9.738s] -- Up-to-date symlink: /home/rastic-smartcity/ros2_ws/install/turtlesim/include/turtlesim/action/detail/rotate_absolute__rosidl_typesupport_introspection_cpp.hpp
[9.738s] -- Up-to-date symlink: /home/rastic-smartcity/ros2_ws/install/turtlesim/include/turtlesim/msg/detail/color__rosidl_typesupport_introspection_cpp.hpp
[9.738s] -- Up-to-date symlink: /home/rastic-smartcity/ros2_ws/install/turtlesim/include/turtlesim/msg/detail/pose__rosidl_typesupport_introspection_cpp.hpp
[9.738s] -- Up-to-date symlink: /home/rastic-smartcity/ros2_ws/install/turtlesim/include/turtlesim/srv/detail/kill__rosidl_typesupport_introspection_cpp.hpp
[9.738s] -- Up-to-date symlink: /home/rastic-smartcity/ros2_ws/install/turtlesim/include/turtlesim/srv/detail/set_pen__rosidl_typesupport_introspection_cpp.hpp
[9.739s] -- Up-to-date symlink: /home/rastic-smartcity/ros2_ws/install/turtlesim/include/turtlesim/srv/detail/spawn__rosidl_typesupport_introspection_cpp.hpp
[9.739s] -- Up-to-date symlink: /home/rastic-smartcity/ros2_ws/install/turtlesim/include/turtlesim/srv/detail/teleport_absolute__rosidl_typesupport_introspection_cpp.hpp
[9.739s] -- Up-to-date symlink: /home/rastic-smartcity/ros2_ws/install/turtlesim/include/turtlesim/srv/detail/teleport_relative__rosidl_typesupport_introspection_cpp.hpp
[9.739s] -- Up-to-date symlink: /home/rastic-smartcity/ros2_ws/install/turtlesim/share/turtlesim/environment/pythonpath.sh
[9.739s] -- Up-to-date symlink: /home/rastic-smartcity/ros2_ws/install/turtlesim/share/turtlesim/environment/pythonpath.dsv
[9.739s] -- Up-to-date symlink: /home/rastic-smartcity/ros2_ws/install/turtlesim/lib/python3.8/site-packages/turtlesim/__init__.py
[9.739s] -- Up-to-date symlink: /home/rastic-smartcity/ros2_ws/install/turtlesim/lib/python3.8/site-packages/turtlesim/action/__init__.py
[9.739s] -- Up-to-date symlink: /home/rastic-smartcity/ros2_ws/install/turtlesim/lib/python3.8/site-packages/turtlesim/action/_rotate_absolute.py
[9.740s] -- Up-to-date symlink: /home/rastic-smartcity/ros2_ws/install/turtlesim/lib/python3.8/site-packages/turtlesim/msg/__init__.py
[9.740s] -- Up-to-date symlink: /home/rastic-smartcity/ros2_ws/install/turtlesim/lib/python3.8/site-packages/turtlesim/msg/_color.py
[9.744s] -- Up-to-date symlink: /home/rastic-smartcity/ros2_ws/install/turtlesim/lib/python3.8/site-packages/turtlesim/msg/_pose.py
[9.744s] -- Up-to-date symlink: /home/rastic-smartcity/ros2_ws/install/turtlesim/lib/python3.8/site-packages/turtlesim/srv/__init__.py
[9.744s] -- Up-to-date symlink: /home/rastic-smartcity/ros2_ws/install/turtlesim/lib/python3.8/site-packages/turtlesim/srv/_kill.py
[9.744s] -- Up-to-date symlink: /home/rastic-smartcity/ros2_ws/install/turtlesim/lib/python3.8/site-packages/turtlesim/srv/_set_pen.py
[9.744s] -- Up-to-date symlink: /home/rastic-smartcity/ros2_ws/install/turtlesim/lib/python3.8/site-packages/turtlesim/srv/_spawn.py
[9.744s] -- Up-to-date symlink: /home/rastic-smartcity/ros2_ws/install/turtlesim/lib/python3.8/site-packages/turtlesim/srv/_teleport_absolute.py
[9.744s] -- Up-to-date symlink: /home/rastic-smartcity/ros2_ws/install/turtlesim/lib/python3.8/site-packages/turtlesim/srv/_teleport_relative.py
[9.745s] -- Up-to-date symlink: /home/rastic-smartcity/ros2_ws/install/turtlesim/lib/python3.8/site-packages/turtlesim/turtlesim_s__rosidl_typesupport_fastrtps_c.cpython-38-x86_64-linux-gnu.so
[9.745s] -- Up-to-date symlink: /home/rastic-smartcity/ros2_ws/install/turtlesim/lib/python3.8/site-packages/turtlesim/turtlesim_s__rosidl_typesupport_introspection_c.cpython-38-x86_64-linux-gnu.so
[9.745s] -- Up-to-date symlink: /home/rastic-smartcity/ros2_ws/install/turtlesim/lib/python3.8/site-packages/turtlesim/turtlesim_s__rosidl_typesupport_c.cpython-38-x86_64-linux-gnu.so
[9.745s] -- Up-to-date symlink: /home/rastic-smartcity/ros2_ws/install/turtlesim/lib/libturtlesim__python.so
[9.745s] -- Up-to-date symlink: /home/rastic-smartcity/ros2_ws/install/turtlesim/share/turtlesim/action/RotateAbsolute.idl
[9.745s] -- Up-to-date symlink: /home/rastic-smartcity/ros2_ws/install/turtlesim/share/turtlesim/msg/Color.idl
[9.745s] -- Up-to-date symlink: /home/rastic-smartcity/ros2_ws/install/turtlesim/share/turtlesim/msg/Pose.idl
[9.746s] -- Up-to-date symlink: /home/rastic-smartcity/ros2_ws/install/turtlesim/share/turtlesim/srv/Kill.idl
[9.746s] -- Up-to-date symlink: /home/rastic-smartcity/ros2_ws/install/turtlesim/share/turtlesim/srv/SetPen.idl
[9.746s] -- Up-to-date symlink: /home/rastic-smartcity/ros2_ws/install/turtlesim/share/turtlesim/srv/Spawn.idl
[9.746s] -- Up-to-date symlink: /home/rastic-smartcity/ros2_ws/install/turtlesim/share/turtlesim/srv/TeleportAbsolute.idl
[9.746s] -- Up-to-date symlink: /home/rastic-smartcity/ros2_ws/install/turtlesim/share/turtlesim/srv/TeleportRelative.idl
[9.746s] -- Up-to-date symlink: /home/rastic-smartcity/ros2_ws/install/turtlesim/share/turtlesim/action/RotateAbsolute.action
[9.747s] -- Up-to-date symlink: /home/rastic-smartcity/ros2_ws/install/turtlesim/share/turtlesim/msg/Color.msg
[9.747s] -- Up-to-date symlink: /home/rastic-smartcity/ros2_ws/install/turtlesim/share/turtlesim/msg/Pose.msg
[9.748s] -- Up-to-date symlink: /home/rastic-smartcity/ros2_ws/install/turtlesim/share/turtlesim/srv/Kill.srv
[9.748s] -- Up-to-date symlink: /home/rastic-smartcity/ros2_ws/install/turtlesim/share/turtlesim/srv/Kill_Request.msg
[9.760s] -- Up-to-date symlink: /home/rastic-smartcity/ros2_ws/install/turtlesim/share/turtlesim/srv/Kill_Response.msg
[9.760s] -- Up-to-date symlink: /home/rastic-smartcity/ros2_ws/install/turtlesim/share/turtlesim/srv/SetPen.srv
[9.761s] -- Up-to-date symlink: /home/rastic-smartcity/ros2_ws/install/turtlesim/share/turtlesim/srv/SetPen_Request.msg
[9.761s] -- Up-to-date symlink: /home/rastic-smartcity/ros2_ws/install/turtlesim/share/turtlesim/srv/SetPen_Response.msg
[9.761s] -- Up-to-date symlink: /home/rastic-smartcity/ros2_ws/install/turtlesim/share/turtlesim/srv/Spawn.srv
[9.761s] -- Up-to-date symlink: /home/rastic-smartcity/ros2_ws/install/turtlesim/share/turtlesim/srv/Spawn_Request.msg
[9.761s] -- Up-to-date symlink: /home/rastic-smartcity/ros2_ws/install/turtlesim/share/turtlesim/srv/Spawn_Response.msg
[9.761s] -- Up-to-date symlink: /home/rastic-smartcity/ros2_ws/install/turtlesim/share/turtlesim/srv/TeleportAbsolute.srv
[9.762s] -- Up-to-date symlink: /home/rastic-smartcity/ros2_ws/install/turtlesim/share/turtlesim/srv/TeleportAbsolute_Request.msg
[9.762s] -- Up-to-date symlink: /home/rastic-smartcity/ros2_ws/install/turtlesim/share/turtlesim/srv/TeleportAbsolute_Response.msg
[9.762s] -- Up-to-date symlink: /home/rastic-smartcity/ros2_ws/install/turtlesim/share/turtlesim/srv/TeleportRelative.srv
[9.762s] -- Up-to-date symlink: /home/rastic-smartcity/ros2_ws/install/turtlesim/share/turtlesim/srv/TeleportRelative_Request.msg
[9.762s] -- Up-to-date symlink: /home/rastic-smartcity/ros2_ws/install/turtlesim/share/turtlesim/srv/TeleportRelative_Response.msg
[9.762s] -- Up-to-date symlink: /home/rastic-smartcity/ros2_ws/install/turtlesim/lib/turtlesim/turtlesim_node
[9.762s] -- Up-to-date symlink: /home/rastic-smartcity/ros2_ws/install/turtlesim/lib/turtlesim/turtle_teleop_key
[9.762s] -- Up-to-date symlink: /home/rastic-smartcity/ros2_ws/install/turtlesim/lib/turtlesim/draw_square
[9.763s] -- Up-to-date symlink: /home/rastic-smartcity/ros2_ws/install/turtlesim/lib/turtlesim/mimic
[9.763s] -- Up-to-date symlink: /home/rastic-smartcity/ros2_ws/install/turtlesim/share/turtlesim/launch/multisim.launch.py
[9.763s] -- Up-to-date symlink: /home/rastic-smartcity/ros2_ws/install/turtlesim/share/ament_index/resource_index/package_run_dependencies/turtlesim
[9.763s] -- Up-to-date symlink: /home/rastic-smartcity/ros2_ws/install/turtlesim/share/ament_index/resource_index/parent_prefix_path/turtlesim
[9.763s] -- Up-to-date symlink: /home/rastic-smartcity/ros2_ws/install/turtlesim/share/turtlesim/environment/ament_prefix_path.sh
[9.763s] -- Up-to-date symlink: /home/rastic-smartcity/ros2_ws/install/turtlesim/share/turtlesim/environment/ament_prefix_path.dsv
[9.764s] -- Up-to-date symlink: /home/rastic-smartcity/ros2_ws/install/turtlesim/share/turtlesim/environment/path.sh
[9.764s] -- Up-to-date symlink: /home/rastic-smartcity/ros2_ws/install/turtlesim/share/turtlesim/environment/path.dsv
[9.764s] -- Up-to-date symlink: /home/rastic-smartcity/ros2_ws/install/turtlesim/share/turtlesim/local_setup.bash
[9.764s] -- Up-to-date symlink: /home/rastic-smartcity/ros2_ws/install/turtlesim/share/turtlesim/local_setup.sh
[9.764s] -- Up-to-date symlink: /home/rastic-smartcity/ros2_ws/install/turtlesim/share/turtlesim/local_setup.zsh
[9.764s] -- Up-to-date symlink: /home/rastic-smartcity/ros2_ws/install/turtlesim/share/turtlesim/local_setup.dsv
[9.765s] -- Symlinking: /home/rastic-smartcity/ros2_ws/install/turtlesim/share/turtlesim/package.dsv
[9.826s] -- Up-to-date symlink: /home/rastic-smartcity/ros2_ws/install/turtlesim/share/ament_index/resource_index/packages/turtlesim
[9.826s] -- Up-to-date symlink: /home/rastic-smartcity/ros2_ws/install/turtlesim/share/turtlesim/cmake/rosidl_cmake-extras.cmake
[9.826s] -- Up-to-date symlink: /home/rastic-smartcity/ros2_ws/install/turtlesim/share/turtlesim/cmake/ament_cmake_export_dependencies-extras.cmake
[9.827s] -- Up-to-date symlink: /home/rastic-smartcity/ros2_ws/install/turtlesim/share/turtlesim/cmake/ament_cmake_export_libraries-extras.cmake
[9.828s] -- Up-to-date symlink: /home/rastic-smartcity/ros2_ws/install/turtlesim/share/turtlesim/cmake/ament_cmake_export_targets-extras.cmake
[9.828s] -- Up-to-date symlink: /home/rastic-smartcity/ros2_ws/install/turtlesim/share/turtlesim/cmake/ament_cmake_export_include_directories-extras.cmake
[9.829s] -- Up-to-date symlink: /home/rastic-smartcity/ros2_ws/install/turtlesim/share/turtlesim/cmake/rosidl_cmake_export_typesupport_libraries-extras.cmake
[9.829s] -- Up-to-date symlink: /home/rastic-smartcity/ros2_ws/install/turtlesim/share/turtlesim/cmake/rosidl_cmake_export_typesupport_targets-extras.cmake
[9.829s] -- Up-to-date symlink: /home/rastic-smartcity/ros2_ws/install/turtlesim/share/turtlesim/cmake/turtlesimConfig.cmake
[9.830s] -- Up-to-date symlink: /home/rastic-smartcity/ros2_ws/install/turtlesim/share/turtlesim/cmake/turtlesimConfig-version.cmake
[9.830s] -- Up-to-date symlink: /home/rastic-smartcity/ros2_ws/install/turtlesim/share/turtlesim/package.xml
[9.831s] -- Up-to-date: /home/rastic-smartcity/ros2_ws/install/turtlesim/lib/libturtlesim__rosidl_generator_c.so
[9.832s] -- Up-to-date: /home/rastic-smartcity/ros2_ws/install/turtlesim/lib/libturtlesim__rosidl_typesupport_introspection_c.so
[9.832s] -- Up-to-date: /home/rastic-smartcity/ros2_ws/install/turtlesim/lib/libturtlesim__rosidl_typesupport_c.so
[9.833s] -- Up-to-date: /home/rastic-smartcity/ros2_ws/install/turtlesim/lib/libturtlesim__rosidl_typesupport_introspection_cpp.so
[9.834s] -- Up-to-date: /home/rastic-smartcity/ros2_ws/install/turtlesim/lib/libturtlesim__rosidl_typesupport_cpp.so
[9.985s] Compiling '/home/rastic-smartcity/ros2_ws/install/turtlesim/lib/python3.8/site-packages/turtlesim/__init__.py'...
[10.008s] -- Up-to-date: /home/rastic-smartcity/ros2_ws/install/turtlesim/share/turtlesim/images
[10.009s] -- Up-to-date: /home/rastic-smartcity/ros2_ws/install/turtlesim/share/turtlesim/images/crystal.png
[10.009s] -- Up-to-date: /home/rastic-smartcity/ros2_ws/install/turtlesim/share/turtlesim/images/foxy.png
[10.009s] -- Up-to-date: /home/rastic-smartcity/ros2_ws/install/turtlesim/share/turtlesim/images/dashing.png
[10.009s] -- Up-to-date: /home/rastic-smartcity/ros2_ws/install/turtlesim/share/turtlesim/images/ardent.png
[10.009s] -- Up-to-date: /home/rastic-smartcity/ros2_ws/install/turtlesim/share/turtlesim/images/bouncy.png
[10.010s] -- Up-to-date: /home/rastic-smartcity/ros2_ws/install/turtlesim/share/turtlesim/images/eloquent.png
[10.010s] -- Up-to-date: /home/rastic-smartcity/ros2_ws/install/turtlesim/share/turtlesim/cmake/turtlesim__rosidl_generator_cExport.cmake
[10.010s] -- Installing: /home/rastic-smartcity/ros2_ws/install/turtlesim/share/turtlesim/cmake/turtlesim__rosidl_generator_cExport-noconfig.cmake
[10.010s] -- Up-to-date: /home/rastic-smartcity/ros2_ws/install/turtlesim/share/turtlesim/cmake/turtlesim__rosidl_typesupport_introspection_cExport.cmake
[10.010s] -- Installing: /home/rastic-smartcity/ros2_ws/install/turtlesim/share/turtlesim/cmake/turtlesim__rosidl_typesupport_introspection_cExport-noconfig.cmake
[10.011s] -- Up-to-date: /home/rastic-smartcity/ros2_ws/install/turtlesim/share/turtlesim/cmake/turtlesim__rosidl_typesupport_cExport.cmake
[10.011s] -- Installing: /home/rastic-smartcity/ros2_ws/install/turtlesim/share/turtlesim/cmake/turtlesim__rosidl_typesupport_cExport-noconfig.cmake
[10.011s] -- Up-to-date: /home/rastic-smartcity/ros2_ws/install/turtlesim/share/turtlesim/cmake/turtlesim__rosidl_generator_cppExport.cmake
[10.011s] -- Up-to-date: /home/rastic-smartcity/ros2_ws/install/turtlesim/share/turtlesim/cmake/turtlesim__rosidl_typesupport_introspection_cppExport.cmake
[10.011s] -- Installing: /home/rastic-smartcity/ros2_ws/install/turtlesim/share/turtlesim/cmake/turtlesim__rosidl_typesupport_introspection_cppExport-noconfig.cmake
[10.012s] -- Up-to-date: /home/rastic-smartcity/ros2_ws/install/turtlesim/share/turtlesim/cmake/turtlesim__rosidl_typesupport_cppExport.cmake
[10.012s] -- Installing: /home/rastic-smartcity/ros2_ws/install/turtlesim/share/turtlesim/cmake/turtlesim__rosidl_typesupport_cppExport-noconfig.cmake
[10.020s] Invoked command in '/home/rastic-smartcity/ros2_ws/build/turtlesim' returned '0': CMAKE_PREFIX_PATH=${CMAKE_PREFIX_PATH}:/home/rastic-smartcity/ros2_ws/install/turtle_demo_controller:/home/rastic-smartcity/ros2_ws/install/Rastic_seminar_Python:/home/rastic-smartcity/ros2_ws/install/Rastic_seminar_python:/opt/ros/foxy /usr/bin/cmake --install /home/rastic-smartcity/ros2_ws/build/turtlesim
