[0.090s] Invoking command in '/home/rastic-smartcity/ros2_ws/build/examples_rclcpp_minimal_action_server': CMAKE_PREFIX_PATH=${CMAKE_PREFIX_PATH}:/home/rastic-smartcity/ros2_ws/install/turtle_demo_controller:/home/rastic-smartcity/ros2_ws/install/Rastic_seminar_Python:/home/rastic-smartcity/ros2_ws/install/Rastic_seminar_python:/opt/ros/foxy /usr/bin/cmake /home/rastic-smartcity/ros2_ws/src/examples/rclcpp/actions/minimal_action_server -DAMENT_CMAKE_SYMLINK_INSTALL=1 -DCMAKE_INSTALL_PREFIX=/home/rastic-smartcity/ros2_ws/install/examples_rclcpp_minimal_action_server
[0.894s] -- The C compiler identification is GNU 9.4.0
[0.894s] -- The CXX compiler identification is GNU 9.4.0
[0.895s] -- Check for working C compiler: /usr/bin/cc
[0.895s] -- Check for working C compiler: /usr/bin/cc -- works
[0.895s] -- Detecting C compiler ABI info
[0.895s] -- Detecting C compiler ABI info - done
[0.895s] -- Detecting C compile features
[0.895s] -- Detecting C compile features - done
[0.895s] -- Check for working CXX compiler: /usr/bin/c++
[0.895s] -- Check for working CXX compiler: /usr/bin/c++ -- works
[0.895s] -- Detecting CXX compiler ABI info
[0.895s] -- Detecting CXX compiler ABI info - done
[0.896s] -- Detecting CXX compile features
[0.897s] -- Detecting CXX compile features - done
[0.898s] -- Found ament_cmake: 0.9.12 (/opt/ros/foxy/share/ament_cmake/cmake)
[0.934s] -- Found PythonInterp: /usr/bin/python3 (found suitable version "3.8.10", minimum required is "3") 
[0.935s] -- Using PYTHON_EXECUTABLE: /usr/bin/python3
[1.320s] -- Override CMake install command with custom implementation using symlinks instead of copying resources
[1.400s] -- Found example_interfaces: 0.9.1 (/opt/ros/foxy/share/example_interfaces/cmake)
[1.467s] -- Using all available rosidl_typesupport_c: rosidl_typesupport_fastrtps_c;rosidl_typesupport_introspection_c
[1.480s] -- Found rosidl_adapter: 1.3.1 (/opt/ros/foxy/share/rosidl_adapter/cmake)
[1.717s] -- Found OpenSSL: /usr/lib/x86_64-linux-gnu/libcrypto.so (found version "1.1.1f")  
[1.781s] -- Found FastRTPS: /opt/ros/foxy/include  
[1.944s] -- Using all available rosidl_typesupport_cpp: rosidl_typesupport_fastrtps_cpp;rosidl_typesupport_introspection_cpp
[2.263s] -- Found rclcpp: 2.4.3 (/opt/ros/foxy/share/rclcpp/cmake)
[2.343s] -- Found rmw_implementation_cmake: 1.0.4 (/opt/ros/foxy/share/rmw_implementation_cmake/cmake)
[2.344s] -- Using RMW implementation 'rmw_fastrtps_cpp' as default
[2.346s] -- Looking for pthread.h
[2.592s] -- Looking for pthread.h - found
[2.592s] -- Performing Test CMAKE_HAVE_LIBC_PTHREAD
[2.757s] -- Performing Test CMAKE_HAVE_LIBC_PTHREAD - Failed
[2.757s] -- Looking for pthread_create in pthreads
[2.897s] -- Looking for pthread_create in pthreads - not found
[2.897s] -- Looking for pthread_create in pthread
[3.091s] -- Looking for pthread_create in pthread - found
[3.094s] -- Found Threads: TRUE  
[3.465s] -- Found rclcpp_action: 2.4.3 (/opt/ros/foxy/share/rclcpp_action/cmake)
[3.522s] -- Found ament_lint_auto: 0.9.8 (/opt/ros/foxy/share/ament_lint_auto/cmake)
[3.665s] -- Added test 'copyright' to check source files copyright and LICENSE
[3.668s] -- Added test 'cppcheck' to perform static code analysis on C / C++ code
[3.668s] -- Configured cppcheck include dirs: 
[3.668s] -- Configured cppcheck exclude dirs and/or files: 
[3.670s] -- Added test 'cpplint' to check C / C++ code against the Google style
[3.670s] -- Configured cpplint exclude dirs and/or files: 
[3.671s] -- Added test 'lint_cmake' to check CMake code style
[3.673s] -- Added test 'uncrustify' to check C / C++ code style
[3.673s] -- Configured uncrustify additional arguments: 
[3.674s] -- Added test 'xmllint' to check XML markup files
[3.681s] -- Configuring done
[3.709s] -- Generating done
[3.712s] -- Build files have been written to: /home/rastic-smartcity/ros2_ws/build/examples_rclcpp_minimal_action_server
[5.015s] Invoked command in '/home/rastic-smartcity/ros2_ws/build/examples_rclcpp_minimal_action_server' returned '0': CMAKE_PREFIX_PATH=${CMAKE_PREFIX_PATH}:/home/rastic-smartcity/ros2_ws/install/turtle_demo_controller:/home/rastic-smartcity/ros2_ws/install/Rastic_seminar_Python:/home/rastic-smartcity/ros2_ws/install/Rastic_seminar_python:/opt/ros/foxy /usr/bin/cmake /home/rastic-smartcity/ros2_ws/src/examples/rclcpp/actions/minimal_action_server -DAMENT_CMAKE_SYMLINK_INSTALL=1 -DCMAKE_INSTALL_PREFIX=/home/rastic-smartcity/ros2_ws/install/examples_rclcpp_minimal_action_server
[5.017s] Invoking command in '/home/rastic-smartcity/ros2_ws/build/examples_rclcpp_minimal_action_server': CMAKE_PREFIX_PATH=${CMAKE_PREFIX_PATH}:/home/rastic-smartcity/ros2_ws/install/turtle_demo_controller:/home/rastic-smartcity/ros2_ws/install/Rastic_seminar_Python:/home/rastic-smartcity/ros2_ws/install/Rastic_seminar_python:/opt/ros/foxy /usr/bin/cmake --build /home/rastic-smartcity/ros2_ws/build/examples_rclcpp_minimal_action_server -- -j12 -l12
[5.261s] [35m[1mScanning dependencies of target action_server_member_functions[0m
[5.262s] [35m[1mScanning dependencies of target action_server_not_composable[0m
[5.474s] [ 25%] [32mBuilding CXX object CMakeFiles/action_server_member_functions.dir/member_functions.cpp.o[0m
[5.510s] [ 50%] [32mBuilding CXX object CMakeFiles/action_server_not_composable.dir/not_composable.cpp.o[0m
[14.545s] [ 75%] [32m[1mLinking CXX executable action_server_member_functions[0m
[15.008s] [ 75%] Built target action_server_member_functions
[15.551s] [100%] [32m[1mLinking CXX executable action_server_not_composable[0m
[16.056s] [100%] Built target action_server_not_composable
[16.728s] Invoked command in '/home/rastic-smartcity/ros2_ws/build/examples_rclcpp_minimal_action_server' returned '0': CMAKE_PREFIX_PATH=${CMAKE_PREFIX_PATH}:/home/rastic-smartcity/ros2_ws/install/turtle_demo_controller:/home/rastic-smartcity/ros2_ws/install/Rastic_seminar_Python:/home/rastic-smartcity/ros2_ws/install/Rastic_seminar_python:/opt/ros/foxy /usr/bin/cmake --build /home/rastic-smartcity/ros2_ws/build/examples_rclcpp_minimal_action_server -- -j12 -l12
[16.825s] Invoking command in '/home/rastic-smartcity/ros2_ws/build/examples_rclcpp_minimal_action_server': CMAKE_PREFIX_PATH=${CMAKE_PREFIX_PATH}:/home/rastic-smartcity/ros2_ws/install/turtle_demo_controller:/home/rastic-smartcity/ros2_ws/install/Rastic_seminar_Python:/home/rastic-smartcity/ros2_ws/install/Rastic_seminar_python:/opt/ros/foxy /usr/bin/cmake --install /home/rastic-smartcity/ros2_ws/build/examples_rclcpp_minimal_action_server
[16.854s] -- Install configuration: ""
[16.854s] -- Execute custom install script
[16.855s] -- Symlinking: /home/rastic-smartcity/ros2_ws/install/examples_rclcpp_minimal_action_server/lib/examples_rclcpp_minimal_action_server/action_server_not_composable
[16.872s] -- Symlinking: /home/rastic-smartcity/ros2_ws/install/examples_rclcpp_minimal_action_server/lib/examples_rclcpp_minimal_action_server/action_server_member_functions
[16.893s] -- Symlinking: /home/rastic-smartcity/ros2_ws/install/examples_rclcpp_minimal_action_server/share/ament_index/resource_index/package_run_dependencies/examples_rclcpp_minimal_action_server
[16.913s] -- Symlinking: /home/rastic-smartcity/ros2_ws/install/examples_rclcpp_minimal_action_server/share/ament_index/resource_index/parent_prefix_path/examples_rclcpp_minimal_action_server
[16.931s] -- Symlinking: /home/rastic-smartcity/ros2_ws/install/examples_rclcpp_minimal_action_server/share/examples_rclcpp_minimal_action_server/environment/ament_prefix_path.sh
[16.952s] -- Symlinking: /home/rastic-smartcity/ros2_ws/install/examples_rclcpp_minimal_action_server/share/examples_rclcpp_minimal_action_server/environment/ament_prefix_path.dsv
[16.971s] -- Symlinking: /home/rastic-smartcity/ros2_ws/install/examples_rclcpp_minimal_action_server/share/examples_rclcpp_minimal_action_server/environment/path.sh
[16.989s] -- Symlinking: /home/rastic-smartcity/ros2_ws/install/examples_rclcpp_minimal_action_server/share/examples_rclcpp_minimal_action_server/environment/path.dsv
[17.027s] -- Symlinking: /home/rastic-smartcity/ros2_ws/install/examples_rclcpp_minimal_action_server/share/examples_rclcpp_minimal_action_server/local_setup.bash
[17.042s] -- Symlinking: /home/rastic-smartcity/ros2_ws/install/examples_rclcpp_minimal_action_server/share/examples_rclcpp_minimal_action_server/local_setup.sh
[17.087s] -- Symlinking: /home/rastic-smartcity/ros2_ws/install/examples_rclcpp_minimal_action_server/share/examples_rclcpp_minimal_action_server/local_setup.zsh
[17.103s] -- Symlinking: /home/rastic-smartcity/ros2_ws/install/examples_rclcpp_minimal_action_server/share/examples_rclcpp_minimal_action_server/local_setup.dsv
[17.122s] -- Symlinking: /home/rastic-smartcity/ros2_ws/install/examples_rclcpp_minimal_action_server/share/examples_rclcpp_minimal_action_server/package.dsv
[17.142s] -- Symlinking: /home/rastic-smartcity/ros2_ws/install/examples_rclcpp_minimal_action_server/share/ament_index/resource_index/packages/examples_rclcpp_minimal_action_server
[17.168s] -- Symlinking: /home/rastic-smartcity/ros2_ws/install/examples_rclcpp_minimal_action_server/share/examples_rclcpp_minimal_action_server/cmake/examples_rclcpp_minimal_action_serverConfig.cmake
[17.182s] -- Symlinking: /home/rastic-smartcity/ros2_ws/install/examples_rclcpp_minimal_action_server/share/examples_rclcpp_minimal_action_server/cmake/examples_rclcpp_minimal_action_serverConfig-version.cmake
[17.206s] -- Symlinking: /home/rastic-smartcity/ros2_ws/install/examples_rclcpp_minimal_action_server/share/examples_rclcpp_minimal_action_server/package.xml
[17.225s] Invoked command in '/home/rastic-smartcity/ros2_ws/build/examples_rclcpp_minimal_action_server' returned '0': CMAKE_PREFIX_PATH=${CMAKE_PREFIX_PATH}:/home/rastic-smartcity/ros2_ws/install/turtle_demo_controller:/home/rastic-smartcity/ros2_ws/install/Rastic_seminar_Python:/home/rastic-smartcity/ros2_ws/install/Rastic_seminar_python:/opt/ros/foxy /usr/bin/cmake --install /home/rastic-smartcity/ros2_ws/build/examples_rclcpp_minimal_action_server
