[1.863s] Invoking command in '/home/rastic-smartcity/ros2_ws/build/examples_rclpy_minimal_subscriber': PYTHONPATH=/home/rastic-smartcity/ros2_ws/build/examples_rclpy_minimal_subscriber/prefix_override:/usr/lib/python3/dist-packages/colcon_core/task/python/colcon_distutils_commands:/home/rastic-smartcity/ros2_ws/install/examples_rclpy_minimal_subscriber/lib/python3.8/site-packages:${PYTHONPATH} /usr/bin/python3 -W ignore:setup.py install is deprecated setup.py develop --uninstall --editable --build-directory /home/rastic-smartcity/ros2_ws/build/examples_rclpy_minimal_subscriber/build
[2.157s] running develop
[2.432s] Removing /home/rastic-smartcity/ros2_ws/install/examples_rclpy_minimal_subscriber/lib/python3.8/site-packages/examples-rclpy-minimal-subscriber.egg-link (link to .)
[2.487s] Invoked command in '/home/rastic-smartcity/ros2_ws/build/examples_rclpy_minimal_subscriber' returned '0': PYTHONPATH=/home/rastic-smartcity/ros2_ws/build/examples_rclpy_minimal_subscriber/prefix_override:/usr/lib/python3/dist-packages/colcon_core/task/python/colcon_distutils_commands:/home/rastic-smartcity/ros2_ws/install/examples_rclpy_minimal_subscriber/lib/python3.8/site-packages:${PYTHONPATH} /usr/bin/python3 -W ignore:setup.py install is deprecated setup.py develop --uninstall --editable --build-directory /home/rastic-smartcity/ros2_ws/build/examples_rclpy_minimal_subscriber/build
[2.493s] Invoking command in '/home/rastic-smartcity/ros2_ws/src/examples/rclpy/topics/minimal_subscriber': PYTHONPATH=/home/rastic-smartcity/ros2_ws/build/examples_rclpy_minimal_subscriber/prefix_override:/usr/lib/python3/dist-packages/colcon_core/task/python/colcon_distutils_commands:/home/rastic-smartcity/ros2_ws/install/examples_rclpy_minimal_subscriber/lib/python3.8/site-packages:${PYTHONPATH} /usr/bin/python3 -W ignore:setup.py install is deprecated setup.py egg_info --egg-base ../../../../../build/examples_rclpy_minimal_subscriber build --build-base /home/rastic-smartcity/ros2_ws/build/examples_rclpy_minimal_subscriber/build install --record /home/rastic-smartcity/ros2_ws/build/examples_rclpy_minimal_subscriber/install.log --install-scripts $base/lib/examples_rclpy_minimal_subscriber --single-version-externally-managed install_data --force
[2.892s] running egg_info
[2.893s] writing ../../../../../build/examples_rclpy_minimal_subscriber/examples_rclpy_minimal_subscriber.egg-info/PKG-INFO
[2.893s] writing dependency_links to ../../../../../build/examples_rclpy_minimal_subscriber/examples_rclpy_minimal_subscriber.egg-info/dependency_links.txt
[2.893s] writing entry points to ../../../../../build/examples_rclpy_minimal_subscriber/examples_rclpy_minimal_subscriber.egg-info/entry_points.txt
[2.894s] writing requirements to ../../../../../build/examples_rclpy_minimal_subscriber/examples_rclpy_minimal_subscriber.egg-info/requires.txt
[2.894s] writing top-level names to ../../../../../build/examples_rclpy_minimal_subscriber/examples_rclpy_minimal_subscriber.egg-info/top_level.txt
[2.931s] reading manifest file '../../../../../build/examples_rclpy_minimal_subscriber/examples_rclpy_minimal_subscriber.egg-info/SOURCES.txt'
[2.932s] writing manifest file '../../../../../build/examples_rclpy_minimal_subscriber/examples_rclpy_minimal_subscriber.egg-info/SOURCES.txt'
[2.932s] running build
[2.933s] running build_py
[2.933s] creating /home/rastic-smartcity/ros2_ws/build/examples_rclpy_minimal_subscriber/build
[2.933s] creating /home/rastic-smartcity/ros2_ws/build/examples_rclpy_minimal_subscriber/build/lib
[2.933s] creating /home/rastic-smartcity/ros2_ws/build/examples_rclpy_minimal_subscriber/build/lib/examples_rclpy_minimal_subscriber
[2.933s] copying examples_rclpy_minimal_subscriber/subscriber_old_school.py -> /home/rastic-smartcity/ros2_ws/build/examples_rclpy_minimal_subscriber/build/lib/examples_rclpy_minimal_subscriber
[2.933s] copying examples_rclpy_minimal_subscriber/subscriber_member_function.py -> /home/rastic-smartcity/ros2_ws/build/examples_rclpy_minimal_subscriber/build/lib/examples_rclpy_minimal_subscriber
[2.934s] copying examples_rclpy_minimal_subscriber/subscriber_lambda.py -> /home/rastic-smartcity/ros2_ws/build/examples_rclpy_minimal_subscriber/build/lib/examples_rclpy_minimal_subscriber
[2.934s] copying examples_rclpy_minimal_subscriber/__init__.py -> /home/rastic-smartcity/ros2_ws/build/examples_rclpy_minimal_subscriber/build/lib/examples_rclpy_minimal_subscriber
[2.934s] running install
[2.934s] running install_lib
[2.934s] creating /home/rastic-smartcity/ros2_ws/install/examples_rclpy_minimal_subscriber/lib/python3.8/site-packages/examples_rclpy_minimal_subscriber
[2.935s] copying /home/rastic-smartcity/ros2_ws/build/examples_rclpy_minimal_subscriber/build/lib/examples_rclpy_minimal_subscriber/subscriber_old_school.py -> /home/rastic-smartcity/ros2_ws/install/examples_rclpy_minimal_subscriber/lib/python3.8/site-packages/examples_rclpy_minimal_subscriber
[2.935s] copying /home/rastic-smartcity/ros2_ws/build/examples_rclpy_minimal_subscriber/build/lib/examples_rclpy_minimal_subscriber/subscriber_member_function.py -> /home/rastic-smartcity/ros2_ws/install/examples_rclpy_minimal_subscriber/lib/python3.8/site-packages/examples_rclpy_minimal_subscriber
[2.935s] copying /home/rastic-smartcity/ros2_ws/build/examples_rclpy_minimal_subscriber/build/lib/examples_rclpy_minimal_subscriber/subscriber_lambda.py -> /home/rastic-smartcity/ros2_ws/install/examples_rclpy_minimal_subscriber/lib/python3.8/site-packages/examples_rclpy_minimal_subscriber
[2.935s] copying /home/rastic-smartcity/ros2_ws/build/examples_rclpy_minimal_subscriber/build/lib/examples_rclpy_minimal_subscriber/__init__.py -> /home/rastic-smartcity/ros2_ws/install/examples_rclpy_minimal_subscriber/lib/python3.8/site-packages/examples_rclpy_minimal_subscriber
[2.935s] byte-compiling /home/rastic-smartcity/ros2_ws/install/examples_rclpy_minimal_subscriber/lib/python3.8/site-packages/examples_rclpy_minimal_subscriber/subscriber_old_school.py to subscriber_old_school.cpython-38.pyc
[2.937s] byte-compiling /home/rastic-smartcity/ros2_ws/install/examples_rclpy_minimal_subscriber/lib/python3.8/site-packages/examples_rclpy_minimal_subscriber/subscriber_member_function.py to subscriber_member_function.cpython-38.pyc
[2.937s] byte-compiling /home/rastic-smartcity/ros2_ws/install/examples_rclpy_minimal_subscriber/lib/python3.8/site-packages/examples_rclpy_minimal_subscriber/subscriber_lambda.py to subscriber_lambda.cpython-38.pyc
[2.937s] byte-compiling /home/rastic-smartcity/ros2_ws/install/examples_rclpy_minimal_subscriber/lib/python3.8/site-packages/examples_rclpy_minimal_subscriber/__init__.py to __init__.cpython-38.pyc
[2.938s] running install_data
[2.938s] copying resource/examples_rclpy_minimal_subscriber -> /home/rastic-smartcity/ros2_ws/install/examples_rclpy_minimal_subscriber/share/ament_index/resource_index/packages
[2.938s] copying package.xml -> /home/rastic-smartcity/ros2_ws/install/examples_rclpy_minimal_subscriber/share/examples_rclpy_minimal_subscriber
[2.938s] running install_egg_info
[2.939s] Copying ../../../../../build/examples_rclpy_minimal_subscriber/examples_rclpy_minimal_subscriber.egg-info to /home/rastic-smartcity/ros2_ws/install/examples_rclpy_minimal_subscriber/lib/python3.8/site-packages/examples_rclpy_minimal_subscriber-0.9.4-py3.8.egg-info
[2.940s] running install_scripts
[2.960s] Installing subscriber_lambda script to /home/rastic-smartcity/ros2_ws/install/examples_rclpy_minimal_subscriber/lib/examples_rclpy_minimal_subscriber
[2.960s] Installing subscriber_member_function script to /home/rastic-smartcity/ros2_ws/install/examples_rclpy_minimal_subscriber/lib/examples_rclpy_minimal_subscriber
[2.961s] Installing subscriber_old_school script to /home/rastic-smartcity/ros2_ws/install/examples_rclpy_minimal_subscriber/lib/examples_rclpy_minimal_subscriber
[2.961s] writing list of installed files to '/home/rastic-smartcity/ros2_ws/build/examples_rclpy_minimal_subscriber/install.log'
[2.986s] Invoked command in '/home/rastic-smartcity/ros2_ws/src/examples/rclpy/topics/minimal_subscriber' returned '0': PYTHONPATH=/home/rastic-smartcity/ros2_ws/build/examples_rclpy_minimal_subscriber/prefix_override:/usr/lib/python3/dist-packages/colcon_core/task/python/colcon_distutils_commands:/home/rastic-smartcity/ros2_ws/install/examples_rclpy_minimal_subscriber/lib/python3.8/site-packages:${PYTHONPATH} /usr/bin/python3 -W ignore:setup.py install is deprecated setup.py egg_info --egg-base ../../../../../build/examples_rclpy_minimal_subscriber build --build-base /home/rastic-smartcity/ros2_ws/build/examples_rclpy_minimal_subscriber/build install --record /home/rastic-smartcity/ros2_ws/build/examples_rclpy_minimal_subscriber/install.log --install-scripts $base/lib/examples_rclpy_minimal_subscriber --single-version-externally-managed install_data --force
