[0.142s] Invoking command in '/home/rastic-smartcity/ros2_ws/build/examples_rclcpp_minimal_subscriber': CMAKE_PREFIX_PATH=${CMAKE_PREFIX_PATH}:/home/rastic-smartcity/ros2_ws/install/examples_rclpy_minimal_subscriber:/home/rastic-smartcity/ros2_ws/install/examples_rclpy_minimal_service:/home/rastic-smartcity/ros2_ws/install/examples_rclpy_minimal_publisher:/home/rastic-smartcity/ros2_ws/install/examples_rclpy_minimal_client:/home/rastic-smartcity/ros2_ws/install/examples_rclpy_minimal_action_server:/home/rastic-smartcity/ros2_ws/install/examples_rclpy_minimal_action_client:/home/rastic-smartcity/ros2_ws/install/examples_rclpy_executors:/home/rastic-smartcity/ros2_ws/install/turtle_demo_controller:/home/rastic-smartcity/ros2_ws/install/Rastic_seminar_Python:/home/rastic-smartcity/ros2_ws/install/Rastic_seminar_python:/opt/ros/foxy /usr/bin/cmake --build /home/rastic-smartcity/ros2_ws/build/examples_rclcpp_minimal_subscriber -- -j12 -l12
[0.926s] [ 33%] Built target subscriber_not_composable
[0.926s] [ 66%] Built target subscriber_lambda
[0.926s] [100%] Built target subscriber_member_function
[0.959s] Invoked command in '/home/rastic-smartcity/ros2_ws/build/examples_rclcpp_minimal_subscriber' returned '0': CMAKE_PREFIX_PATH=${CMAKE_PREFIX_PATH}:/home/rastic-smartcity/ros2_ws/install/examples_rclpy_minimal_subscriber:/home/rastic-smartcity/ros2_ws/install/examples_rclpy_minimal_service:/home/rastic-smartcity/ros2_ws/install/examples_rclpy_minimal_publisher:/home/rastic-smartcity/ros2_ws/install/examples_rclpy_minimal_client:/home/rastic-smartcity/ros2_ws/install/examples_rclpy_minimal_action_server:/home/rastic-smartcity/ros2_ws/install/examples_rclpy_minimal_action_client:/home/rastic-smartcity/ros2_ws/install/examples_rclpy_executors:/home/rastic-smartcity/ros2_ws/install/turtle_demo_controller:/home/rastic-smartcity/ros2_ws/install/Rastic_seminar_Python:/home/rastic-smartcity/ros2_ws/install/Rastic_seminar_python:/opt/ros/foxy /usr/bin/cmake --build /home/rastic-smartcity/ros2_ws/build/examples_rclcpp_minimal_subscriber -- -j12 -l12
[1.120s] Invoking command in '/home/rastic-smartcity/ros2_ws/build/examples_rclcpp_minimal_subscriber': CMAKE_PREFIX_PATH=${CMAKE_PREFIX_PATH}:/home/rastic-smartcity/ros2_ws/install/examples_rclpy_minimal_subscriber:/home/rastic-smartcity/ros2_ws/install/examples_rclpy_minimal_service:/home/rastic-smartcity/ros2_ws/install/examples_rclpy_minimal_publisher:/home/rastic-smartcity/ros2_ws/install/examples_rclpy_minimal_client:/home/rastic-smartcity/ros2_ws/install/examples_rclpy_minimal_action_server:/home/rastic-smartcity/ros2_ws/install/examples_rclpy_minimal_action_client:/home/rastic-smartcity/ros2_ws/install/examples_rclpy_executors:/home/rastic-smartcity/ros2_ws/install/turtle_demo_controller:/home/rastic-smartcity/ros2_ws/install/Rastic_seminar_Python:/home/rastic-smartcity/ros2_ws/install/Rastic_seminar_python:/opt/ros/foxy /usr/bin/cmake --install /home/rastic-smartcity/ros2_ws/build/examples_rclcpp_minimal_subscriber
[1.144s] -- Install configuration: ""
[1.145s] -- Execute custom install script
[1.145s] -- Up-to-date symlink: /home/rastic-smartcity/ros2_ws/install/examples_rclcpp_minimal_subscriber/lib/examples_rclcpp_minimal_subscriber/subscriber_lambda
[1.145s] -- Up-to-date symlink: /home/rastic-smartcity/ros2_ws/install/examples_rclcpp_minimal_subscriber/lib/examples_rclcpp_minimal_subscriber/subscriber_member_function
[1.146s] -- Up-to-date symlink: /home/rastic-smartcity/ros2_ws/install/examples_rclcpp_minimal_subscriber/lib/examples_rclcpp_minimal_subscriber/subscriber_not_composable
[1.146s] -- Up-to-date symlink: /home/rastic-smartcity/ros2_ws/install/examples_rclcpp_minimal_subscriber/share/ament_index/resource_index/package_run_dependencies/examples_rclcpp_minimal_subscriber
[1.146s] -- Up-to-date symlink: /home/rastic-smartcity/ros2_ws/install/examples_rclcpp_minimal_subscriber/share/ament_index/resource_index/parent_prefix_path/examples_rclcpp_minimal_subscriber
[1.146s] -- Up-to-date symlink: /home/rastic-smartcity/ros2_ws/install/examples_rclcpp_minimal_subscriber/share/examples_rclcpp_minimal_subscriber/environment/ament_prefix_path.sh
[1.147s] -- Up-to-date symlink: /home/rastic-smartcity/ros2_ws/install/examples_rclcpp_minimal_subscriber/share/examples_rclcpp_minimal_subscriber/environment/ament_prefix_path.dsv
[1.148s] -- Up-to-date symlink: /home/rastic-smartcity/ros2_ws/install/examples_rclcpp_minimal_subscriber/share/examples_rclcpp_minimal_subscriber/environment/path.sh
[1.148s] -- Up-to-date symlink: /home/rastic-smartcity/ros2_ws/install/examples_rclcpp_minimal_subscriber/share/examples_rclcpp_minimal_subscriber/environment/path.dsv
[1.148s] -- Up-to-date symlink: /home/rastic-smartcity/ros2_ws/install/examples_rclcpp_minimal_subscriber/share/examples_rclcpp_minimal_subscriber/local_setup.bash
[1.150s] -- Up-to-date symlink: /home/rastic-smartcity/ros2_ws/install/examples_rclcpp_minimal_subscriber/share/examples_rclcpp_minimal_subscriber/local_setup.sh
[1.151s] -- Up-to-date symlink: /home/rastic-smartcity/ros2_ws/install/examples_rclcpp_minimal_subscriber/share/examples_rclcpp_minimal_subscriber/local_setup.zsh
[1.154s] -- Up-to-date symlink: /home/rastic-smartcity/ros2_ws/install/examples_rclcpp_minimal_subscriber/share/examples_rclcpp_minimal_subscriber/local_setup.dsv
[1.155s] -- Symlinking: /home/rastic-smartcity/ros2_ws/install/examples_rclcpp_minimal_subscriber/share/examples_rclcpp_minimal_subscriber/package.dsv
[1.165s] -- Up-to-date symlink: /home/rastic-smartcity/ros2_ws/install/examples_rclcpp_minimal_subscriber/share/ament_index/resource_index/packages/examples_rclcpp_minimal_subscriber
[1.165s] -- Up-to-date symlink: /home/rastic-smartcity/ros2_ws/install/examples_rclcpp_minimal_subscriber/share/examples_rclcpp_minimal_subscriber/cmake/examples_rclcpp_minimal_subscriberConfig.cmake
[1.165s] -- Up-to-date symlink: /home/rastic-smartcity/ros2_ws/install/examples_rclcpp_minimal_subscriber/share/examples_rclcpp_minimal_subscriber/cmake/examples_rclcpp_minimal_subscriberConfig-version.cmake
[1.165s] -- Up-to-date symlink: /home/rastic-smartcity/ros2_ws/install/examples_rclcpp_minimal_subscriber/share/examples_rclcpp_minimal_subscriber/package.xml
[1.282s] Invoked command in '/home/rastic-smartcity/ros2_ws/build/examples_rclcpp_minimal_subscriber' returned '0': CMAKE_PREFIX_PATH=${CMAKE_PREFIX_PATH}:/home/rastic-smartcity/ros2_ws/install/examples_rclpy_minimal_subscriber:/home/rastic-smartcity/ros2_ws/install/examples_rclpy_minimal_service:/home/rastic-smartcity/ros2_ws/install/examples_rclpy_minimal_publisher:/home/rastic-smartcity/ros2_ws/install/examples_rclpy_minimal_client:/home/rastic-smartcity/ros2_ws/install/examples_rclpy_minimal_action_server:/home/rastic-smartcity/ros2_ws/install/examples_rclpy_minimal_action_client:/home/rastic-smartcity/ros2_ws/install/examples_rclpy_executors:/home/rastic-smartcity/ros2_ws/install/turtle_demo_controller:/home/rastic-smartcity/ros2_ws/install/Rastic_seminar_Python:/home/rastic-smartcity/ros2_ws/install/Rastic_seminar_python:/opt/ros/foxy /usr/bin/cmake --install /home/rastic-smartcity/ros2_ws/build/examples_rclcpp_minimal_subscriber
