[0.251s] Invoking command in '/home/rastic-smartcity/ros2_ws/build/turtlesim': CMAKE_PREFIX_PATH=${CMAKE_PREFIX_PATH}:/home/rastic-smartcity/ros2_ws/install/Rastic_seminar_python:/opt/ros/foxy /usr/bin/cmake --build /home/rastic-smartcity/ros2_ws/build/turtlesim -- -j12 -l12
[0.308s] [ 10%] Built target turtlesim__rosidl_generator_c
[0.320s] [ 11%] Built target turtlesim__cpp
[0.338s] [ 21%] Built target turtlesim__rosidl_typesupport_c
[0.347s] [ 31%] Built target turtlesim__rosidl_typesupport_cpp
[0.352s] [ 41%] Built target turtlesim__rosidl_typesupport_introspection_c
[0.356s] [ 51%] Built target turtlesim__rosidl_typesupport_introspection_cpp
[0.367s] [ 61%] Built target turtlesim__rosidl_typesupport_fastrtps_cpp
[0.399s] [ 71%] Built target turtlesim__rosidl_typesupport_fastrtps_c
[0.419s] [ 71%] Built target turtlesim
[0.452s] [ 73%] Built target mimic
[0.456s] [ 74%] Built target turtlesim__py
[0.471s] [ 76%] Built target turtle_teleop_key
[0.473s] [ 78%] Built target draw_square
[0.482s] [ 84%] Built target turtlesim_node
[0.503s] [ 93%] Built target turtlesim__python
[0.535s] [ 95%] Built target turtlesim__rosidl_typesupport_introspection_c__pyext
[0.543s] [ 97%] Built target turtlesim__rosidl_typesupport_c__pyext
[0.549s] [100%] Built target turtlesim__rosidl_typesupport_fastrtps_c__pyext
[0.564s] Invoked command in '/home/rastic-smartcity/ros2_ws/build/turtlesim' returned '0': CMAKE_PREFIX_PATH=${CMAKE_PREFIX_PATH}:/home/rastic-smartcity/ros2_ws/install/Rastic_seminar_python:/opt/ros/foxy /usr/bin/cmake --build /home/rastic-smartcity/ros2_ws/build/turtlesim -- -j12 -l12
[0.729s] Invoking command in '/home/rastic-smartcity/ros2_ws/build/turtlesim': CMAKE_PREFIX_PATH=${CMAKE_PREFIX_PATH}:/home/rastic-smartcity/ros2_ws/install/Rastic_seminar_python:/opt/ros/foxy /usr/bin/cmake --install /home/rastic-smartcity/ros2_ws/build/turtlesim
[0.736s] -- Install configuration: ""
[0.737s] -- Execute custom install script
[0.737s] -- Up-to-date symlink: /home/rastic-smartcity/ros2_ws/install/turtlesim/share/ament_index/resource_index/rosidl_interfaces/turtlesim
[0.738s] -- Up-to-date symlink: /home/rastic-smartcity/ros2_ws/install/turtlesim/include/turtlesim/action/detail/rotate_absolute__functions.h
[0.738s] -- Up-to-date symlink: /home/rastic-smartcity/ros2_ws/install/turtlesim/include/turtlesim/action/detail/rotate_absolute__struct.h
[0.739s] -- Up-to-date symlink: /home/rastic-smartcity/ros2_ws/install/turtlesim/include/turtlesim/action/detail/rotate_absolute__type_support.h
[0.739s] -- Up-to-date symlink: /home/rastic-smartcity/ros2_ws/install/turtlesim/include/turtlesim/action/rotate_absolute.h
[0.739s] -- Up-to-date symlink: /home/rastic-smartcity/ros2_ws/install/turtlesim/include/turtlesim/msg/color.h
[0.739s] -- Up-to-date symlink: /home/rastic-smartcity/ros2_ws/install/turtlesim/include/turtlesim/msg/detail/color__functions.h
[0.739s] -- Up-to-date symlink: /home/rastic-smartcity/ros2_ws/install/turtlesim/include/turtlesim/msg/detail/color__struct.h
[0.740s] -- Up-to-date symlink: /home/rastic-smartcity/ros2_ws/install/turtlesim/include/turtlesim/msg/detail/color__type_support.h
[0.740s] -- Up-to-date symlink: /home/rastic-smartcity/ros2_ws/install/turtlesim/include/turtlesim/msg/detail/pose__functions.h
[0.740s] -- Up-to-date symlink: /home/rastic-smartcity/ros2_ws/install/turtlesim/include/turtlesim/msg/detail/pose__struct.h
[0.740s] -- Up-to-date symlink: /home/rastic-smartcity/ros2_ws/install/turtlesim/include/turtlesim/msg/detail/pose__type_support.h
[0.740s] -- Up-to-date symlink: /home/rastic-smartcity/ros2_ws/install/turtlesim/include/turtlesim/msg/pose.h
[0.740s] -- Up-to-date symlink: /home/rastic-smartcity/ros2_ws/install/turtlesim/include/turtlesim/msg/rosidl_generator_c__visibility_control.h
[0.741s] -- Up-to-date symlink: /home/rastic-smartcity/ros2_ws/install/turtlesim/include/turtlesim/srv/detail/kill__functions.h
[0.741s] -- Up-to-date symlink: /home/rastic-smartcity/ros2_ws/install/turtlesim/include/turtlesim/srv/detail/kill__struct.h
[0.741s] -- Up-to-date symlink: /home/rastic-smartcity/ros2_ws/install/turtlesim/include/turtlesim/srv/detail/kill__type_support.h
[0.741s] -- Up-to-date symlink: /home/rastic-smartcity/ros2_ws/install/turtlesim/include/turtlesim/srv/detail/set_pen__functions.h
[0.741s] -- Up-to-date symlink: /home/rastic-smartcity/ros2_ws/install/turtlesim/include/turtlesim/srv/detail/set_pen__struct.h
[0.741s] -- Up-to-date symlink: /home/rastic-smartcity/ros2_ws/install/turtlesim/include/turtlesim/srv/detail/set_pen__type_support.h
[0.742s] -- Up-to-date symlink: /home/rastic-smartcity/ros2_ws/install/turtlesim/include/turtlesim/srv/detail/spawn__functions.h
[0.742s] -- Up-to-date symlink: /home/rastic-smartcity/ros2_ws/install/turtlesim/include/turtlesim/srv/detail/spawn__struct.h
[0.742s] -- Up-to-date symlink: /home/rastic-smartcity/ros2_ws/install/turtlesim/include/turtlesim/srv/detail/spawn__type_support.h
[0.742s] -- Up-to-date symlink: /home/rastic-smartcity/ros2_ws/install/turtlesim/include/turtlesim/srv/detail/teleport_absolute__functions.h
[0.742s] -- Up-to-date symlink: /home/rastic-smartcity/ros2_ws/install/turtlesim/include/turtlesim/srv/detail/teleport_absolute__struct.h
[0.742s] -- Up-to-date symlink: /home/rastic-smartcity/ros2_ws/install/turtlesim/include/turtlesim/srv/detail/teleport_absolute__type_support.h
[0.742s] -- Up-to-date symlink: /home/rastic-smartcity/ros2_ws/install/turtlesim/include/turtlesim/srv/detail/teleport_relative__functions.h
[0.743s] -- Up-to-date symlink: /home/rastic-smartcity/ros2_ws/install/turtlesim/include/turtlesim/srv/detail/teleport_relative__struct.h
[0.743s] -- Up-to-date symlink: /home/rastic-smartcity/ros2_ws/install/turtlesim/include/turtlesim/srv/detail/teleport_relative__type_support.h
[0.743s] -- Up-to-date symlink: /home/rastic-smartcity/ros2_ws/install/turtlesim/include/turtlesim/srv/kill.h
[0.743s] -- Up-to-date symlink: /home/rastic-smartcity/ros2_ws/install/turtlesim/include/turtlesim/srv/set_pen.h
[0.743s] -- Up-to-date symlink: /home/rastic-smartcity/ros2_ws/install/turtlesim/include/turtlesim/srv/spawn.h
[0.743s] -- Up-to-date symlink: /home/rastic-smartcity/ros2_ws/install/turtlesim/include/turtlesim/srv/teleport_absolute.h
[0.743s] -- Up-to-date symlink: /home/rastic-smartcity/ros2_ws/install/turtlesim/include/turtlesim/srv/teleport_relative.h
[0.744s] -- Up-to-date symlink: /home/rastic-smartcity/ros2_ws/install/turtlesim/share/turtlesim/environment/library_path.sh
[0.744s] -- Up-to-date symlink: /home/rastic-smartcity/ros2_ws/install/turtlesim/share/turtlesim/environment/library_path.dsv
[0.744s] -- Up-to-date symlink: /home/rastic-smartcity/ros2_ws/install/turtlesim/include/turtlesim/action/detail/rotate_absolute__rosidl_typesupport_fastrtps_c.h
[0.744s] -- Up-to-date symlink: /home/rastic-smartcity/ros2_ws/install/turtlesim/include/turtlesim/msg/detail/color__rosidl_typesupport_fastrtps_c.h
[0.744s] -- Up-to-date symlink: /home/rastic-smartcity/ros2_ws/install/turtlesim/include/turtlesim/msg/detail/pose__rosidl_typesupport_fastrtps_c.h
[0.744s] -- Up-to-date symlink: /home/rastic-smartcity/ros2_ws/install/turtlesim/include/turtlesim/msg/rosidl_typesupport_fastrtps_c__visibility_control.h
[0.744s] -- Up-to-date symlink: /home/rastic-smartcity/ros2_ws/install/turtlesim/include/turtlesim/srv/detail/kill__rosidl_typesupport_fastrtps_c.h
[0.745s] -- Up-to-date symlink: /home/rastic-smartcity/ros2_ws/install/turtlesim/include/turtlesim/srv/detail/set_pen__rosidl_typesupport_fastrtps_c.h
[0.745s] -- Up-to-date symlink: /home/rastic-smartcity/ros2_ws/install/turtlesim/include/turtlesim/srv/detail/spawn__rosidl_typesupport_fastrtps_c.h
[0.745s] -- Up-to-date symlink: /home/rastic-smartcity/ros2_ws/install/turtlesim/include/turtlesim/srv/detail/teleport_absolute__rosidl_typesupport_fastrtps_c.h
[0.745s] -- Up-to-date symlink: /home/rastic-smartcity/ros2_ws/install/turtlesim/include/turtlesim/srv/detail/teleport_relative__rosidl_typesupport_fastrtps_c.h
[0.745s] -- Up-to-date symlink: /home/rastic-smartcity/ros2_ws/install/turtlesim/lib/libturtlesim__rosidl_typesupport_fastrtps_c.so
[0.746s] -- Up-to-date symlink: /home/rastic-smartcity/ros2_ws/install/turtlesim/include/turtlesim/action/detail/rotate_absolute__rosidl_typesupport_fastrtps_cpp.hpp
[0.746s] -- Up-to-date symlink: /home/rastic-smartcity/ros2_ws/install/turtlesim/include/turtlesim/msg/detail/color__rosidl_typesupport_fastrtps_cpp.hpp
[0.746s] -- Up-to-date symlink: /home/rastic-smartcity/ros2_ws/install/turtlesim/include/turtlesim/msg/detail/pose__rosidl_typesupport_fastrtps_cpp.hpp
[0.746s] -- Up-to-date symlink: /home/rastic-smartcity/ros2_ws/install/turtlesim/include/turtlesim/msg/rosidl_typesupport_fastrtps_cpp__visibility_control.h
[0.746s] -- Up-to-date symlink: /home/rastic-smartcity/ros2_ws/install/turtlesim/include/turtlesim/srv/detail/kill__rosidl_typesupport_fastrtps_cpp.hpp
[0.747s] -- Up-to-date symlink: /home/rastic-smartcity/ros2_ws/install/turtlesim/include/turtlesim/srv/detail/set_pen__rosidl_typesupport_fastrtps_cpp.hpp
[0.747s] -- Up-to-date symlink: /home/rastic-smartcity/ros2_ws/install/turtlesim/include/turtlesim/srv/detail/spawn__rosidl_typesupport_fastrtps_cpp.hpp
[0.747s] -- Up-to-date symlink: /home/rastic-smartcity/ros2_ws/install/turtlesim/include/turtlesim/srv/detail/teleport_absolute__rosidl_typesupport_fastrtps_cpp.hpp
[0.747s] -- Up-to-date symlink: /home/rastic-smartcity/ros2_ws/install/turtlesim/include/turtlesim/srv/detail/teleport_relative__rosidl_typesupport_fastrtps_cpp.hpp
[0.747s] -- Up-to-date symlink: /home/rastic-smartcity/ros2_ws/install/turtlesim/lib/libturtlesim__rosidl_typesupport_fastrtps_cpp.so
[0.748s] -- Up-to-date symlink: /home/rastic-smartcity/ros2_ws/install/turtlesim/include/turtlesim/action/detail/rotate_absolute__rosidl_typesupport_introspection_c.h
[0.748s] -- Up-to-date symlink: /home/rastic-smartcity/ros2_ws/install/turtlesim/include/turtlesim/msg/detail/color__rosidl_typesupport_introspection_c.h
[0.748s] -- Up-to-date symlink: /home/rastic-smartcity/ros2_ws/install/turtlesim/include/turtlesim/msg/detail/pose__rosidl_typesupport_introspection_c.h
[0.748s] -- Up-to-date symlink: /home/rastic-smartcity/ros2_ws/install/turtlesim/include/turtlesim/msg/rosidl_typesupport_introspection_c__visibility_control.h
[0.749s] -- Up-to-date symlink: /home/rastic-smartcity/ros2_ws/install/turtlesim/include/turtlesim/srv/detail/kill__rosidl_typesupport_introspection_c.h
[0.749s] -- Up-to-date symlink: /home/rastic-smartcity/ros2_ws/install/turtlesim/include/turtlesim/srv/detail/set_pen__rosidl_typesupport_introspection_c.h
[0.749s] -- Up-to-date symlink: /home/rastic-smartcity/ros2_ws/install/turtlesim/include/turtlesim/srv/detail/spawn__rosidl_typesupport_introspection_c.h
[0.749s] -- Up-to-date symlink: /home/rastic-smartcity/ros2_ws/install/turtlesim/include/turtlesim/srv/detail/teleport_absolute__rosidl_typesupport_introspection_c.h
[0.749s] -- Up-to-date symlink: /home/rastic-smartcity/ros2_ws/install/turtlesim/include/turtlesim/srv/detail/teleport_relative__rosidl_typesupport_introspection_c.h
[0.750s] -- Up-to-date symlink: /home/rastic-smartcity/ros2_ws/install/turtlesim/include/turtlesim/action/detail/rotate_absolute__builder.hpp
[0.750s] -- Up-to-date symlink: /home/rastic-smartcity/ros2_ws/install/turtlesim/include/turtlesim/action/detail/rotate_absolute__struct.hpp
[0.750s] -- Up-to-date symlink: /home/rastic-smartcity/ros2_ws/install/turtlesim/include/turtlesim/action/detail/rotate_absolute__traits.hpp
[0.750s] -- Up-to-date symlink: /home/rastic-smartcity/ros2_ws/install/turtlesim/include/turtlesim/action/detail/rotate_absolute__type_support.hpp
[0.750s] -- Up-to-date symlink: /home/rastic-smartcity/ros2_ws/install/turtlesim/include/turtlesim/action/rotate_absolute.hpp
[0.751s] -- Up-to-date symlink: /home/rastic-smartcity/ros2_ws/install/turtlesim/include/turtlesim/msg/color.hpp
[0.751s] -- Up-to-date symlink: /home/rastic-smartcity/ros2_ws/install/turtlesim/include/turtlesim/msg/detail/color__builder.hpp
[0.751s] -- Up-to-date symlink: /home/rastic-smartcity/ros2_ws/install/turtlesim/include/turtlesim/msg/detail/color__struct.hpp
[0.751s] -- Up-to-date symlink: /home/rastic-smartcity/ros2_ws/install/turtlesim/include/turtlesim/msg/detail/color__traits.hpp
[0.751s] -- Up-to-date symlink: /home/rastic-smartcity/ros2_ws/install/turtlesim/include/turtlesim/msg/detail/color__type_support.hpp
[0.751s] -- Up-to-date symlink: /home/rastic-smartcity/ros2_ws/install/turtlesim/include/turtlesim/msg/detail/pose__builder.hpp
[0.752s] -- Up-to-date symlink: /home/rastic-smartcity/ros2_ws/install/turtlesim/include/turtlesim/msg/detail/pose__struct.hpp
[0.752s] -- Up-to-date symlink: /home/rastic-smartcity/ros2_ws/install/turtlesim/include/turtlesim/msg/detail/pose__traits.hpp
[0.752s] -- Up-to-date symlink: /home/rastic-smartcity/ros2_ws/install/turtlesim/include/turtlesim/msg/detail/pose__type_support.hpp
[0.752s] -- Up-to-date symlink: /home/rastic-smartcity/ros2_ws/install/turtlesim/include/turtlesim/msg/pose.hpp
[0.752s] -- Up-to-date symlink: /home/rastic-smartcity/ros2_ws/install/turtlesim/include/turtlesim/msg/rosidl_generator_cpp__visibility_control.hpp
[0.752s] -- Up-to-date symlink: /home/rastic-smartcity/ros2_ws/install/turtlesim/include/turtlesim/srv/detail/kill__builder.hpp
[0.752s] -- Up-to-date symlink: /home/rastic-smartcity/ros2_ws/install/turtlesim/include/turtlesim/srv/detail/kill__struct.hpp
[0.753s] -- Up-to-date symlink: /home/rastic-smartcity/ros2_ws/install/turtlesim/include/turtlesim/srv/detail/kill__traits.hpp
[0.753s] -- Up-to-date symlink: /home/rastic-smartcity/ros2_ws/install/turtlesim/include/turtlesim/srv/detail/kill__type_support.hpp
[0.753s] -- Up-to-date symlink: /home/rastic-smartcity/ros2_ws/install/turtlesim/include/turtlesim/srv/detail/set_pen__builder.hpp
[0.753s] -- Up-to-date symlink: /home/rastic-smartcity/ros2_ws/install/turtlesim/include/turtlesim/srv/detail/set_pen__struct.hpp
[0.753s] -- Up-to-date symlink: /home/rastic-smartcity/ros2_ws/install/turtlesim/include/turtlesim/srv/detail/set_pen__traits.hpp
[0.753s] -- Up-to-date symlink: /home/rastic-smartcity/ros2_ws/install/turtlesim/include/turtlesim/srv/detail/set_pen__type_support.hpp
[0.754s] -- Up-to-date symlink: /home/rastic-smartcity/ros2_ws/install/turtlesim/include/turtlesim/srv/detail/spawn__builder.hpp
[0.754s] -- Up-to-date symlink: /home/rastic-smartcity/ros2_ws/install/turtlesim/include/turtlesim/srv/detail/spawn__struct.hpp
[0.754s] -- Up-to-date symlink: /home/rastic-smartcity/ros2_ws/install/turtlesim/include/turtlesim/srv/detail/spawn__traits.hpp
[0.754s] -- Up-to-date symlink: /home/rastic-smartcity/ros2_ws/install/turtlesim/include/turtlesim/srv/detail/spawn__type_support.hpp
[0.754s] -- Up-to-date symlink: /home/rastic-smartcity/ros2_ws/install/turtlesim/include/turtlesim/srv/detail/teleport_absolute__builder.hpp
[0.754s] -- Up-to-date symlink: /home/rastic-smartcity/ros2_ws/install/turtlesim/include/turtlesim/srv/detail/teleport_absolute__struct.hpp
[0.755s] -- Up-to-date symlink: /home/rastic-smartcity/ros2_ws/install/turtlesim/include/turtlesim/srv/detail/teleport_absolute__traits.hpp
[0.755s] -- Up-to-date symlink: /home/rastic-smartcity/ros2_ws/install/turtlesim/include/turtlesim/srv/detail/teleport_absolute__type_support.hpp
[0.755s] -- Up-to-date symlink: /home/rastic-smartcity/ros2_ws/install/turtlesim/include/turtlesim/srv/detail/teleport_relative__builder.hpp
[0.755s] -- Up-to-date symlink: /home/rastic-smartcity/ros2_ws/install/turtlesim/include/turtlesim/srv/detail/teleport_relative__struct.hpp
[0.755s] -- Up-to-date symlink: /home/rastic-smartcity/ros2_ws/install/turtlesim/include/turtlesim/srv/detail/teleport_relative__traits.hpp
[0.755s] -- Up-to-date symlink: /home/rastic-smartcity/ros2_ws/install/turtlesim/include/turtlesim/srv/detail/teleport_relative__type_support.hpp
[0.755s] -- Up-to-date symlink: /home/rastic-smartcity/ros2_ws/install/turtlesim/include/turtlesim/srv/kill.hpp
[0.755s] -- Up-to-date symlink: /home/rastic-smartcity/ros2_ws/install/turtlesim/include/turtlesim/srv/set_pen.hpp
[0.756s] -- Up-to-date symlink: /home/rastic-smartcity/ros2_ws/install/turtlesim/include/turtlesim/srv/spawn.hpp
[0.756s] -- Up-to-date symlink: /home/rastic-smartcity/ros2_ws/install/turtlesim/include/turtlesim/srv/teleport_absolute.hpp
[0.756s] -- Up-to-date symlink: /home/rastic-smartcity/ros2_ws/install/turtlesim/include/turtlesim/srv/teleport_relative.hpp
[0.756s] -- Up-to-date symlink: /home/rastic-smartcity/ros2_ws/install/turtlesim/include/turtlesim/action/detail/rotate_absolute__rosidl_typesupport_introspection_cpp.hpp
[0.756s] -- Up-to-date symlink: /home/rastic-smartcity/ros2_ws/install/turtlesim/include/turtlesim/msg/detail/color__rosidl_typesupport_introspection_cpp.hpp
[0.756s] -- Up-to-date symlink: /home/rastic-smartcity/ros2_ws/install/turtlesim/include/turtlesim/msg/detail/pose__rosidl_typesupport_introspection_cpp.hpp
[0.757s] -- Up-to-date symlink: /home/rastic-smartcity/ros2_ws/install/turtlesim/include/turtlesim/srv/detail/kill__rosidl_typesupport_introspection_cpp.hpp
[0.757s] -- Up-to-date symlink: /home/rastic-smartcity/ros2_ws/install/turtlesim/include/turtlesim/srv/detail/set_pen__rosidl_typesupport_introspection_cpp.hpp
[0.757s] -- Up-to-date symlink: /home/rastic-smartcity/ros2_ws/install/turtlesim/include/turtlesim/srv/detail/spawn__rosidl_typesupport_introspection_cpp.hpp
[0.757s] -- Up-to-date symlink: /home/rastic-smartcity/ros2_ws/install/turtlesim/include/turtlesim/srv/detail/teleport_absolute__rosidl_typesupport_introspection_cpp.hpp
[0.757s] -- Up-to-date symlink: /home/rastic-smartcity/ros2_ws/install/turtlesim/include/turtlesim/srv/detail/teleport_relative__rosidl_typesupport_introspection_cpp.hpp
[0.757s] -- Up-to-date symlink: /home/rastic-smartcity/ros2_ws/install/turtlesim/share/turtlesim/environment/pythonpath.sh
[0.757s] -- Up-to-date symlink: /home/rastic-smartcity/ros2_ws/install/turtlesim/share/turtlesim/environment/pythonpath.dsv
[0.757s] -- Up-to-date symlink: /home/rastic-smartcity/ros2_ws/install/turtlesim/lib/python3.8/site-packages/turtlesim/__init__.py
[0.758s] -- Up-to-date symlink: /home/rastic-smartcity/ros2_ws/install/turtlesim/lib/python3.8/site-packages/turtlesim/action/__init__.py
[0.758s] -- Up-to-date symlink: /home/rastic-smartcity/ros2_ws/install/turtlesim/lib/python3.8/site-packages/turtlesim/action/_rotate_absolute.py
[0.758s] -- Up-to-date symlink: /home/rastic-smartcity/ros2_ws/install/turtlesim/lib/python3.8/site-packages/turtlesim/msg/__init__.py
[0.758s] -- Up-to-date symlink: /home/rastic-smartcity/ros2_ws/install/turtlesim/lib/python3.8/site-packages/turtlesim/msg/_color.py
[0.759s] -- Up-to-date symlink: /home/rastic-smartcity/ros2_ws/install/turtlesim/lib/python3.8/site-packages/turtlesim/msg/_pose.py
[0.759s] -- Up-to-date symlink: /home/rastic-smartcity/ros2_ws/install/turtlesim/lib/python3.8/site-packages/turtlesim/srv/__init__.py
[0.759s] -- Up-to-date symlink: /home/rastic-smartcity/ros2_ws/install/turtlesim/lib/python3.8/site-packages/turtlesim/srv/_kill.py
[0.759s] -- Up-to-date symlink: /home/rastic-smartcity/ros2_ws/install/turtlesim/lib/python3.8/site-packages/turtlesim/srv/_set_pen.py
[0.759s] -- Up-to-date symlink: /home/rastic-smartcity/ros2_ws/install/turtlesim/lib/python3.8/site-packages/turtlesim/srv/_spawn.py
[0.760s] -- Up-to-date symlink: /home/rastic-smartcity/ros2_ws/install/turtlesim/lib/python3.8/site-packages/turtlesim/srv/_teleport_absolute.py
[0.760s] -- Up-to-date symlink: /home/rastic-smartcity/ros2_ws/install/turtlesim/lib/python3.8/site-packages/turtlesim/srv/_teleport_relative.py
[0.760s] -- Up-to-date symlink: /home/rastic-smartcity/ros2_ws/install/turtlesim/lib/python3.8/site-packages/turtlesim/turtlesim_s__rosidl_typesupport_fastrtps_c.cpython-38-x86_64-linux-gnu.so
[0.761s] -- Up-to-date symlink: /home/rastic-smartcity/ros2_ws/install/turtlesim/lib/python3.8/site-packages/turtlesim/turtlesim_s__rosidl_typesupport_introspection_c.cpython-38-x86_64-linux-gnu.so
[0.761s] -- Up-to-date symlink: /home/rastic-smartcity/ros2_ws/install/turtlesim/lib/python3.8/site-packages/turtlesim/turtlesim_s__rosidl_typesupport_c.cpython-38-x86_64-linux-gnu.so
[0.762s] -- Up-to-date symlink: /home/rastic-smartcity/ros2_ws/install/turtlesim/lib/libturtlesim__python.so
[0.762s] -- Up-to-date symlink: /home/rastic-smartcity/ros2_ws/install/turtlesim/share/turtlesim/action/RotateAbsolute.idl
[0.762s] -- Up-to-date symlink: /home/rastic-smartcity/ros2_ws/install/turtlesim/share/turtlesim/msg/Color.idl
[0.763s] -- Up-to-date symlink: /home/rastic-smartcity/ros2_ws/install/turtlesim/share/turtlesim/msg/Pose.idl
[0.763s] -- Up-to-date symlink: /home/rastic-smartcity/ros2_ws/install/turtlesim/share/turtlesim/srv/Kill.idl
[0.763s] -- Up-to-date symlink: /home/rastic-smartcity/ros2_ws/install/turtlesim/share/turtlesim/srv/SetPen.idl
[0.763s] -- Up-to-date symlink: /home/rastic-smartcity/ros2_ws/install/turtlesim/share/turtlesim/srv/Spawn.idl
[0.764s] -- Up-to-date symlink: /home/rastic-smartcity/ros2_ws/install/turtlesim/share/turtlesim/srv/TeleportAbsolute.idl
[0.764s] -- Up-to-date symlink: /home/rastic-smartcity/ros2_ws/install/turtlesim/share/turtlesim/srv/TeleportRelative.idl
[0.765s] -- Up-to-date symlink: /home/rastic-smartcity/ros2_ws/install/turtlesim/share/turtlesim/action/RotateAbsolute.action
[0.765s] -- Up-to-date symlink: /home/rastic-smartcity/ros2_ws/install/turtlesim/share/turtlesim/msg/Color.msg
[0.765s] -- Up-to-date symlink: /home/rastic-smartcity/ros2_ws/install/turtlesim/share/turtlesim/msg/Pose.msg
[0.765s] -- Up-to-date symlink: /home/rastic-smartcity/ros2_ws/install/turtlesim/share/turtlesim/srv/Kill.srv
[0.766s] -- Up-to-date symlink: /home/rastic-smartcity/ros2_ws/install/turtlesim/share/turtlesim/srv/Kill_Request.msg
[0.766s] -- Up-to-date symlink: /home/rastic-smartcity/ros2_ws/install/turtlesim/share/turtlesim/srv/Kill_Response.msg
[0.766s] -- Up-to-date symlink: /home/rastic-smartcity/ros2_ws/install/turtlesim/share/turtlesim/srv/SetPen.srv
[0.766s] -- Up-to-date symlink: /home/rastic-smartcity/ros2_ws/install/turtlesim/share/turtlesim/srv/SetPen_Request.msg
[0.767s] -- Up-to-date symlink: /home/rastic-smartcity/ros2_ws/install/turtlesim/share/turtlesim/srv/SetPen_Response.msg
[0.767s] -- Up-to-date symlink: /home/rastic-smartcity/ros2_ws/install/turtlesim/share/turtlesim/srv/Spawn.srv
[0.767s] -- Up-to-date symlink: /home/rastic-smartcity/ros2_ws/install/turtlesim/share/turtlesim/srv/Spawn_Request.msg
[0.768s] -- Up-to-date symlink: /home/rastic-smartcity/ros2_ws/install/turtlesim/share/turtlesim/srv/Spawn_Response.msg
[0.768s] -- Up-to-date symlink: /home/rastic-smartcity/ros2_ws/install/turtlesim/share/turtlesim/srv/TeleportAbsolute.srv
[0.768s] -- Up-to-date symlink: /home/rastic-smartcity/ros2_ws/install/turtlesim/share/turtlesim/srv/TeleportAbsolute_Request.msg
[0.768s] -- Up-to-date symlink: /home/rastic-smartcity/ros2_ws/install/turtlesim/share/turtlesim/srv/TeleportAbsolute_Response.msg
[0.769s] -- Up-to-date symlink: /home/rastic-smartcity/ros2_ws/install/turtlesim/share/turtlesim/srv/TeleportRelative.srv
[0.769s] -- Up-to-date symlink: /home/rastic-smartcity/ros2_ws/install/turtlesim/share/turtlesim/srv/TeleportRelative_Request.msg
[0.769s] -- Up-to-date symlink: /home/rastic-smartcity/ros2_ws/install/turtlesim/share/turtlesim/srv/TeleportRelative_Response.msg
[0.770s] -- Up-to-date symlink: /home/rastic-smartcity/ros2_ws/install/turtlesim/lib/turtlesim/turtlesim_node
[0.770s] -- Up-to-date symlink: /home/rastic-smartcity/ros2_ws/install/turtlesim/lib/turtlesim/turtle_teleop_key
[0.770s] -- Up-to-date symlink: /home/rastic-smartcity/ros2_ws/install/turtlesim/lib/turtlesim/draw_square
[0.771s] -- Up-to-date symlink: /home/rastic-smartcity/ros2_ws/install/turtlesim/lib/turtlesim/mimic
[0.771s] -- Up-to-date symlink: /home/rastic-smartcity/ros2_ws/install/turtlesim/share/turtlesim/launch/multisim.launch.py
[0.771s] -- Up-to-date symlink: /home/rastic-smartcity/ros2_ws/install/turtlesim/share/ament_index/resource_index/package_run_dependencies/turtlesim
[0.772s] -- Up-to-date symlink: /home/rastic-smartcity/ros2_ws/install/turtlesim/share/ament_index/resource_index/parent_prefix_path/turtlesim
[0.772s] -- Up-to-date symlink: /home/rastic-smartcity/ros2_ws/install/turtlesim/share/turtlesim/environment/ament_prefix_path.sh
[0.773s] -- Up-to-date symlink: /home/rastic-smartcity/ros2_ws/install/turtlesim/share/turtlesim/environment/ament_prefix_path.dsv
[0.773s] -- Up-to-date symlink: /home/rastic-smartcity/ros2_ws/install/turtlesim/share/turtlesim/environment/path.sh
[0.773s] -- Up-to-date symlink: /home/rastic-smartcity/ros2_ws/install/turtlesim/share/turtlesim/environment/path.dsv
[0.773s] -- Up-to-date symlink: /home/rastic-smartcity/ros2_ws/install/turtlesim/share/turtlesim/local_setup.bash
[0.774s] -- Up-to-date symlink: /home/rastic-smartcity/ros2_ws/install/turtlesim/share/turtlesim/local_setup.sh
[0.774s] -- Up-to-date symlink: /home/rastic-smartcity/ros2_ws/install/turtlesim/share/turtlesim/local_setup.zsh
[0.774s] -- Up-to-date symlink: /home/rastic-smartcity/ros2_ws/install/turtlesim/share/turtlesim/local_setup.dsv
[0.774s] -- Symlinking: /home/rastic-smartcity/ros2_ws/install/turtlesim/share/turtlesim/package.dsv
[0.787s] -- Up-to-date symlink: /home/rastic-smartcity/ros2_ws/install/turtlesim/share/ament_index/resource_index/packages/turtlesim
[0.788s] -- Up-to-date symlink: /home/rastic-smartcity/ros2_ws/install/turtlesim/share/turtlesim/cmake/rosidl_cmake-extras.cmake
[0.788s] -- Up-to-date symlink: /home/rastic-smartcity/ros2_ws/install/turtlesim/share/turtlesim/cmake/ament_cmake_export_dependencies-extras.cmake
[0.788s] -- Up-to-date symlink: /home/rastic-smartcity/ros2_ws/install/turtlesim/share/turtlesim/cmake/ament_cmake_export_libraries-extras.cmake
[0.789s] -- Up-to-date symlink: /home/rastic-smartcity/ros2_ws/install/turtlesim/share/turtlesim/cmake/ament_cmake_export_targets-extras.cmake
[0.789s] -- Up-to-date symlink: /home/rastic-smartcity/ros2_ws/install/turtlesim/share/turtlesim/cmake/ament_cmake_export_include_directories-extras.cmake
[0.790s] -- Up-to-date symlink: /home/rastic-smartcity/ros2_ws/install/turtlesim/share/turtlesim/cmake/rosidl_cmake_export_typesupport_libraries-extras.cmake
[0.790s] -- Up-to-date symlink: /home/rastic-smartcity/ros2_ws/install/turtlesim/share/turtlesim/cmake/rosidl_cmake_export_typesupport_targets-extras.cmake
[0.791s] -- Up-to-date symlink: /home/rastic-smartcity/ros2_ws/install/turtlesim/share/turtlesim/cmake/turtlesimConfig.cmake
[0.791s] -- Up-to-date symlink: /home/rastic-smartcity/ros2_ws/install/turtlesim/share/turtlesim/cmake/turtlesimConfig-version.cmake
[0.791s] -- Up-to-date symlink: /home/rastic-smartcity/ros2_ws/install/turtlesim/share/turtlesim/package.xml
[0.792s] -- Up-to-date: /home/rastic-smartcity/ros2_ws/install/turtlesim/lib/libturtlesim__rosidl_generator_c.so
[0.792s] -- Up-to-date: /home/rastic-smartcity/ros2_ws/install/turtlesim/lib/libturtlesim__rosidl_typesupport_introspection_c.so
[0.793s] -- Up-to-date: /home/rastic-smartcity/ros2_ws/install/turtlesim/lib/libturtlesim__rosidl_typesupport_c.so
[0.794s] -- Up-to-date: /home/rastic-smartcity/ros2_ws/install/turtlesim/lib/libturtlesim__rosidl_typesupport_introspection_cpp.so
[0.794s] -- Up-to-date: /home/rastic-smartcity/ros2_ws/install/turtlesim/lib/libturtlesim__rosidl_typesupport_cpp.so
[0.835s] -- Up-to-date: /home/rastic-smartcity/ros2_ws/install/turtlesim/share/turtlesim/images
[0.835s] -- Up-to-date: /home/rastic-smartcity/ros2_ws/install/turtlesim/share/turtlesim/images/crystal.png
[0.835s] -- Up-to-date: /home/rastic-smartcity/ros2_ws/install/turtlesim/share/turtlesim/images/foxy.png
[0.835s] -- Up-to-date: /home/rastic-smartcity/ros2_ws/install/turtlesim/share/turtlesim/images/dashing.png
[0.835s] -- Up-to-date: /home/rastic-smartcity/ros2_ws/install/turtlesim/share/turtlesim/images/ardent.png
[0.835s] -- Up-to-date: /home/rastic-smartcity/ros2_ws/install/turtlesim/share/turtlesim/images/bouncy.png
[0.835s] -- Up-to-date: /home/rastic-smartcity/ros2_ws/install/turtlesim/share/turtlesim/images/eloquent.png
[0.835s] -- Up-to-date: /home/rastic-smartcity/ros2_ws/install/turtlesim/share/turtlesim/cmake/turtlesim__rosidl_generator_cExport.cmake
[0.835s] -- Up-to-date: /home/rastic-smartcity/ros2_ws/install/turtlesim/share/turtlesim/cmake/turtlesim__rosidl_generator_cExport-noconfig.cmake
[0.836s] -- Up-to-date: /home/rastic-smartcity/ros2_ws/install/turtlesim/share/turtlesim/cmake/turtlesim__rosidl_typesupport_introspection_cExport.cmake
[0.836s] -- Up-to-date: /home/rastic-smartcity/ros2_ws/install/turtlesim/share/turtlesim/cmake/turtlesim__rosidl_typesupport_introspection_cExport-noconfig.cmake
[0.836s] -- Up-to-date: /home/rastic-smartcity/ros2_ws/install/turtlesim/share/turtlesim/cmake/turtlesim__rosidl_typesupport_cExport.cmake
[0.836s] -- Up-to-date: /home/rastic-smartcity/ros2_ws/install/turtlesim/share/turtlesim/cmake/turtlesim__rosidl_typesupport_cExport-noconfig.cmake
[0.836s] -- Up-to-date: /home/rastic-smartcity/ros2_ws/install/turtlesim/share/turtlesim/cmake/turtlesim__rosidl_generator_cppExport.cmake
[0.836s] -- Up-to-date: /home/rastic-smartcity/ros2_ws/install/turtlesim/share/turtlesim/cmake/turtlesim__rosidl_typesupport_introspection_cppExport.cmake
[0.837s] -- Up-to-date: /home/rastic-smartcity/ros2_ws/install/turtlesim/share/turtlesim/cmake/turtlesim__rosidl_typesupport_introspection_cppExport-noconfig.cmake
[0.837s] -- Up-to-date: /home/rastic-smartcity/ros2_ws/install/turtlesim/share/turtlesim/cmake/turtlesim__rosidl_typesupport_cppExport.cmake
[0.837s] -- Up-to-date: /home/rastic-smartcity/ros2_ws/install/turtlesim/share/turtlesim/cmake/turtlesim__rosidl_typesupport_cppExport-noconfig.cmake
[0.841s] Invoked command in '/home/rastic-smartcity/ros2_ws/build/turtlesim' returned '0': CMAKE_PREFIX_PATH=${CMAKE_PREFIX_PATH}:/home/rastic-smartcity/ros2_ws/install/Rastic_seminar_python:/opt/ros/foxy /usr/bin/cmake --install /home/rastic-smartcity/ros2_ws/build/turtlesim
