running develop
running egg_info
creating examples_rclpy_minimal_subscriber.egg-info
writing examples_rclpy_minimal_subscriber.egg-info/PKG-INFO
writing dependency_links to examples_rclpy_minimal_subscriber.egg-info/dependency_links.txt
writing entry points to examples_rclpy_minimal_subscriber.egg-info/entry_points.txt
writing requirements to examples_rclpy_minimal_subscriber.egg-info/requires.txt
writing top-level names to examples_rclpy_minimal_subscriber.egg-info/top_level.txt
writing manifest file 'examples_rclpy_minimal_subscriber.egg-info/SOURCES.txt'
reading manifest file 'examples_rclpy_minimal_subscriber.egg-info/SOURCES.txt'
writing manifest file 'examples_rclpy_minimal_subscriber.egg-info/SOURCES.txt'
running build_ext
Creating /home/rastic-smartcity/ros2_ws/install/examples_rclpy_minimal_subscriber/lib/python3.8/site-packages/site.py
Creating /home/rastic-smartcity/ros2_ws/install/examples_rclpy_minimal_subscriber/lib/python3.8/site-packages/examples-rclpy-minimal-subscriber.egg-link (link to .)
Installing subscriber_lambda script to /home/rastic-smartcity/ros2_ws/install/examples_rclpy_minimal_subscriber/lib/examples_rclpy_minimal_subscriber
Installing subscriber_member_function script to /home/rastic-smartcity/ros2_ws/install/examples_rclpy_minimal_subscriber/lib/examples_rclpy_minimal_subscriber
Installing subscriber_old_school script to /home/rastic-smartcity/ros2_ws/install/examples_rclpy_minimal_subscriber/lib/examples_rclpy_minimal_subscriber

Installed /home/rastic-smartcity/ros2_ws/build/examples_rclpy_minimal_subscriber
running symlink_data
creating /home/rastic-smartcity/ros2_ws/install/examples_rclpy_minimal_subscriber/share/ament_index
creating /home/rastic-smartcity/ros2_ws/install/examples_rclpy_minimal_subscriber/share/ament_index/resource_index
creating /home/rastic-smartcity/ros2_ws/install/examples_rclpy_minimal_subscriber/share/ament_index/resource_index/packages
symbolically linking /home/rastic-smartcity/ros2_ws/build/examples_rclpy_minimal_subscriber/resource/examples_rclpy_minimal_subscriber -> /home/rastic-smartcity/ros2_ws/install/examples_rclpy_minimal_subscriber/share/ament_index/resource_index/packages
symbolically linking /home/rastic-smartcity/ros2_ws/build/examples_rclpy_minimal_subscriber/package.xml -> /home/rastic-smartcity/ros2_ws/install/examples_rclpy_minimal_subscriber/share/examples_rclpy_minimal_subscriber
