[3.687s] Invoking command in '/home/rastic-smartcity/ros2_ws/build/examples_rclpy_minimal_subscriber': PYTHONPATH=/home/rastic-smartcity/ros2_ws/build/examples_rclpy_minimal_subscriber/prefix_override:/usr/lib/python3/dist-packages/colcon_core/task/python/colcon_distutils_commands:/home/rastic-smartcity/ros2_ws/install/examples_rclpy_minimal_subscriber/lib/python3.8/site-packages:${PYTHONPATH} /usr/bin/python3 -W ignore:setup.py install is deprecated setup.py develop --editable --build-directory /home/rastic-smartcity/ros2_ws/build/examples_rclpy_minimal_subscriber/build --no-deps symlink_data
[4.426s] running develop
[4.745s] running egg_info
[4.745s] creating examples_rclpy_minimal_subscriber.egg-info
[4.745s] writing examples_rclpy_minimal_subscriber.egg-info/PKG-INFO
[4.746s] writing dependency_links to examples_rclpy_minimal_subscriber.egg-info/dependency_links.txt
[4.746s] writing entry points to examples_rclpy_minimal_subscriber.egg-info/entry_points.txt
[4.746s] writing requirements to examples_rclpy_minimal_subscriber.egg-info/requires.txt
[4.746s] writing top-level names to examples_rclpy_minimal_subscriber.egg-info/top_level.txt
[4.749s] writing manifest file 'examples_rclpy_minimal_subscriber.egg-info/SOURCES.txt'
[4.814s] reading manifest file 'examples_rclpy_minimal_subscriber.egg-info/SOURCES.txt'
[4.818s] writing manifest file 'examples_rclpy_minimal_subscriber.egg-info/SOURCES.txt'
[4.890s] running build_ext
[4.890s] Creating /home/rastic-smartcity/ros2_ws/install/examples_rclpy_minimal_subscriber/lib/python3.8/site-packages/site.py
[4.895s] Creating /home/rastic-smartcity/ros2_ws/install/examples_rclpy_minimal_subscriber/lib/python3.8/site-packages/examples-rclpy-minimal-subscriber.egg-link (link to .)
[4.896s] Installing subscriber_lambda script to /home/rastic-smartcity/ros2_ws/install/examples_rclpy_minimal_subscriber/lib/examples_rclpy_minimal_subscriber
[4.908s] Installing subscriber_member_function script to /home/rastic-smartcity/ros2_ws/install/examples_rclpy_minimal_subscriber/lib/examples_rclpy_minimal_subscriber
[4.908s] Installing subscriber_old_school script to /home/rastic-smartcity/ros2_ws/install/examples_rclpy_minimal_subscriber/lib/examples_rclpy_minimal_subscriber
[4.908s] 
[4.908s] Installed /home/rastic-smartcity/ros2_ws/build/examples_rclpy_minimal_subscriber
[4.909s] running symlink_data
[4.909s] creating /home/rastic-smartcity/ros2_ws/install/examples_rclpy_minimal_subscriber/share/ament_index
[4.909s] creating /home/rastic-smartcity/ros2_ws/install/examples_rclpy_minimal_subscriber/share/ament_index/resource_index
[4.909s] creating /home/rastic-smartcity/ros2_ws/install/examples_rclpy_minimal_subscriber/share/ament_index/resource_index/packages
[4.909s] symbolically linking /home/rastic-smartcity/ros2_ws/build/examples_rclpy_minimal_subscriber/resource/examples_rclpy_minimal_subscriber -> /home/rastic-smartcity/ros2_ws/install/examples_rclpy_minimal_subscriber/share/ament_index/resource_index/packages
[4.909s] symbolically linking /home/rastic-smartcity/ros2_ws/build/examples_rclpy_minimal_subscriber/package.xml -> /home/rastic-smartcity/ros2_ws/install/examples_rclpy_minimal_subscriber/share/examples_rclpy_minimal_subscriber
[4.973s] Invoked command in '/home/rastic-smartcity/ros2_ws/build/examples_rclpy_minimal_subscriber' returned '0': PYTHONPATH=/home/rastic-smartcity/ros2_ws/build/examples_rclpy_minimal_subscriber/prefix_override:/usr/lib/python3/dist-packages/colcon_core/task/python/colcon_distutils_commands:/home/rastic-smartcity/ros2_ws/install/examples_rclpy_minimal_subscriber/lib/python3.8/site-packages:${PYTHONPATH} /usr/bin/python3 -W ignore:setup.py install is deprecated setup.py develop --editable --build-directory /home/rastic-smartcity/ros2_ws/build/examples_rclpy_minimal_subscriber/build --no-deps symlink_data
