[0.658s] Invoking command in '/home/rastic-smartcity/ros2_ws/src/turtle_demo_controller': PYTHONPATH=/home/rastic-smartcity/ros2_ws/build/turtle_demo_controller/prefix_override:/usr/lib/python3/dist-packages/colcon_core/task/python/colcon_distutils_commands:/home/rastic-smartcity/ros2_ws/install/turtle_demo_controller/lib/python3.8/site-packages:${PYTHONPATH} /usr/bin/python3 -W ignore:setup.py install is deprecated setup.py egg_info --egg-base ../../build/turtle_demo_controller build --build-base /home/rastic-smartcity/ros2_ws/build/turtle_demo_controller/build install --record /home/rastic-smartcity/ros2_ws/build/turtle_demo_controller/install.log --single-version-externally-managed install_data
[0.873s] running egg_info
[0.873s] writing ../../build/turtle_demo_controller/turtle_demo_controller.egg-info/PKG-INFO
[0.876s] writing dependency_links to ../../build/turtle_demo_controller/turtle_demo_controller.egg-info/dependency_links.txt
[0.877s] writing entry points to ../../build/turtle_demo_controller/turtle_demo_controller.egg-info/entry_points.txt
[0.877s] writing requirements to ../../build/turtle_demo_controller/turtle_demo_controller.egg-info/requires.txt
[0.877s] writing top-level names to ../../build/turtle_demo_controller/turtle_demo_controller.egg-info/top_level.txt
[0.912s] reading manifest file '../../build/turtle_demo_controller/turtle_demo_controller.egg-info/SOURCES.txt'
[0.913s] writing manifest file '../../build/turtle_demo_controller/turtle_demo_controller.egg-info/SOURCES.txt'
[0.914s] running build
[0.914s] running build_py
[0.914s] copying turtle_demo_controller/turtle_controller.py -> /home/rastic-smartcity/ros2_ws/build/turtle_demo_controller/build/lib/turtle_demo_controller
[0.914s] running install
[0.915s] running install_lib
[0.915s] copying /home/rastic-smartcity/ros2_ws/build/turtle_demo_controller/build/lib/turtle_demo_controller/turtle_controller.py -> /home/rastic-smartcity/ros2_ws/install/turtle_demo_controller/lib/python3.8/site-packages/turtle_demo_controller
[0.916s] byte-compiling /home/rastic-smartcity/ros2_ws/install/turtle_demo_controller/lib/python3.8/site-packages/turtle_demo_controller/turtle_controller.py to turtle_controller.cpython-38.pyc
[0.918s] running install_data
[0.918s] running install_egg_info
[0.920s] removing '/home/rastic-smartcity/ros2_ws/install/turtle_demo_controller/lib/python3.8/site-packages/turtle_demo_controller-0.0.0-py3.8.egg-info' (and everything under it)
[0.920s] Copying ../../build/turtle_demo_controller/turtle_demo_controller.egg-info to /home/rastic-smartcity/ros2_ws/install/turtle_demo_controller/lib/python3.8/site-packages/turtle_demo_controller-0.0.0-py3.8.egg-info
[0.920s] running install_scripts
[0.939s] Installing turt_controller script to /home/rastic-smartcity/ros2_ws/install/turtle_demo_controller/lib/turtle_demo_controller
[0.939s] writing list of installed files to '/home/rastic-smartcity/ros2_ws/build/turtle_demo_controller/install.log'
[0.960s] Invoked command in '/home/rastic-smartcity/ros2_ws/src/turtle_demo_controller' returned '0': PYTHONPATH=/home/rastic-smartcity/ros2_ws/build/turtle_demo_controller/prefix_override:/usr/lib/python3/dist-packages/colcon_core/task/python/colcon_distutils_commands:/home/rastic-smartcity/ros2_ws/install/turtle_demo_controller/lib/python3.8/site-packages:${PYTHONPATH} /usr/bin/python3 -W ignore:setup.py install is deprecated setup.py egg_info --egg-base ../../build/turtle_demo_controller build --build-base /home/rastic-smartcity/ros2_ws/build/turtle_demo_controller/build install --record /home/rastic-smartcity/ros2_ws/build/turtle_demo_controller/install.log --single-version-externally-managed install_data
