[0.168s] Invoking command in '/home/rastic-smartcity/ros2_ws/build/turtlesim': CMAKE_PREFIX_PATH=${CMAKE_PREFIX_PATH}:/home/rastic-smartcity/ros2_ws/install/examples_rclpy_minimal_subscriber:/home/rastic-smartcity/ros2_ws/install/examples_rclpy_minimal_service:/home/rastic-smartcity/ros2_ws/install/examples_rclpy_minimal_publisher:/home/rastic-smartcity/ros2_ws/install/examples_rclpy_minimal_client:/home/rastic-smartcity/ros2_ws/install/examples_rclpy_minimal_action_server:/home/rastic-smartcity/ros2_ws/install/examples_rclpy_minimal_action_client:/home/rastic-smartcity/ros2_ws/install/examples_rclpy_executors:/home/rastic-smartcity/ros2_ws/install/turtle_demo_controller:/home/rastic-smartcity/ros2_ws/install/Rastic_seminar_Python:/home/rastic-smartcity/ros2_ws/install/Rastic_seminar_python:/opt/ros/foxy /usr/bin/cmake --build /home/rastic-smartcity/ros2_ws/build/turtlesim -- -j12 -l12
[0.990s] [  1%] Built target turtlesim__cpp
[0.991s] [ 11%] Built target turtlesim__rosidl_generator_c
[0.993s] [ 21%] Built target turtlesim__rosidl_typesupport_cpp
[0.993s] [ 37%] Built target turtlesim__rosidl_typesupport_introspection_c
[0.993s] [ 41%] Built target turtlesim__rosidl_typesupport_introspection_cpp
[0.994s] [ 51%] Built target turtlesim__rosidl_typesupport_fastrtps_cpp
[0.994s] [ 61%] Built target turtlesim__rosidl_typesupport_c
[0.994s] [ 71%] Built target turtlesim__rosidl_typesupport_fastrtps_c
[0.997s] [ 71%] Built target turtlesim
[0.997s] [ 73%] Built target draw_square
[0.998s] [ 75%] Built target mimic
[0.999s] [ 76%] Built target turtlesim__py
[1.000s] [ 78%] Built target turtle_teleop_key
[1.000s] [ 87%] Built target turtlesim__python
[1.000s] [ 93%] Built target turtlesim_node
[1.000s] [ 95%] Built target turtlesim__rosidl_typesupport_fastrtps_c__pyext
[1.000s] [ 97%] Built target turtlesim__rosidl_typesupport_c__pyext
[1.001s] [100%] Built target turtlesim__rosidl_typesupport_introspection_c__pyext
[1.022s] Invoked command in '/home/rastic-smartcity/ros2_ws/build/turtlesim' returned '0': CMAKE_PREFIX_PATH=${CMAKE_PREFIX_PATH}:/home/rastic-smartcity/ros2_ws/install/examples_rclpy_minimal_subscriber:/home/rastic-smartcity/ros2_ws/install/examples_rclpy_minimal_service:/home/rastic-smartcity/ros2_ws/install/examples_rclpy_minimal_publisher:/home/rastic-smartcity/ros2_ws/install/examples_rclpy_minimal_client:/home/rastic-smartcity/ros2_ws/install/examples_rclpy_minimal_action_server:/home/rastic-smartcity/ros2_ws/install/examples_rclpy_minimal_action_client:/home/rastic-smartcity/ros2_ws/install/examples_rclpy_executors:/home/rastic-smartcity/ros2_ws/install/turtle_demo_controller:/home/rastic-smartcity/ros2_ws/install/Rastic_seminar_Python:/home/rastic-smartcity/ros2_ws/install/Rastic_seminar_python:/opt/ros/foxy /usr/bin/cmake --build /home/rastic-smartcity/ros2_ws/build/turtlesim -- -j12 -l12
[1.423s] Invoking command in '/home/rastic-smartcity/ros2_ws/build/turtlesim': CMAKE_PREFIX_PATH=${CMAKE_PREFIX_PATH}:/home/rastic-smartcity/ros2_ws/install/examples_rclpy_minimal_subscriber:/home/rastic-smartcity/ros2_ws/install/examples_rclpy_minimal_service:/home/rastic-smartcity/ros2_ws/install/examples_rclpy_minimal_publisher:/home/rastic-smartcity/ros2_ws/install/examples_rclpy_minimal_client:/home/rastic-smartcity/ros2_ws/install/examples_rclpy_minimal_action_server:/home/rastic-smartcity/ros2_ws/install/examples_rclpy_minimal_action_client:/home/rastic-smartcity/ros2_ws/install/examples_rclpy_executors:/home/rastic-smartcity/ros2_ws/install/turtle_demo_controller:/home/rastic-smartcity/ros2_ws/install/Rastic_seminar_Python:/home/rastic-smartcity/ros2_ws/install/Rastic_seminar_python:/opt/ros/foxy /usr/bin/cmake --install /home/rastic-smartcity/ros2_ws/build/turtlesim
[1.470s] -- Install configuration: ""
[1.471s] -- Execute custom install script
[1.472s] -- Up-to-date symlink: /home/rastic-smartcity/ros2_ws/install/turtlesim/share/ament_index/resource_index/rosidl_interfaces/turtlesim
[1.472s] -- Up-to-date symlink: /home/rastic-smartcity/ros2_ws/install/turtlesim/include/turtlesim/action/detail/rotate_absolute__functions.h
[1.473s] -- Up-to-date symlink: /home/rastic-smartcity/ros2_ws/install/turtlesim/include/turtlesim/action/detail/rotate_absolute__struct.h
[1.473s] -- Up-to-date symlink: /home/rastic-smartcity/ros2_ws/install/turtlesim/include/turtlesim/action/detail/rotate_absolute__type_support.h
[1.473s] -- Up-to-date symlink: /home/rastic-smartcity/ros2_ws/install/turtlesim/include/turtlesim/action/rotate_absolute.h
[1.473s] -- Up-to-date symlink: /home/rastic-smartcity/ros2_ws/install/turtlesim/include/turtlesim/msg/color.h
[1.473s] -- Up-to-date symlink: /home/rastic-smartcity/ros2_ws/install/turtlesim/include/turtlesim/msg/detail/color__functions.h
[1.473s] -- Up-to-date symlink: /home/rastic-smartcity/ros2_ws/install/turtlesim/include/turtlesim/msg/detail/color__struct.h
[1.474s] -- Up-to-date symlink: /home/rastic-smartcity/ros2_ws/install/turtlesim/include/turtlesim/msg/detail/color__type_support.h
[1.474s] -- Up-to-date symlink: /home/rastic-smartcity/ros2_ws/install/turtlesim/include/turtlesim/msg/detail/pose__functions.h
[1.474s] -- Up-to-date symlink: /home/rastic-smartcity/ros2_ws/install/turtlesim/include/turtlesim/msg/detail/pose__struct.h
[1.474s] -- Up-to-date symlink: /home/rastic-smartcity/ros2_ws/install/turtlesim/include/turtlesim/msg/detail/pose__type_support.h
[1.474s] -- Up-to-date symlink: /home/rastic-smartcity/ros2_ws/install/turtlesim/include/turtlesim/msg/pose.h
[1.475s] -- Up-to-date symlink: /home/rastic-smartcity/ros2_ws/install/turtlesim/include/turtlesim/msg/rosidl_generator_c__visibility_control.h
[1.475s] -- Up-to-date symlink: /home/rastic-smartcity/ros2_ws/install/turtlesim/include/turtlesim/srv/detail/kill__functions.h
[1.475s] -- Up-to-date symlink: /home/rastic-smartcity/ros2_ws/install/turtlesim/include/turtlesim/srv/detail/kill__struct.h
[1.475s] -- Up-to-date symlink: /home/rastic-smartcity/ros2_ws/install/turtlesim/include/turtlesim/srv/detail/kill__type_support.h
[1.475s] -- Up-to-date symlink: /home/rastic-smartcity/ros2_ws/install/turtlesim/include/turtlesim/srv/detail/set_pen__functions.h
[1.475s] -- Up-to-date symlink: /home/rastic-smartcity/ros2_ws/install/turtlesim/include/turtlesim/srv/detail/set_pen__struct.h
[1.475s] -- Up-to-date symlink: /home/rastic-smartcity/ros2_ws/install/turtlesim/include/turtlesim/srv/detail/set_pen__type_support.h
[1.476s] -- Up-to-date symlink: /home/rastic-smartcity/ros2_ws/install/turtlesim/include/turtlesim/srv/detail/spawn__functions.h
[1.476s] -- Up-to-date symlink: /home/rastic-smartcity/ros2_ws/install/turtlesim/include/turtlesim/srv/detail/spawn__struct.h
[1.476s] -- Up-to-date symlink: /home/rastic-smartcity/ros2_ws/install/turtlesim/include/turtlesim/srv/detail/spawn__type_support.h
[1.476s] -- Up-to-date symlink: /home/rastic-smartcity/ros2_ws/install/turtlesim/include/turtlesim/srv/detail/teleport_absolute__functions.h
[1.476s] -- Up-to-date symlink: /home/rastic-smartcity/ros2_ws/install/turtlesim/include/turtlesim/srv/detail/teleport_absolute__struct.h
[1.477s] -- Up-to-date symlink: /home/rastic-smartcity/ros2_ws/install/turtlesim/include/turtlesim/srv/detail/teleport_absolute__type_support.h
[1.477s] -- Up-to-date symlink: /home/rastic-smartcity/ros2_ws/install/turtlesim/include/turtlesim/srv/detail/teleport_relative__functions.h
[1.477s] -- Up-to-date symlink: /home/rastic-smartcity/ros2_ws/install/turtlesim/include/turtlesim/srv/detail/teleport_relative__struct.h
[1.477s] -- Up-to-date symlink: /home/rastic-smartcity/ros2_ws/install/turtlesim/include/turtlesim/srv/detail/teleport_relative__type_support.h
[1.477s] -- Up-to-date symlink: /home/rastic-smartcity/ros2_ws/install/turtlesim/include/turtlesim/srv/kill.h
[1.477s] -- Up-to-date symlink: /home/rastic-smartcity/ros2_ws/install/turtlesim/include/turtlesim/srv/set_pen.h
[1.478s] -- Up-to-date symlink: /home/rastic-smartcity/ros2_ws/install/turtlesim/include/turtlesim/srv/spawn.h
[1.478s] -- Up-to-date symlink: /home/rastic-smartcity/ros2_ws/install/turtlesim/include/turtlesim/srv/teleport_absolute.h
[1.478s] -- Up-to-date symlink: /home/rastic-smartcity/ros2_ws/install/turtlesim/include/turtlesim/srv/teleport_relative.h
[1.478s] -- Up-to-date symlink: /home/rastic-smartcity/ros2_ws/install/turtlesim/share/turtlesim/environment/library_path.sh
[1.478s] -- Up-to-date symlink: /home/rastic-smartcity/ros2_ws/install/turtlesim/share/turtlesim/environment/library_path.dsv
[1.478s] -- Up-to-date symlink: /home/rastic-smartcity/ros2_ws/install/turtlesim/include/turtlesim/action/detail/rotate_absolute__rosidl_typesupport_fastrtps_c.h
[1.479s] -- Up-to-date symlink: /home/rastic-smartcity/ros2_ws/install/turtlesim/include/turtlesim/msg/detail/color__rosidl_typesupport_fastrtps_c.h
[1.479s] -- Up-to-date symlink: /home/rastic-smartcity/ros2_ws/install/turtlesim/include/turtlesim/msg/detail/pose__rosidl_typesupport_fastrtps_c.h
[1.479s] -- Up-to-date symlink: /home/rastic-smartcity/ros2_ws/install/turtlesim/include/turtlesim/msg/rosidl_typesupport_fastrtps_c__visibility_control.h
[1.479s] -- Up-to-date symlink: /home/rastic-smartcity/ros2_ws/install/turtlesim/include/turtlesim/srv/detail/kill__rosidl_typesupport_fastrtps_c.h
[1.479s] -- Up-to-date symlink: /home/rastic-smartcity/ros2_ws/install/turtlesim/include/turtlesim/srv/detail/set_pen__rosidl_typesupport_fastrtps_c.h
[1.479s] -- Up-to-date symlink: /home/rastic-smartcity/ros2_ws/install/turtlesim/include/turtlesim/srv/detail/spawn__rosidl_typesupport_fastrtps_c.h
[1.480s] -- Up-to-date symlink: /home/rastic-smartcity/ros2_ws/install/turtlesim/include/turtlesim/srv/detail/teleport_absolute__rosidl_typesupport_fastrtps_c.h
[1.480s] -- Up-to-date symlink: /home/rastic-smartcity/ros2_ws/install/turtlesim/include/turtlesim/srv/detail/teleport_relative__rosidl_typesupport_fastrtps_c.h
[1.480s] -- Up-to-date symlink: /home/rastic-smartcity/ros2_ws/install/turtlesim/lib/libturtlesim__rosidl_typesupport_fastrtps_c.so
[1.480s] -- Up-to-date symlink: /home/rastic-smartcity/ros2_ws/install/turtlesim/include/turtlesim/action/detail/rotate_absolute__rosidl_typesupport_fastrtps_cpp.hpp
[1.480s] -- Up-to-date symlink: /home/rastic-smartcity/ros2_ws/install/turtlesim/include/turtlesim/msg/detail/color__rosidl_typesupport_fastrtps_cpp.hpp
[1.480s] -- Up-to-date symlink: /home/rastic-smartcity/ros2_ws/install/turtlesim/include/turtlesim/msg/detail/pose__rosidl_typesupport_fastrtps_cpp.hpp
[1.480s] -- Up-to-date symlink: /home/rastic-smartcity/ros2_ws/install/turtlesim/include/turtlesim/msg/rosidl_typesupport_fastrtps_cpp__visibility_control.h
[1.481s] -- Up-to-date symlink: /home/rastic-smartcity/ros2_ws/install/turtlesim/include/turtlesim/srv/detail/kill__rosidl_typesupport_fastrtps_cpp.hpp
[1.481s] -- Up-to-date symlink: /home/rastic-smartcity/ros2_ws/install/turtlesim/include/turtlesim/srv/detail/set_pen__rosidl_typesupport_fastrtps_cpp.hpp
[1.481s] -- Up-to-date symlink: /home/rastic-smartcity/ros2_ws/install/turtlesim/include/turtlesim/srv/detail/spawn__rosidl_typesupport_fastrtps_cpp.hpp
[1.481s] -- Up-to-date symlink: /home/rastic-smartcity/ros2_ws/install/turtlesim/include/turtlesim/srv/detail/teleport_absolute__rosidl_typesupport_fastrtps_cpp.hpp
[1.481s] -- Up-to-date symlink: /home/rastic-smartcity/ros2_ws/install/turtlesim/include/turtlesim/srv/detail/teleport_relative__rosidl_typesupport_fastrtps_cpp.hpp
[1.482s] -- Up-to-date symlink: /home/rastic-smartcity/ros2_ws/install/turtlesim/lib/libturtlesim__rosidl_typesupport_fastrtps_cpp.so
[1.482s] -- Up-to-date symlink: /home/rastic-smartcity/ros2_ws/install/turtlesim/include/turtlesim/action/detail/rotate_absolute__rosidl_typesupport_introspection_c.h
[1.482s] -- Up-to-date symlink: /home/rastic-smartcity/ros2_ws/install/turtlesim/include/turtlesim/msg/detail/color__rosidl_typesupport_introspection_c.h
[1.482s] -- Up-to-date symlink: /home/rastic-smartcity/ros2_ws/install/turtlesim/include/turtlesim/msg/detail/pose__rosidl_typesupport_introspection_c.h
[1.482s] -- Up-to-date symlink: /home/rastic-smartcity/ros2_ws/install/turtlesim/include/turtlesim/msg/rosidl_typesupport_introspection_c__visibility_control.h
[1.483s] -- Up-to-date symlink: /home/rastic-smartcity/ros2_ws/install/turtlesim/include/turtlesim/srv/detail/kill__rosidl_typesupport_introspection_c.h
[1.483s] -- Up-to-date symlink: /home/rastic-smartcity/ros2_ws/install/turtlesim/include/turtlesim/srv/detail/set_pen__rosidl_typesupport_introspection_c.h
[1.483s] -- Up-to-date symlink: /home/rastic-smartcity/ros2_ws/install/turtlesim/include/turtlesim/srv/detail/spawn__rosidl_typesupport_introspection_c.h
[1.483s] -- Up-to-date symlink: /home/rastic-smartcity/ros2_ws/install/turtlesim/include/turtlesim/srv/detail/teleport_absolute__rosidl_typesupport_introspection_c.h
[1.483s] -- Up-to-date symlink: /home/rastic-smartcity/ros2_ws/install/turtlesim/include/turtlesim/srv/detail/teleport_relative__rosidl_typesupport_introspection_c.h
[1.484s] -- Up-to-date symlink: /home/rastic-smartcity/ros2_ws/install/turtlesim/include/turtlesim/action/detail/rotate_absolute__builder.hpp
[1.484s] -- Up-to-date symlink: /home/rastic-smartcity/ros2_ws/install/turtlesim/include/turtlesim/action/detail/rotate_absolute__struct.hpp
[1.484s] -- Up-to-date symlink: /home/rastic-smartcity/ros2_ws/install/turtlesim/include/turtlesim/action/detail/rotate_absolute__traits.hpp
[1.485s] -- Up-to-date symlink: /home/rastic-smartcity/ros2_ws/install/turtlesim/include/turtlesim/action/detail/rotate_absolute__type_support.hpp
[1.485s] -- Up-to-date symlink: /home/rastic-smartcity/ros2_ws/install/turtlesim/include/turtlesim/action/rotate_absolute.hpp
[1.485s] -- Up-to-date symlink: /home/rastic-smartcity/ros2_ws/install/turtlesim/include/turtlesim/msg/color.hpp
[1.485s] -- Up-to-date symlink: /home/rastic-smartcity/ros2_ws/install/turtlesim/include/turtlesim/msg/detail/color__builder.hpp
[1.485s] -- Up-to-date symlink: /home/rastic-smartcity/ros2_ws/install/turtlesim/include/turtlesim/msg/detail/color__struct.hpp
[1.485s] -- Up-to-date symlink: /home/rastic-smartcity/ros2_ws/install/turtlesim/include/turtlesim/msg/detail/color__traits.hpp
[1.485s] -- Up-to-date symlink: /home/rastic-smartcity/ros2_ws/install/turtlesim/include/turtlesim/msg/detail/color__type_support.hpp
[1.485s] -- Up-to-date symlink: /home/rastic-smartcity/ros2_ws/install/turtlesim/include/turtlesim/msg/detail/pose__builder.hpp
[1.486s] -- Up-to-date symlink: /home/rastic-smartcity/ros2_ws/install/turtlesim/include/turtlesim/msg/detail/pose__struct.hpp
[1.486s] -- Up-to-date symlink: /home/rastic-smartcity/ros2_ws/install/turtlesim/include/turtlesim/msg/detail/pose__traits.hpp
[1.486s] -- Up-to-date symlink: /home/rastic-smartcity/ros2_ws/install/turtlesim/include/turtlesim/msg/detail/pose__type_support.hpp
[1.486s] -- Up-to-date symlink: /home/rastic-smartcity/ros2_ws/install/turtlesim/include/turtlesim/msg/pose.hpp
[1.486s] -- Up-to-date symlink: /home/rastic-smartcity/ros2_ws/install/turtlesim/include/turtlesim/msg/rosidl_generator_cpp__visibility_control.hpp
[1.486s] -- Up-to-date symlink: /home/rastic-smartcity/ros2_ws/install/turtlesim/include/turtlesim/srv/detail/kill__builder.hpp
[1.487s] -- Up-to-date symlink: /home/rastic-smartcity/ros2_ws/install/turtlesim/include/turtlesim/srv/detail/kill__struct.hpp
[1.487s] -- Up-to-date symlink: /home/rastic-smartcity/ros2_ws/install/turtlesim/include/turtlesim/srv/detail/kill__traits.hpp
[1.487s] -- Up-to-date symlink: /home/rastic-smartcity/ros2_ws/install/turtlesim/include/turtlesim/srv/detail/kill__type_support.hpp
[1.487s] -- Up-to-date symlink: /home/rastic-smartcity/ros2_ws/install/turtlesim/include/turtlesim/srv/detail/set_pen__builder.hpp
[1.488s] -- Up-to-date symlink: /home/rastic-smartcity/ros2_ws/install/turtlesim/include/turtlesim/srv/detail/set_pen__struct.hpp
[1.488s] -- Up-to-date symlink: /home/rastic-smartcity/ros2_ws/install/turtlesim/include/turtlesim/srv/detail/set_pen__traits.hpp
[1.488s] -- Up-to-date symlink: /home/rastic-smartcity/ros2_ws/install/turtlesim/include/turtlesim/srv/detail/set_pen__type_support.hpp
[1.488s] -- Up-to-date symlink: /home/rastic-smartcity/ros2_ws/install/turtlesim/include/turtlesim/srv/detail/spawn__builder.hpp
[1.489s] -- Up-to-date symlink: /home/rastic-smartcity/ros2_ws/install/turtlesim/include/turtlesim/srv/detail/spawn__struct.hpp
[1.489s] -- Up-to-date symlink: /home/rastic-smartcity/ros2_ws/install/turtlesim/include/turtlesim/srv/detail/spawn__traits.hpp
[1.489s] -- Up-to-date symlink: /home/rastic-smartcity/ros2_ws/install/turtlesim/include/turtlesim/srv/detail/spawn__type_support.hpp
[1.489s] -- Up-to-date symlink: /home/rastic-smartcity/ros2_ws/install/turtlesim/include/turtlesim/srv/detail/teleport_absolute__builder.hpp
[1.490s] -- Up-to-date symlink: /home/rastic-smartcity/ros2_ws/install/turtlesim/include/turtlesim/srv/detail/teleport_absolute__struct.hpp
[1.490s] -- Up-to-date symlink: /home/rastic-smartcity/ros2_ws/install/turtlesim/include/turtlesim/srv/detail/teleport_absolute__traits.hpp
[1.490s] -- Up-to-date symlink: /home/rastic-smartcity/ros2_ws/install/turtlesim/include/turtlesim/srv/detail/teleport_absolute__type_support.hpp
[1.491s] -- Up-to-date symlink: /home/rastic-smartcity/ros2_ws/install/turtlesim/include/turtlesim/srv/detail/teleport_relative__builder.hpp
[1.491s] -- Up-to-date symlink: /home/rastic-smartcity/ros2_ws/install/turtlesim/include/turtlesim/srv/detail/teleport_relative__struct.hpp
[1.491s] -- Up-to-date symlink: /home/rastic-smartcity/ros2_ws/install/turtlesim/include/turtlesim/srv/detail/teleport_relative__traits.hpp
[1.491s] -- Up-to-date symlink: /home/rastic-smartcity/ros2_ws/install/turtlesim/include/turtlesim/srv/detail/teleport_relative__type_support.hpp
[1.492s] -- Up-to-date symlink: /home/rastic-smartcity/ros2_ws/install/turtlesim/include/turtlesim/srv/kill.hpp
[1.492s] -- Up-to-date symlink: /home/rastic-smartcity/ros2_ws/install/turtlesim/include/turtlesim/srv/set_pen.hpp
[1.492s] -- Up-to-date symlink: /home/rastic-smartcity/ros2_ws/install/turtlesim/include/turtlesim/srv/spawn.hpp
[1.492s] -- Up-to-date symlink: /home/rastic-smartcity/ros2_ws/install/turtlesim/include/turtlesim/srv/teleport_absolute.hpp
[1.492s] -- Up-to-date symlink: /home/rastic-smartcity/ros2_ws/install/turtlesim/include/turtlesim/srv/teleport_relative.hpp
[1.492s] -- Up-to-date symlink: /home/rastic-smartcity/ros2_ws/install/turtlesim/include/turtlesim/action/detail/rotate_absolute__rosidl_typesupport_introspection_cpp.hpp
[1.492s] -- Up-to-date symlink: /home/rastic-smartcity/ros2_ws/install/turtlesim/include/turtlesim/msg/detail/color__rosidl_typesupport_introspection_cpp.hpp
[1.493s] -- Up-to-date symlink: /home/rastic-smartcity/ros2_ws/install/turtlesim/include/turtlesim/msg/detail/pose__rosidl_typesupport_introspection_cpp.hpp
[1.493s] -- Up-to-date symlink: /home/rastic-smartcity/ros2_ws/install/turtlesim/include/turtlesim/srv/detail/kill__rosidl_typesupport_introspection_cpp.hpp
[1.493s] -- Up-to-date symlink: /home/rastic-smartcity/ros2_ws/install/turtlesim/include/turtlesim/srv/detail/set_pen__rosidl_typesupport_introspection_cpp.hpp
[1.493s] -- Up-to-date symlink: /home/rastic-smartcity/ros2_ws/install/turtlesim/include/turtlesim/srv/detail/spawn__rosidl_typesupport_introspection_cpp.hpp
[1.494s] -- Up-to-date symlink: /home/rastic-smartcity/ros2_ws/install/turtlesim/include/turtlesim/srv/detail/teleport_absolute__rosidl_typesupport_introspection_cpp.hpp
[1.494s] -- Up-to-date symlink: /home/rastic-smartcity/ros2_ws/install/turtlesim/include/turtlesim/srv/detail/teleport_relative__rosidl_typesupport_introspection_cpp.hpp
[1.494s] -- Up-to-date symlink: /home/rastic-smartcity/ros2_ws/install/turtlesim/share/turtlesim/environment/pythonpath.sh
[1.494s] -- Up-to-date symlink: /home/rastic-smartcity/ros2_ws/install/turtlesim/share/turtlesim/environment/pythonpath.dsv
[1.494s] -- Up-to-date symlink: /home/rastic-smartcity/ros2_ws/install/turtlesim/lib/python3.8/site-packages/turtlesim/__init__.py
[1.494s] -- Up-to-date symlink: /home/rastic-smartcity/ros2_ws/install/turtlesim/lib/python3.8/site-packages/turtlesim/action/__init__.py
[1.494s] -- Up-to-date symlink: /home/rastic-smartcity/ros2_ws/install/turtlesim/lib/python3.8/site-packages/turtlesim/action/_rotate_absolute.py
[1.494s] -- Up-to-date symlink: /home/rastic-smartcity/ros2_ws/install/turtlesim/lib/python3.8/site-packages/turtlesim/msg/__init__.py
[1.494s] -- Up-to-date symlink: /home/rastic-smartcity/ros2_ws/install/turtlesim/lib/python3.8/site-packages/turtlesim/msg/_color.py
[1.495s] -- Up-to-date symlink: /home/rastic-smartcity/ros2_ws/install/turtlesim/lib/python3.8/site-packages/turtlesim/msg/_pose.py
[1.495s] -- Up-to-date symlink: /home/rastic-smartcity/ros2_ws/install/turtlesim/lib/python3.8/site-packages/turtlesim/srv/__init__.py
[1.495s] -- Up-to-date symlink: /home/rastic-smartcity/ros2_ws/install/turtlesim/lib/python3.8/site-packages/turtlesim/srv/_kill.py
[1.495s] -- Up-to-date symlink: /home/rastic-smartcity/ros2_ws/install/turtlesim/lib/python3.8/site-packages/turtlesim/srv/_set_pen.py
[1.495s] -- Up-to-date symlink: /home/rastic-smartcity/ros2_ws/install/turtlesim/lib/python3.8/site-packages/turtlesim/srv/_spawn.py
[1.495s] -- Up-to-date symlink: /home/rastic-smartcity/ros2_ws/install/turtlesim/lib/python3.8/site-packages/turtlesim/srv/_teleport_absolute.py
[1.495s] -- Up-to-date symlink: /home/rastic-smartcity/ros2_ws/install/turtlesim/lib/python3.8/site-packages/turtlesim/srv/_teleport_relative.py
[1.495s] -- Up-to-date symlink: /home/rastic-smartcity/ros2_ws/install/turtlesim/lib/python3.8/site-packages/turtlesim/turtlesim_s__rosidl_typesupport_fastrtps_c.cpython-38-x86_64-linux-gnu.so
[1.495s] -- Up-to-date symlink: /home/rastic-smartcity/ros2_ws/install/turtlesim/lib/python3.8/site-packages/turtlesim/turtlesim_s__rosidl_typesupport_introspection_c.cpython-38-x86_64-linux-gnu.so
[1.495s] -- Up-to-date symlink: /home/rastic-smartcity/ros2_ws/install/turtlesim/lib/python3.8/site-packages/turtlesim/turtlesim_s__rosidl_typesupport_c.cpython-38-x86_64-linux-gnu.so
[1.495s] -- Up-to-date symlink: /home/rastic-smartcity/ros2_ws/install/turtlesim/lib/libturtlesim__python.so
[1.496s] -- Up-to-date symlink: /home/rastic-smartcity/ros2_ws/install/turtlesim/share/turtlesim/action/RotateAbsolute.idl
[1.496s] -- Up-to-date symlink: /home/rastic-smartcity/ros2_ws/install/turtlesim/share/turtlesim/msg/Color.idl
[1.496s] -- Up-to-date symlink: /home/rastic-smartcity/ros2_ws/install/turtlesim/share/turtlesim/msg/Pose.idl
[1.496s] -- Up-to-date symlink: /home/rastic-smartcity/ros2_ws/install/turtlesim/share/turtlesim/srv/Kill.idl
[1.496s] -- Up-to-date symlink: /home/rastic-smartcity/ros2_ws/install/turtlesim/share/turtlesim/srv/SetPen.idl
[1.496s] -- Up-to-date symlink: /home/rastic-smartcity/ros2_ws/install/turtlesim/share/turtlesim/srv/Spawn.idl
[1.496s] -- Up-to-date symlink: /home/rastic-smartcity/ros2_ws/install/turtlesim/share/turtlesim/srv/TeleportAbsolute.idl
[1.496s] -- Up-to-date symlink: /home/rastic-smartcity/ros2_ws/install/turtlesim/share/turtlesim/srv/TeleportRelative.idl
[1.496s] -- Up-to-date symlink: /home/rastic-smartcity/ros2_ws/install/turtlesim/share/turtlesim/action/RotateAbsolute.action
[1.496s] -- Up-to-date symlink: /home/rastic-smartcity/ros2_ws/install/turtlesim/share/turtlesim/msg/Color.msg
[1.496s] -- Up-to-date symlink: /home/rastic-smartcity/ros2_ws/install/turtlesim/share/turtlesim/msg/Pose.msg
[1.496s] -- Up-to-date symlink: /home/rastic-smartcity/ros2_ws/install/turtlesim/share/turtlesim/srv/Kill.srv
[1.496s] -- Up-to-date symlink: /home/rastic-smartcity/ros2_ws/install/turtlesim/share/turtlesim/srv/Kill_Request.msg
[1.497s] -- Up-to-date symlink: /home/rastic-smartcity/ros2_ws/install/turtlesim/share/turtlesim/srv/Kill_Response.msg
[1.497s] -- Up-to-date symlink: /home/rastic-smartcity/ros2_ws/install/turtlesim/share/turtlesim/srv/SetPen.srv
[1.497s] -- Up-to-date symlink: /home/rastic-smartcity/ros2_ws/install/turtlesim/share/turtlesim/srv/SetPen_Request.msg
[1.497s] -- Up-to-date symlink: /home/rastic-smartcity/ros2_ws/install/turtlesim/share/turtlesim/srv/SetPen_Response.msg
[1.497s] -- Up-to-date symlink: /home/rastic-smartcity/ros2_ws/install/turtlesim/share/turtlesim/srv/Spawn.srv
[1.497s] -- Up-to-date symlink: /home/rastic-smartcity/ros2_ws/install/turtlesim/share/turtlesim/srv/Spawn_Request.msg
[1.497s] -- Up-to-date symlink: /home/rastic-smartcity/ros2_ws/install/turtlesim/share/turtlesim/srv/Spawn_Response.msg
[1.497s] -- Up-to-date symlink: /home/rastic-smartcity/ros2_ws/install/turtlesim/share/turtlesim/srv/TeleportAbsolute.srv
[1.497s] -- Up-to-date symlink: /home/rastic-smartcity/ros2_ws/install/turtlesim/share/turtlesim/srv/TeleportAbsolute_Request.msg
[1.497s] -- Up-to-date symlink: /home/rastic-smartcity/ros2_ws/install/turtlesim/share/turtlesim/srv/TeleportAbsolute_Response.msg
[1.497s] -- Up-to-date symlink: /home/rastic-smartcity/ros2_ws/install/turtlesim/share/turtlesim/srv/TeleportRelative.srv
[1.497s] -- Up-to-date symlink: /home/rastic-smartcity/ros2_ws/install/turtlesim/share/turtlesim/srv/TeleportRelative_Request.msg
[1.497s] -- Up-to-date symlink: /home/rastic-smartcity/ros2_ws/install/turtlesim/share/turtlesim/srv/TeleportRelative_Response.msg
[1.497s] -- Up-to-date symlink: /home/rastic-smartcity/ros2_ws/install/turtlesim/lib/turtlesim/turtlesim_node
[1.497s] -- Up-to-date symlink: /home/rastic-smartcity/ros2_ws/install/turtlesim/lib/turtlesim/turtle_teleop_key
[1.498s] -- Up-to-date symlink: /home/rastic-smartcity/ros2_ws/install/turtlesim/lib/turtlesim/draw_square
[1.498s] -- Up-to-date symlink: /home/rastic-smartcity/ros2_ws/install/turtlesim/lib/turtlesim/mimic
[1.498s] -- Up-to-date symlink: /home/rastic-smartcity/ros2_ws/install/turtlesim/share/turtlesim/launch/multisim.launch.py
[1.498s] -- Up-to-date symlink: /home/rastic-smartcity/ros2_ws/install/turtlesim/share/ament_index/resource_index/package_run_dependencies/turtlesim
[1.498s] -- Up-to-date symlink: /home/rastic-smartcity/ros2_ws/install/turtlesim/share/ament_index/resource_index/parent_prefix_path/turtlesim
[1.498s] -- Up-to-date symlink: /home/rastic-smartcity/ros2_ws/install/turtlesim/share/turtlesim/environment/ament_prefix_path.sh
[1.498s] -- Up-to-date symlink: /home/rastic-smartcity/ros2_ws/install/turtlesim/share/turtlesim/environment/ament_prefix_path.dsv
[1.499s] -- Up-to-date symlink: /home/rastic-smartcity/ros2_ws/install/turtlesim/share/turtlesim/environment/path.sh
[1.499s] -- Up-to-date symlink: /home/rastic-smartcity/ros2_ws/install/turtlesim/share/turtlesim/environment/path.dsv
[1.499s] -- Up-to-date symlink: /home/rastic-smartcity/ros2_ws/install/turtlesim/share/turtlesim/local_setup.bash
[1.499s] -- Up-to-date symlink: /home/rastic-smartcity/ros2_ws/install/turtlesim/share/turtlesim/local_setup.sh
[1.499s] -- Up-to-date symlink: /home/rastic-smartcity/ros2_ws/install/turtlesim/share/turtlesim/local_setup.zsh
[1.499s] -- Up-to-date symlink: /home/rastic-smartcity/ros2_ws/install/turtlesim/share/turtlesim/local_setup.dsv
[1.499s] -- Symlinking: /home/rastic-smartcity/ros2_ws/install/turtlesim/share/turtlesim/package.dsv
[1.499s] -- Up-to-date symlink: /home/rastic-smartcity/ros2_ws/install/turtlesim/share/ament_index/resource_index/packages/turtlesim
[1.499s] -- Up-to-date symlink: /home/rastic-smartcity/ros2_ws/install/turtlesim/share/turtlesim/cmake/rosidl_cmake-extras.cmake
[1.499s] -- Up-to-date symlink: /home/rastic-smartcity/ros2_ws/install/turtlesim/share/turtlesim/cmake/ament_cmake_export_dependencies-extras.cmake
[1.499s] -- Up-to-date symlink: /home/rastic-smartcity/ros2_ws/install/turtlesim/share/turtlesim/cmake/ament_cmake_export_libraries-extras.cmake
[1.499s] -- Up-to-date symlink: /home/rastic-smartcity/ros2_ws/install/turtlesim/share/turtlesim/cmake/ament_cmake_export_targets-extras.cmake
[1.499s] -- Up-to-date symlink: /home/rastic-smartcity/ros2_ws/install/turtlesim/share/turtlesim/cmake/ament_cmake_export_include_directories-extras.cmake
[1.499s] -- Up-to-date symlink: /home/rastic-smartcity/ros2_ws/install/turtlesim/share/turtlesim/cmake/rosidl_cmake_export_typesupport_libraries-extras.cmake
[1.499s] -- Up-to-date symlink: /home/rastic-smartcity/ros2_ws/install/turtlesim/share/turtlesim/cmake/rosidl_cmake_export_typesupport_targets-extras.cmake
[1.500s] -- Up-to-date symlink: /home/rastic-smartcity/ros2_ws/install/turtlesim/share/turtlesim/cmake/turtlesimConfig.cmake
[1.500s] -- Up-to-date symlink: /home/rastic-smartcity/ros2_ws/install/turtlesim/share/turtlesim/cmake/turtlesimConfig-version.cmake
[1.500s] -- Up-to-date symlink: /home/rastic-smartcity/ros2_ws/install/turtlesim/share/turtlesim/package.xml
[1.500s] -- Up-to-date: /home/rastic-smartcity/ros2_ws/install/turtlesim/lib/libturtlesim__rosidl_generator_c.so
[1.500s] -- Up-to-date: /home/rastic-smartcity/ros2_ws/install/turtlesim/lib/libturtlesim__rosidl_typesupport_introspection_c.so
[1.500s] -- Up-to-date: /home/rastic-smartcity/ros2_ws/install/turtlesim/lib/libturtlesim__rosidl_typesupport_c.so
[1.500s] -- Up-to-date: /home/rastic-smartcity/ros2_ws/install/turtlesim/lib/libturtlesim__rosidl_typesupport_introspection_cpp.so
[1.501s] -- Up-to-date: /home/rastic-smartcity/ros2_ws/install/turtlesim/lib/libturtlesim__rosidl_typesupport_cpp.so
[1.566s] -- Up-to-date: /home/rastic-smartcity/ros2_ws/install/turtlesim/share/turtlesim/images
[1.566s] -- Up-to-date: /home/rastic-smartcity/ros2_ws/install/turtlesim/share/turtlesim/images/crystal.png
[1.566s] -- Up-to-date: /home/rastic-smartcity/ros2_ws/install/turtlesim/share/turtlesim/images/foxy.png
[1.566s] -- Up-to-date: /home/rastic-smartcity/ros2_ws/install/turtlesim/share/turtlesim/images/dashing.png
[1.566s] -- Up-to-date: /home/rastic-smartcity/ros2_ws/install/turtlesim/share/turtlesim/images/ardent.png
[1.566s] -- Up-to-date: /home/rastic-smartcity/ros2_ws/install/turtlesim/share/turtlesim/images/bouncy.png
[1.566s] -- Up-to-date: /home/rastic-smartcity/ros2_ws/install/turtlesim/share/turtlesim/images/eloquent.png
[1.567s] -- Up-to-date: /home/rastic-smartcity/ros2_ws/install/turtlesim/share/turtlesim/cmake/turtlesim__rosidl_generator_cExport.cmake
[1.567s] -- Up-to-date: /home/rastic-smartcity/ros2_ws/install/turtlesim/share/turtlesim/cmake/turtlesim__rosidl_generator_cExport-noconfig.cmake
[1.567s] -- Up-to-date: /home/rastic-smartcity/ros2_ws/install/turtlesim/share/turtlesim/cmake/turtlesim__rosidl_typesupport_introspection_cExport.cmake
[1.567s] -- Up-to-date: /home/rastic-smartcity/ros2_ws/install/turtlesim/share/turtlesim/cmake/turtlesim__rosidl_typesupport_introspection_cExport-noconfig.cmake
[1.567s] -- Up-to-date: /home/rastic-smartcity/ros2_ws/install/turtlesim/share/turtlesim/cmake/turtlesim__rosidl_typesupport_cExport.cmake
[1.567s] -- Up-to-date: /home/rastic-smartcity/ros2_ws/install/turtlesim/share/turtlesim/cmake/turtlesim__rosidl_typesupport_cExport-noconfig.cmake
[1.568s] -- Up-to-date: /home/rastic-smartcity/ros2_ws/install/turtlesim/share/turtlesim/cmake/turtlesim__rosidl_generator_cppExport.cmake
[1.568s] -- Up-to-date: /home/rastic-smartcity/ros2_ws/install/turtlesim/share/turtlesim/cmake/turtlesim__rosidl_typesupport_introspection_cppExport.cmake
[1.568s] -- Up-to-date: /home/rastic-smartcity/ros2_ws/install/turtlesim/share/turtlesim/cmake/turtlesim__rosidl_typesupport_introspection_cppExport-noconfig.cmake
[1.568s] -- Up-to-date: /home/rastic-smartcity/ros2_ws/install/turtlesim/share/turtlesim/cmake/turtlesim__rosidl_typesupport_cppExport.cmake
[1.568s] -- Up-to-date: /home/rastic-smartcity/ros2_ws/install/turtlesim/share/turtlesim/cmake/turtlesim__rosidl_typesupport_cppExport-noconfig.cmake
[1.626s] Invoked command in '/home/rastic-smartcity/ros2_ws/build/turtlesim' returned '0': CMAKE_PREFIX_PATH=${CMAKE_PREFIX_PATH}:/home/rastic-smartcity/ros2_ws/install/examples_rclpy_minimal_subscriber:/home/rastic-smartcity/ros2_ws/install/examples_rclpy_minimal_service:/home/rastic-smartcity/ros2_ws/install/examples_rclpy_minimal_publisher:/home/rastic-smartcity/ros2_ws/install/examples_rclpy_minimal_client:/home/rastic-smartcity/ros2_ws/install/examples_rclpy_minimal_action_server:/home/rastic-smartcity/ros2_ws/install/examples_rclpy_minimal_action_client:/home/rastic-smartcity/ros2_ws/install/examples_rclpy_executors:/home/rastic-smartcity/ros2_ws/install/turtle_demo_controller:/home/rastic-smartcity/ros2_ws/install/Rastic_seminar_Python:/home/rastic-smartcity/ros2_ws/install/Rastic_seminar_python:/opt/ros/foxy /usr/bin/cmake --install /home/rastic-smartcity/ros2_ws/build/turtlesim
