[0.671s] Invoking command in '/home/rastic-smartcity/ros2_ws/src/turtle_demo_controller': CMAKE_PREFIX_PATH=/home/rastic-smartcity/ros2_ws/install/turtlesim:/home/rastic-smartcity/ros2_ws/install/my_package:/home/rastic-smartcity/ros2_ws/install/Rastic_seminar PYTHONPATH=/home/rastic-smartcity/ros2_ws/build/turtle_demo_controller/prefix_override:/usr/lib/python3/dist-packages/colcon_core/task/python/colcon_distutils_commands:/home/rastic-smartcity/ros2_ws/install/turtle_demo_controller/lib/python3.8/site-packages:/home/rastic-smartcity/ros2_ws/install/turtlesim/lib/python3.8/site-packages:/home/rastic-smartcity/ros2_ws/install/Rastic_seminar_Python/lib/python3.8/site-packages:/home/rastic-smartcity/ros2_ws/install/Rastic_seminar_python/lib/python3.8/site-packages:/opt/ros/foxy/lib/python3.8/site-packages /usr/bin/python3 -W ignore:setup.py install is deprecated setup.py egg_info --egg-base ../../build/turtle_demo_controller build --build-base /home/rastic-smartcity/ros2_ws/build/turtle_demo_controller/build install --record /home/rastic-smartcity/ros2_ws/build/turtle_demo_controller/install.log --single-version-externally-managed install_data
[0.880s] running egg_info
[0.880s] creating ../../build/turtle_demo_controller/turtle_demo_controller.egg-info
[0.881s] writing ../../build/turtle_demo_controller/turtle_demo_controller.egg-info/PKG-INFO
[0.881s] writing dependency_links to ../../build/turtle_demo_controller/turtle_demo_controller.egg-info/dependency_links.txt
[0.881s] writing entry points to ../../build/turtle_demo_controller/turtle_demo_controller.egg-info/entry_points.txt
[0.881s] writing requirements to ../../build/turtle_demo_controller/turtle_demo_controller.egg-info/requires.txt
[0.881s] writing top-level names to ../../build/turtle_demo_controller/turtle_demo_controller.egg-info/top_level.txt
[0.882s] writing manifest file '../../build/turtle_demo_controller/turtle_demo_controller.egg-info/SOURCES.txt'
[0.916s] reading manifest file '../../build/turtle_demo_controller/turtle_demo_controller.egg-info/SOURCES.txt'
[0.917s] writing manifest file '../../build/turtle_demo_controller/turtle_demo_controller.egg-info/SOURCES.txt'
[0.917s] running build
[0.918s] running build_py
[0.918s] creating /home/rastic-smartcity/ros2_ws/build/turtle_demo_controller/build
[0.918s] creating /home/rastic-smartcity/ros2_ws/build/turtle_demo_controller/build/lib
[0.918s] creating /home/rastic-smartcity/ros2_ws/build/turtle_demo_controller/build/lib/turtle_demo_controller
[0.918s] copying turtle_demo_controller/turtle_controller.py -> /home/rastic-smartcity/ros2_ws/build/turtle_demo_controller/build/lib/turtle_demo_controller
[0.918s] copying turtle_demo_controller/turtle_controller_with_pid_implimentation.py -> /home/rastic-smartcity/ros2_ws/build/turtle_demo_controller/build/lib/turtle_demo_controller
[0.918s] copying turtle_demo_controller/__init__.py -> /home/rastic-smartcity/ros2_ws/build/turtle_demo_controller/build/lib/turtle_demo_controller
[0.918s] running install
[0.919s] running install_lib
[0.919s] creating /home/rastic-smartcity/ros2_ws/install/turtle_demo_controller/lib/python3.8/site-packages/turtle_demo_controller
[0.920s] copying /home/rastic-smartcity/ros2_ws/build/turtle_demo_controller/build/lib/turtle_demo_controller/turtle_controller.py -> /home/rastic-smartcity/ros2_ws/install/turtle_demo_controller/lib/python3.8/site-packages/turtle_demo_controller
[0.920s] copying /home/rastic-smartcity/ros2_ws/build/turtle_demo_controller/build/lib/turtle_demo_controller/turtle_controller_with_pid_implimentation.py -> /home/rastic-smartcity/ros2_ws/install/turtle_demo_controller/lib/python3.8/site-packages/turtle_demo_controller
[0.920s] copying /home/rastic-smartcity/ros2_ws/build/turtle_demo_controller/build/lib/turtle_demo_controller/__init__.py -> /home/rastic-smartcity/ros2_ws/install/turtle_demo_controller/lib/python3.8/site-packages/turtle_demo_controller
[0.920s] byte-compiling /home/rastic-smartcity/ros2_ws/install/turtle_demo_controller/lib/python3.8/site-packages/turtle_demo_controller/turtle_controller.py to turtle_controller.cpython-38.pyc
[0.922s] byte-compiling /home/rastic-smartcity/ros2_ws/install/turtle_demo_controller/lib/python3.8/site-packages/turtle_demo_controller/turtle_controller_with_pid_implimentation.py to turtle_controller_with_pid_implimentation.cpython-38.pyc
[0.922s] byte-compiling /home/rastic-smartcity/ros2_ws/install/turtle_demo_controller/lib/python3.8/site-packages/turtle_demo_controller/__init__.py to __init__.cpython-38.pyc
[0.923s] running install_data
[0.923s] creating /home/rastic-smartcity/ros2_ws/install/turtle_demo_controller/share/ament_index
[0.923s] creating /home/rastic-smartcity/ros2_ws/install/turtle_demo_controller/share/ament_index/resource_index
[0.923s] creating /home/rastic-smartcity/ros2_ws/install/turtle_demo_controller/share/ament_index/resource_index/packages
[0.923s] copying resource/turtle_demo_controller -> /home/rastic-smartcity/ros2_ws/install/turtle_demo_controller/share/ament_index/resource_index/packages
[0.923s] copying package.xml -> /home/rastic-smartcity/ros2_ws/install/turtle_demo_controller/share/turtle_demo_controller
[0.923s] running install_egg_info
[0.925s] Copying ../../build/turtle_demo_controller/turtle_demo_controller.egg-info to /home/rastic-smartcity/ros2_ws/install/turtle_demo_controller/lib/python3.8/site-packages/turtle_demo_controller-0.0.0-py3.8.egg-info
[0.925s] running install_scripts
[0.943s] Installing turt_controller script to /home/rastic-smartcity/ros2_ws/install/turtle_demo_controller/lib/turtle_demo_controller
[0.944s] writing list of installed files to '/home/rastic-smartcity/ros2_ws/build/turtle_demo_controller/install.log'
[0.964s] Invoked command in '/home/rastic-smartcity/ros2_ws/src/turtle_demo_controller' returned '0': CMAKE_PREFIX_PATH=/home/rastic-smartcity/ros2_ws/install/turtlesim:/home/rastic-smartcity/ros2_ws/install/my_package:/home/rastic-smartcity/ros2_ws/install/Rastic_seminar PYTHONPATH=/home/rastic-smartcity/ros2_ws/build/turtle_demo_controller/prefix_override:/usr/lib/python3/dist-packages/colcon_core/task/python/colcon_distutils_commands:/home/rastic-smartcity/ros2_ws/install/turtle_demo_controller/lib/python3.8/site-packages:/home/rastic-smartcity/ros2_ws/install/turtlesim/lib/python3.8/site-packages:/home/rastic-smartcity/ros2_ws/install/Rastic_seminar_Python/lib/python3.8/site-packages:/home/rastic-smartcity/ros2_ws/install/Rastic_seminar_python/lib/python3.8/site-packages:/opt/ros/foxy/lib/python3.8/site-packages /usr/bin/python3 -W ignore:setup.py install is deprecated setup.py egg_info --egg-base ../../build/turtle_demo_controller build --build-base /home/rastic-smartcity/ros2_ws/build/turtle_demo_controller/build install --record /home/rastic-smartcity/ros2_ws/build/turtle_demo_controller/install.log --single-version-externally-managed install_data
