[2.599s] Invoking command in '/home/rastic-smartcity/ros2_ws/src/my_package': PYTHONPATH=/home/rastic-smartcity/ros2_ws/build/my_package/prefix_override:/usr/lib/python3/dist-packages/colcon_core/task/python/colcon_distutils_commands:/home/rastic-smartcity/ros2_ws/install/my_package/lib/python3.8/site-packages:${PYTHONPATH} /usr/bin/python3 -W ignore:setup.py install is deprecated setup.py egg_info --egg-base ../../build/my_package build --build-base /home/rastic-smartcity/ros2_ws/build/my_package/build install --record /home/rastic-smartcity/ros2_ws/build/my_package/install.log --install-scripts $base/lib/my_package --single-version-externally-managed install_data
[2.858s] running egg_info
[2.860s] writing ../../build/my_package/my_package.egg-info/PKG-INFO
[2.860s] writing dependency_links to ../../build/my_package/my_package.egg-info/dependency_links.txt
[2.861s] writing entry points to ../../build/my_package/my_package.egg-info/entry_points.txt
[2.861s] writing requirements to ../../build/my_package/my_package.egg-info/requires.txt
[2.861s] writing top-level names to ../../build/my_package/my_package.egg-info/top_level.txt
[2.896s] reading manifest file '../../build/my_package/my_package.egg-info/SOURCES.txt'
[2.897s] writing manifest file '../../build/my_package/my_package.egg-info/SOURCES.txt'
[2.897s] running build
[2.897s] running build_py
[2.897s] copying my_package/my_node.py -> /home/rastic-smartcity/ros2_ws/build/my_package/build/lib/my_package
[2.897s] running install
[2.898s] running install_lib
[2.899s] copying /home/rastic-smartcity/ros2_ws/build/my_package/build/lib/my_package/my_node.py -> /home/rastic-smartcity/ros2_ws/install/my_package/lib/python3.8/site-packages/my_package
[2.900s] byte-compiling /home/rastic-smartcity/ros2_ws/install/my_package/lib/python3.8/site-packages/my_package/my_node.py to my_node.cpython-38.pyc
[2.901s] running install_data
[2.901s] running install_egg_info
[2.903s] removing '/home/rastic-smartcity/ros2_ws/install/my_package/lib/python3.8/site-packages/my_package-0.0.0-py3.8.egg-info' (and everything under it)
[2.903s] Copying ../../build/my_package/my_package.egg-info to /home/rastic-smartcity/ros2_ws/install/my_package/lib/python3.8/site-packages/my_package-0.0.0-py3.8.egg-info
[2.904s] running install_scripts
[2.924s] Installing my_node script to /home/rastic-smartcity/ros2_ws/install/my_package/lib/my_package
[2.924s] writing list of installed files to '/home/rastic-smartcity/ros2_ws/build/my_package/install.log'
[2.949s] Invoked command in '/home/rastic-smartcity/ros2_ws/src/my_package' returned '0': PYTHONPATH=/home/rastic-smartcity/ros2_ws/build/my_package/prefix_override:/usr/lib/python3/dist-packages/colcon_core/task/python/colcon_distutils_commands:/home/rastic-smartcity/ros2_ws/install/my_package/lib/python3.8/site-packages:${PYTHONPATH} /usr/bin/python3 -W ignore:setup.py install is deprecated setup.py egg_info --egg-base ../../build/my_package build --build-base /home/rastic-smartcity/ros2_ws/build/my_package/build install --record /home/rastic-smartcity/ros2_ws/build/my_package/install.log --install-scripts $base/lib/my_package --single-version-externally-managed install_data
