[2.193s] Invoking command in '/home/rastic-smartcity/ros2_ws/build/examples_rclpy_minimal_client': PYTHONPATH=/home/rastic-smartcity/ros2_ws/build/examples_rclpy_minimal_client/prefix_override:/usr/lib/python3/dist-packages/colcon_core/task/python/colcon_distutils_commands:/home/rastic-smartcity/ros2_ws/install/examples_rclpy_minimal_client/lib/python3.8/site-packages:${PYTHONPATH} /usr/bin/python3 -W ignore:setup.py install is deprecated setup.py develop --uninstall --editable --build-directory /home/rastic-smartcity/ros2_ws/build/examples_rclpy_minimal_client/build
[2.688s] running develop
[2.950s] Removing /home/rastic-smartcity/ros2_ws/install/examples_rclpy_minimal_client/lib/python3.8/site-packages/examples-rclpy-minimal-client.egg-link (link to .)
[3.020s] Invoked command in '/home/rastic-smartcity/ros2_ws/build/examples_rclpy_minimal_client' returned '0': PYTHONPATH=/home/rastic-smartcity/ros2_ws/build/examples_rclpy_minimal_client/prefix_override:/usr/lib/python3/dist-packages/colcon_core/task/python/colcon_distutils_commands:/home/rastic-smartcity/ros2_ws/install/examples_rclpy_minimal_client/lib/python3.8/site-packages:${PYTHONPATH} /usr/bin/python3 -W ignore:setup.py install is deprecated setup.py develop --uninstall --editable --build-directory /home/rastic-smartcity/ros2_ws/build/examples_rclpy_minimal_client/build
[3.024s] Invoking command in '/home/rastic-smartcity/ros2_ws/src/examples/rclpy/services/minimal_client': PYTHONPATH=/home/rastic-smartcity/ros2_ws/build/examples_rclpy_minimal_client/prefix_override:/usr/lib/python3/dist-packages/colcon_core/task/python/colcon_distutils_commands:/home/rastic-smartcity/ros2_ws/install/examples_rclpy_minimal_client/lib/python3.8/site-packages:${PYTHONPATH} /usr/bin/python3 -W ignore:setup.py install is deprecated setup.py egg_info --egg-base ../../../../../build/examples_rclpy_minimal_client build --build-base /home/rastic-smartcity/ros2_ws/build/examples_rclpy_minimal_client/build install --record /home/rastic-smartcity/ros2_ws/build/examples_rclpy_minimal_client/install.log --install-scripts $base/lib/examples_rclpy_minimal_client --single-version-externally-managed install_data --force
[3.265s] running egg_info
[3.265s] writing ../../../../../build/examples_rclpy_minimal_client/examples_rclpy_minimal_client.egg-info/PKG-INFO
[3.266s] writing dependency_links to ../../../../../build/examples_rclpy_minimal_client/examples_rclpy_minimal_client.egg-info/dependency_links.txt
[3.266s] writing entry points to ../../../../../build/examples_rclpy_minimal_client/examples_rclpy_minimal_client.egg-info/entry_points.txt
[3.266s] writing requirements to ../../../../../build/examples_rclpy_minimal_client/examples_rclpy_minimal_client.egg-info/requires.txt
[3.266s] writing top-level names to ../../../../../build/examples_rclpy_minimal_client/examples_rclpy_minimal_client.egg-info/top_level.txt
[3.305s] reading manifest file '../../../../../build/examples_rclpy_minimal_client/examples_rclpy_minimal_client.egg-info/SOURCES.txt'
[3.306s] writing manifest file '../../../../../build/examples_rclpy_minimal_client/examples_rclpy_minimal_client.egg-info/SOURCES.txt'
[3.306s] running build
[3.307s] running build_py
[3.307s] creating /home/rastic-smartcity/ros2_ws/build/examples_rclpy_minimal_client/build
[3.307s] creating /home/rastic-smartcity/ros2_ws/build/examples_rclpy_minimal_client/build/lib
[3.307s] creating /home/rastic-smartcity/ros2_ws/build/examples_rclpy_minimal_client/build/lib/examples_rclpy_minimal_client
[3.307s] copying examples_rclpy_minimal_client/client_async.py -> /home/rastic-smartcity/ros2_ws/build/examples_rclpy_minimal_client/build/lib/examples_rclpy_minimal_client
[3.308s] copying examples_rclpy_minimal_client/client_async_member_function.py -> /home/rastic-smartcity/ros2_ws/build/examples_rclpy_minimal_client/build/lib/examples_rclpy_minimal_client
[3.308s] copying examples_rclpy_minimal_client/client_async_callback.py -> /home/rastic-smartcity/ros2_ws/build/examples_rclpy_minimal_client/build/lib/examples_rclpy_minimal_client
[3.308s] copying examples_rclpy_minimal_client/client.py -> /home/rastic-smartcity/ros2_ws/build/examples_rclpy_minimal_client/build/lib/examples_rclpy_minimal_client
[3.308s] copying examples_rclpy_minimal_client/__init__.py -> /home/rastic-smartcity/ros2_ws/build/examples_rclpy_minimal_client/build/lib/examples_rclpy_minimal_client
[3.308s] running install
[3.308s] running install_lib
[3.309s] creating /home/rastic-smartcity/ros2_ws/install/examples_rclpy_minimal_client/lib/python3.8/site-packages/examples_rclpy_minimal_client
[3.309s] copying /home/rastic-smartcity/ros2_ws/build/examples_rclpy_minimal_client/build/lib/examples_rclpy_minimal_client/client_async.py -> /home/rastic-smartcity/ros2_ws/install/examples_rclpy_minimal_client/lib/python3.8/site-packages/examples_rclpy_minimal_client
[3.310s] copying /home/rastic-smartcity/ros2_ws/build/examples_rclpy_minimal_client/build/lib/examples_rclpy_minimal_client/client_async_member_function.py -> /home/rastic-smartcity/ros2_ws/install/examples_rclpy_minimal_client/lib/python3.8/site-packages/examples_rclpy_minimal_client
[3.310s] copying /home/rastic-smartcity/ros2_ws/build/examples_rclpy_minimal_client/build/lib/examples_rclpy_minimal_client/client_async_callback.py -> /home/rastic-smartcity/ros2_ws/install/examples_rclpy_minimal_client/lib/python3.8/site-packages/examples_rclpy_minimal_client
[3.310s] copying /home/rastic-smartcity/ros2_ws/build/examples_rclpy_minimal_client/build/lib/examples_rclpy_minimal_client/client.py -> /home/rastic-smartcity/ros2_ws/install/examples_rclpy_minimal_client/lib/python3.8/site-packages/examples_rclpy_minimal_client
[3.310s] copying /home/rastic-smartcity/ros2_ws/build/examples_rclpy_minimal_client/build/lib/examples_rclpy_minimal_client/__init__.py -> /home/rastic-smartcity/ros2_ws/install/examples_rclpy_minimal_client/lib/python3.8/site-packages/examples_rclpy_minimal_client
[3.310s] byte-compiling /home/rastic-smartcity/ros2_ws/install/examples_rclpy_minimal_client/lib/python3.8/site-packages/examples_rclpy_minimal_client/client_async.py to client_async.cpython-38.pyc
[3.312s] byte-compiling /home/rastic-smartcity/ros2_ws/install/examples_rclpy_minimal_client/lib/python3.8/site-packages/examples_rclpy_minimal_client/client_async_member_function.py to client_async_member_function.cpython-38.pyc
[3.313s] byte-compiling /home/rastic-smartcity/ros2_ws/install/examples_rclpy_minimal_client/lib/python3.8/site-packages/examples_rclpy_minimal_client/client_async_callback.py to client_async_callback.cpython-38.pyc
[3.313s] byte-compiling /home/rastic-smartcity/ros2_ws/install/examples_rclpy_minimal_client/lib/python3.8/site-packages/examples_rclpy_minimal_client/client.py to client.cpython-38.pyc
[3.313s] byte-compiling /home/rastic-smartcity/ros2_ws/install/examples_rclpy_minimal_client/lib/python3.8/site-packages/examples_rclpy_minimal_client/__init__.py to __init__.cpython-38.pyc
[3.314s] running install_data
[3.314s] copying resource/examples_rclpy_minimal_client -> /home/rastic-smartcity/ros2_ws/install/examples_rclpy_minimal_client/share/ament_index/resource_index/packages
[3.314s] copying package.xml -> /home/rastic-smartcity/ros2_ws/install/examples_rclpy_minimal_client/share/examples_rclpy_minimal_client
[3.314s] running install_egg_info
[3.316s] Copying ../../../../../build/examples_rclpy_minimal_client/examples_rclpy_minimal_client.egg-info to /home/rastic-smartcity/ros2_ws/install/examples_rclpy_minimal_client/lib/python3.8/site-packages/examples_rclpy_minimal_client-0.9.4-py3.8.egg-info
[3.317s] running install_scripts
[3.337s] Installing client script to /home/rastic-smartcity/ros2_ws/install/examples_rclpy_minimal_client/lib/examples_rclpy_minimal_client
[3.337s] Installing client_async script to /home/rastic-smartcity/ros2_ws/install/examples_rclpy_minimal_client/lib/examples_rclpy_minimal_client
[3.338s] Installing client_async_callback script to /home/rastic-smartcity/ros2_ws/install/examples_rclpy_minimal_client/lib/examples_rclpy_minimal_client
[3.338s] Installing client_async_member_function script to /home/rastic-smartcity/ros2_ws/install/examples_rclpy_minimal_client/lib/examples_rclpy_minimal_client
[3.338s] writing list of installed files to '/home/rastic-smartcity/ros2_ws/build/examples_rclpy_minimal_client/install.log'
[3.363s] Invoked command in '/home/rastic-smartcity/ros2_ws/src/examples/rclpy/services/minimal_client' returned '0': PYTHONPATH=/home/rastic-smartcity/ros2_ws/build/examples_rclpy_minimal_client/prefix_override:/usr/lib/python3/dist-packages/colcon_core/task/python/colcon_distutils_commands:/home/rastic-smartcity/ros2_ws/install/examples_rclpy_minimal_client/lib/python3.8/site-packages:${PYTHONPATH} /usr/bin/python3 -W ignore:setup.py install is deprecated setup.py egg_info --egg-base ../../../../../build/examples_rclpy_minimal_client build --build-base /home/rastic-smartcity/ros2_ws/build/examples_rclpy_minimal_client/build install --record /home/rastic-smartcity/ros2_ws/build/examples_rclpy_minimal_client/install.log --install-scripts $base/lib/examples_rclpy_minimal_client --single-version-externally-managed install_data --force
