[0.102s] Invoking command in '/home/rastic-smartcity/ros2_ws/build/examples_rclcpp_minimal_publisher': CMAKE_PREFIX_PATH=${CMAKE_PREFIX_PATH}:/home/rastic-smartcity/ros2_ws/install/turtle_demo_controller:/home/rastic-smartcity/ros2_ws/install/Rastic_seminar_Python:/home/rastic-smartcity/ros2_ws/install/Rastic_seminar_python:/opt/ros/foxy /usr/bin/cmake /home/rastic-smartcity/ros2_ws/src/examples/rclcpp/topics/minimal_publisher -DAMENT_CMAKE_SYMLINK_INSTALL=1 -DCMAKE_INSTALL_PREFIX=/home/rastic-smartcity/ros2_ws/install/examples_rclcpp_minimal_publisher
[0.891s] -- The C compiler identification is GNU 9.4.0
[0.891s] -- The CXX compiler identification is GNU 9.4.0
[0.892s] -- Check for working C compiler: /usr/bin/cc
[0.892s] -- Check for working C compiler: /usr/bin/cc -- works
[0.892s] -- Detecting C compiler ABI info
[0.892s] -- Detecting C compiler ABI info - done
[0.892s] -- Detecting C compile features
[0.892s] -- Detecting C compile features - done
[0.892s] -- Check for working CXX compiler: /usr/bin/c++
[0.892s] -- Check for working CXX compiler: /usr/bin/c++ -- works
[0.892s] -- Detecting CXX compiler ABI info
[0.917s] -- Detecting CXX compiler ABI info - done
[0.943s] -- Detecting CXX compile features
[0.944s] -- Detecting CXX compile features - done
[0.949s] -- Found ament_cmake: 0.9.12 (/opt/ros/foxy/share/ament_cmake/cmake)
[1.004s] -- Found PythonInterp: /usr/bin/python3 (found suitable version "3.8.10", minimum required is "3") 
[1.006s] -- Using PYTHON_EXECUTABLE: /usr/bin/python3
[1.385s] -- Override CMake install command with custom implementation using symlinks instead of copying resources
[1.436s] -- Found rclcpp: 2.4.3 (/opt/ros/foxy/share/rclcpp/cmake)
[1.536s] -- Using all available rosidl_typesupport_c: rosidl_typesupport_fastrtps_c;rosidl_typesupport_introspection_c
[1.550s] -- Found rosidl_adapter: 1.3.1 (/opt/ros/foxy/share/rosidl_adapter/cmake)
[1.716s] -- Found OpenSSL: /usr/lib/x86_64-linux-gnu/libcrypto.so (found version "1.1.1f")  
[1.777s] -- Found FastRTPS: /opt/ros/foxy/include  
[1.950s] -- Using all available rosidl_typesupport_cpp: rosidl_typesupport_fastrtps_cpp;rosidl_typesupport_introspection_cpp
[2.073s] -- Found rmw_implementation_cmake: 1.0.4 (/opt/ros/foxy/share/rmw_implementation_cmake/cmake)
[2.077s] -- Using RMW implementation 'rmw_fastrtps_cpp' as default
[2.078s] -- Looking for pthread.h
[2.303s] -- Looking for pthread.h - found
[2.304s] -- Performing Test CMAKE_HAVE_LIBC_PTHREAD
[2.503s] -- Performing Test CMAKE_HAVE_LIBC_PTHREAD - Failed
[2.504s] -- Looking for pthread_create in pthreads
[2.630s] -- Looking for pthread_create in pthreads - not found
[2.630s] -- Looking for pthread_create in pthread
[2.761s] -- Looking for pthread_create in pthread - found
[2.764s] -- Found Threads: TRUE  
[3.084s] -- Found ament_lint_auto: 0.9.8 (/opt/ros/foxy/share/ament_lint_auto/cmake)
[3.247s] -- Added test 'copyright' to check source files copyright and LICENSE
[3.249s] -- Added test 'cppcheck' to perform static code analysis on C / C++ code
[3.250s] -- Configured cppcheck include dirs: 
[3.250s] -- Configured cppcheck exclude dirs and/or files: 
[3.252s] -- Added test 'cpplint' to check C / C++ code against the Google style
[3.252s] -- Configured cpplint exclude dirs and/or files: 
[3.254s] -- Added test 'lint_cmake' to check CMake code style
[3.257s] -- Added test 'uncrustify' to check C / C++ code style
[3.257s] -- Configured uncrustify additional arguments: 
[3.258s] -- Added test 'xmllint' to check XML markup files
[3.265s] -- Configuring done
[3.301s] -- Generating done
[3.305s] -- Build files have been written to: /home/rastic-smartcity/ros2_ws/build/examples_rclcpp_minimal_publisher
[3.330s] Invoked command in '/home/rastic-smartcity/ros2_ws/build/examples_rclcpp_minimal_publisher' returned '0': CMAKE_PREFIX_PATH=${CMAKE_PREFIX_PATH}:/home/rastic-smartcity/ros2_ws/install/turtle_demo_controller:/home/rastic-smartcity/ros2_ws/install/Rastic_seminar_Python:/home/rastic-smartcity/ros2_ws/install/Rastic_seminar_python:/opt/ros/foxy /usr/bin/cmake /home/rastic-smartcity/ros2_ws/src/examples/rclcpp/topics/minimal_publisher -DAMENT_CMAKE_SYMLINK_INSTALL=1 -DCMAKE_INSTALL_PREFIX=/home/rastic-smartcity/ros2_ws/install/examples_rclcpp_minimal_publisher
[3.332s] Invoking command in '/home/rastic-smartcity/ros2_ws/build/examples_rclcpp_minimal_publisher': CMAKE_PREFIX_PATH=${CMAKE_PREFIX_PATH}:/home/rastic-smartcity/ros2_ws/install/turtle_demo_controller:/home/rastic-smartcity/ros2_ws/install/Rastic_seminar_Python:/home/rastic-smartcity/ros2_ws/install/Rastic_seminar_python:/opt/ros/foxy /usr/bin/cmake --build /home/rastic-smartcity/ros2_ws/build/examples_rclcpp_minimal_publisher -- -j12 -l12
[3.430s] [35m[1mScanning dependencies of target publisher_not_composable[0m
[3.430s] [35m[1mScanning dependencies of target publisher_lambda[0m
[3.445s] [35m[1mScanning dependencies of target publisher_member_function[0m
[3.486s] [ 16%] [32mBuilding CXX object CMakeFiles/publisher_member_function.dir/member_function.cpp.o[0m
[3.492s] [ 33%] [32mBuilding CXX object CMakeFiles/publisher_not_composable.dir/not_composable.cpp.o[0m
[3.516s] [ 50%] [32mBuilding CXX object CMakeFiles/publisher_lambda.dir/lambda.cpp.o[0m
[9.866s] [ 66%] [32m[1mLinking CXX executable publisher_member_function[0m
[10.328s] [ 66%] Built target publisher_member_function
[12.398s] [ 83%] [32m[1mLinking CXX executable publisher_lambda[0m
[13.155s] [ 83%] Built target publisher_lambda
[13.368s] [100%] [32m[1mLinking CXX executable publisher_not_composable[0m
[13.821s] [100%] Built target publisher_not_composable
[14.435s] Invoked command in '/home/rastic-smartcity/ros2_ws/build/examples_rclcpp_minimal_publisher' returned '0': CMAKE_PREFIX_PATH=${CMAKE_PREFIX_PATH}:/home/rastic-smartcity/ros2_ws/install/turtle_demo_controller:/home/rastic-smartcity/ros2_ws/install/Rastic_seminar_Python:/home/rastic-smartcity/ros2_ws/install/Rastic_seminar_python:/opt/ros/foxy /usr/bin/cmake --build /home/rastic-smartcity/ros2_ws/build/examples_rclcpp_minimal_publisher -- -j12 -l12
[15.514s] Invoking command in '/home/rastic-smartcity/ros2_ws/build/examples_rclcpp_minimal_publisher': CMAKE_PREFIX_PATH=${CMAKE_PREFIX_PATH}:/home/rastic-smartcity/ros2_ws/install/turtle_demo_controller:/home/rastic-smartcity/ros2_ws/install/Rastic_seminar_Python:/home/rastic-smartcity/ros2_ws/install/Rastic_seminar_python:/opt/ros/foxy /usr/bin/cmake --install /home/rastic-smartcity/ros2_ws/build/examples_rclcpp_minimal_publisher
[15.574s] -- Install configuration: ""
[15.575s] -- Execute custom install script
[15.577s] -- Symlinking: /home/rastic-smartcity/ros2_ws/install/examples_rclcpp_minimal_publisher/lib/examples_rclcpp_minimal_publisher/publisher_lambda
[15.650s] -- Symlinking: /home/rastic-smartcity/ros2_ws/install/examples_rclcpp_minimal_publisher/lib/examples_rclcpp_minimal_publisher/publisher_member_function
[15.705s] -- Symlinking: /home/rastic-smartcity/ros2_ws/install/examples_rclcpp_minimal_publisher/lib/examples_rclcpp_minimal_publisher/publisher_not_composable
[15.809s] -- Symlinking: /home/rastic-smartcity/ros2_ws/install/examples_rclcpp_minimal_publisher/share/ament_index/resource_index/package_run_dependencies/examples_rclcpp_minimal_publisher
[15.838s] -- Symlinking: /home/rastic-smartcity/ros2_ws/install/examples_rclcpp_minimal_publisher/share/ament_index/resource_index/parent_prefix_path/examples_rclcpp_minimal_publisher
[15.895s] -- Symlinking: /home/rastic-smartcity/ros2_ws/install/examples_rclcpp_minimal_publisher/share/examples_rclcpp_minimal_publisher/environment/ament_prefix_path.sh
[15.928s] -- Symlinking: /home/rastic-smartcity/ros2_ws/install/examples_rclcpp_minimal_publisher/share/examples_rclcpp_minimal_publisher/environment/ament_prefix_path.dsv
[15.967s] -- Symlinking: /home/rastic-smartcity/ros2_ws/install/examples_rclcpp_minimal_publisher/share/examples_rclcpp_minimal_publisher/environment/path.sh
[16.021s] -- Symlinking: /home/rastic-smartcity/ros2_ws/install/examples_rclcpp_minimal_publisher/share/examples_rclcpp_minimal_publisher/environment/path.dsv
[16.080s] -- Symlinking: /home/rastic-smartcity/ros2_ws/install/examples_rclcpp_minimal_publisher/share/examples_rclcpp_minimal_publisher/local_setup.bash
[16.108s] -- Symlinking: /home/rastic-smartcity/ros2_ws/install/examples_rclcpp_minimal_publisher/share/examples_rclcpp_minimal_publisher/local_setup.sh
[16.144s] -- Symlinking: /home/rastic-smartcity/ros2_ws/install/examples_rclcpp_minimal_publisher/share/examples_rclcpp_minimal_publisher/local_setup.zsh
[16.164s] -- Symlinking: /home/rastic-smartcity/ros2_ws/install/examples_rclcpp_minimal_publisher/share/examples_rclcpp_minimal_publisher/local_setup.dsv
[16.192s] -- Symlinking: /home/rastic-smartcity/ros2_ws/install/examples_rclcpp_minimal_publisher/share/examples_rclcpp_minimal_publisher/package.dsv
[16.233s] -- Symlinking: /home/rastic-smartcity/ros2_ws/install/examples_rclcpp_minimal_publisher/share/ament_index/resource_index/packages/examples_rclcpp_minimal_publisher
[16.258s] -- Symlinking: /home/rastic-smartcity/ros2_ws/install/examples_rclcpp_minimal_publisher/share/examples_rclcpp_minimal_publisher/cmake/examples_rclcpp_minimal_publisherConfig.cmake
[16.283s] -- Symlinking: /home/rastic-smartcity/ros2_ws/install/examples_rclcpp_minimal_publisher/share/examples_rclcpp_minimal_publisher/cmake/examples_rclcpp_minimal_publisherConfig-version.cmake
[16.310s] -- Symlinking: /home/rastic-smartcity/ros2_ws/install/examples_rclcpp_minimal_publisher/share/examples_rclcpp_minimal_publisher/package.xml
[16.743s] Invoked command in '/home/rastic-smartcity/ros2_ws/build/examples_rclcpp_minimal_publisher' returned '0': CMAKE_PREFIX_PATH=${CMAKE_PREFIX_PATH}:/home/rastic-smartcity/ros2_ws/install/turtle_demo_controller:/home/rastic-smartcity/ros2_ws/install/Rastic_seminar_Python:/home/rastic-smartcity/ros2_ws/install/Rastic_seminar_python:/opt/ros/foxy /usr/bin/cmake --install /home/rastic-smartcity/ros2_ws/build/examples_rclcpp_minimal_publisher
