[0.204s] Invoking command in '/home/rastic-smartcity/ros2_ws/build/examples_rclcpp_multithreaded_executor': CMAKE_PREFIX_PATH=/opt/ros/foxy /usr/bin/cmake --build /home/rastic-smartcity/ros2_ws/build/examples_rclcpp_multithreaded_executor -- -j12 -l12
[0.787s] [100%] Built target multithreaded_executor
[0.848s] Invoked command in '/home/rastic-smartcity/ros2_ws/build/examples_rclcpp_multithreaded_executor' returned '0': CMAKE_PREFIX_PATH=/opt/ros/foxy /usr/bin/cmake --build /home/rastic-smartcity/ros2_ws/build/examples_rclcpp_multithreaded_executor -- -j12 -l12
[0.976s] Invoking command in '/home/rastic-smartcity/ros2_ws/build/examples_rclcpp_multithreaded_executor': CMAKE_PREFIX_PATH=/opt/ros/foxy /usr/bin/cmake --install /home/rastic-smartcity/ros2_ws/build/examples_rclcpp_multithreaded_executor
[0.990s] -- Install configuration: ""
[0.990s] -- Execute custom install script
[0.992s] -- Up-to-date symlink: /home/rastic-smartcity/ros2_ws/install/examples_rclcpp_multithreaded_executor/lib/examples_rclcpp_multithreaded_executor/multithreaded_executor
[0.992s] -- Up-to-date symlink: /home/rastic-smartcity/ros2_ws/install/examples_rclcpp_multithreaded_executor/share/ament_index/resource_index/package_run_dependencies/examples_rclcpp_multithreaded_executor
[0.993s] -- Up-to-date symlink: /home/rastic-smartcity/ros2_ws/install/examples_rclcpp_multithreaded_executor/share/ament_index/resource_index/parent_prefix_path/examples_rclcpp_multithreaded_executor
[0.995s] -- Up-to-date symlink: /home/rastic-smartcity/ros2_ws/install/examples_rclcpp_multithreaded_executor/share/examples_rclcpp_multithreaded_executor/environment/ament_prefix_path.sh
[0.997s] -- Up-to-date symlink: /home/rastic-smartcity/ros2_ws/install/examples_rclcpp_multithreaded_executor/share/examples_rclcpp_multithreaded_executor/environment/ament_prefix_path.dsv
[0.997s] -- Up-to-date symlink: /home/rastic-smartcity/ros2_ws/install/examples_rclcpp_multithreaded_executor/share/examples_rclcpp_multithreaded_executor/environment/path.sh
[0.999s] -- Up-to-date symlink: /home/rastic-smartcity/ros2_ws/install/examples_rclcpp_multithreaded_executor/share/examples_rclcpp_multithreaded_executor/environment/path.dsv
[1.000s] -- Up-to-date symlink: /home/rastic-smartcity/ros2_ws/install/examples_rclcpp_multithreaded_executor/share/examples_rclcpp_multithreaded_executor/local_setup.bash
[1.001s] -- Up-to-date symlink: /home/rastic-smartcity/ros2_ws/install/examples_rclcpp_multithreaded_executor/share/examples_rclcpp_multithreaded_executor/local_setup.sh
[1.001s] -- Up-to-date symlink: /home/rastic-smartcity/ros2_ws/install/examples_rclcpp_multithreaded_executor/share/examples_rclcpp_multithreaded_executor/local_setup.zsh
[1.005s] -- Up-to-date symlink: /home/rastic-smartcity/ros2_ws/install/examples_rclcpp_multithreaded_executor/share/examples_rclcpp_multithreaded_executor/local_setup.dsv
[1.007s] -- Symlinking: /home/rastic-smartcity/ros2_ws/install/examples_rclcpp_multithreaded_executor/share/examples_rclcpp_multithreaded_executor/package.dsv
[1.010s] -- Up-to-date symlink: /home/rastic-smartcity/ros2_ws/install/examples_rclcpp_multithreaded_executor/share/ament_index/resource_index/packages/examples_rclcpp_multithreaded_executor
[1.010s] -- Up-to-date symlink: /home/rastic-smartcity/ros2_ws/install/examples_rclcpp_multithreaded_executor/share/examples_rclcpp_multithreaded_executor/cmake/examples_rclcpp_multithreaded_executorConfig.cmake
[1.010s] -- Up-to-date symlink: /home/rastic-smartcity/ros2_ws/install/examples_rclcpp_multithreaded_executor/share/examples_rclcpp_multithreaded_executor/cmake/examples_rclcpp_multithreaded_executorConfig-version.cmake
[1.010s] -- Up-to-date symlink: /home/rastic-smartcity/ros2_ws/install/examples_rclcpp_multithreaded_executor/share/examples_rclcpp_multithreaded_executor/package.xml
[1.122s] Invoked command in '/home/rastic-smartcity/ros2_ws/build/examples_rclcpp_multithreaded_executor' returned '0': CMAKE_PREFIX_PATH=/opt/ros/foxy /usr/bin/cmake --install /home/rastic-smartcity/ros2_ws/build/examples_rclcpp_multithreaded_executor
