[3.265s] Invoking command in '/home/rastic-smartcity/ros2_ws/build/examples_rclpy_minimal_client': PYTHONPATH=/home/rastic-smartcity/ros2_ws/build/examples_rclpy_minimal_client/prefix_override:/usr/lib/python3/dist-packages/colcon_core/task/python/colcon_distutils_commands:/home/rastic-smartcity/ros2_ws/install/examples_rclpy_minimal_client/lib/python3.8/site-packages:${PYTHONPATH} /usr/bin/python3 -W ignore:setup.py install is deprecated setup.py develop --editable --build-directory /home/rastic-smartcity/ros2_ws/build/examples_rclpy_minimal_client/build --no-deps symlink_data
[8.438s] running develop
[8.438s] running egg_info
[8.439s] creating examples_rclpy_minimal_client.egg-info
[8.439s] writing examples_rclpy_minimal_client.egg-info/PKG-INFO
[8.439s] writing dependency_links to examples_rclpy_minimal_client.egg-info/dependency_links.txt
[8.439s] writing entry points to examples_rclpy_minimal_client.egg-info/entry_points.txt
[8.439s] writing requirements to examples_rclpy_minimal_client.egg-info/requires.txt
[8.439s] writing top-level names to examples_rclpy_minimal_client.egg-info/top_level.txt
[8.440s] writing manifest file 'examples_rclpy_minimal_client.egg-info/SOURCES.txt'
[8.440s] reading manifest file 'examples_rclpy_minimal_client.egg-info/SOURCES.txt'
[8.440s] writing manifest file 'examples_rclpy_minimal_client.egg-info/SOURCES.txt'
[8.440s] running build_ext
[8.440s] Creating /home/rastic-smartcity/ros2_ws/install/examples_rclpy_minimal_client/lib/python3.8/site-packages/site.py
[8.440s] Creating /home/rastic-smartcity/ros2_ws/install/examples_rclpy_minimal_client/lib/python3.8/site-packages/examples-rclpy-minimal-client.egg-link (link to .)
[8.440s] Installing client script to /home/rastic-smartcity/ros2_ws/install/examples_rclpy_minimal_client/lib/examples_rclpy_minimal_client
[8.440s] Installing client_async script to /home/rastic-smartcity/ros2_ws/install/examples_rclpy_minimal_client/lib/examples_rclpy_minimal_client
[8.441s] Installing client_async_callback script to /home/rastic-smartcity/ros2_ws/install/examples_rclpy_minimal_client/lib/examples_rclpy_minimal_client
[8.441s] Installing client_async_member_function script to /home/rastic-smartcity/ros2_ws/install/examples_rclpy_minimal_client/lib/examples_rclpy_minimal_client
[8.441s] 
[8.441s] Installed /home/rastic-smartcity/ros2_ws/build/examples_rclpy_minimal_client
[8.441s] running symlink_data
[8.441s] creating /home/rastic-smartcity/ros2_ws/install/examples_rclpy_minimal_client/share/ament_index
[8.441s] creating /home/rastic-smartcity/ros2_ws/install/examples_rclpy_minimal_client/share/ament_index/resource_index
[8.441s] creating /home/rastic-smartcity/ros2_ws/install/examples_rclpy_minimal_client/share/ament_index/resource_index/packages
[8.442s] symbolically linking /home/rastic-smartcity/ros2_ws/build/examples_rclpy_minimal_client/resource/examples_rclpy_minimal_client -> /home/rastic-smartcity/ros2_ws/install/examples_rclpy_minimal_client/share/ament_index/resource_index/packages
[8.442s] symbolically linking /home/rastic-smartcity/ros2_ws/build/examples_rclpy_minimal_client/package.xml -> /home/rastic-smartcity/ros2_ws/install/examples_rclpy_minimal_client/share/examples_rclpy_minimal_client
[8.599s] Invoked command in '/home/rastic-smartcity/ros2_ws/build/examples_rclpy_minimal_client' returned '0': PYTHONPATH=/home/rastic-smartcity/ros2_ws/build/examples_rclpy_minimal_client/prefix_override:/usr/lib/python3/dist-packages/colcon_core/task/python/colcon_distutils_commands:/home/rastic-smartcity/ros2_ws/install/examples_rclpy_minimal_client/lib/python3.8/site-packages:${PYTHONPATH} /usr/bin/python3 -W ignore:setup.py install is deprecated setup.py develop --editable --build-directory /home/rastic-smartcity/ros2_ws/build/examples_rclpy_minimal_client/build --no-deps symlink_data
