/home/rastic-smartcity/ros2_ws/install/examples_rclpy_minimal_subscriber/lib/python3.8/site-packages/examples_rclpy_minimal_subscriber/subscriber_old_school.py
/home/rastic-smartcity/ros2_ws/install/examples_rclpy_minimal_subscriber/lib/python3.8/site-packages/examples_rclpy_minimal_subscriber/subscriber_member_function.py
/home/rastic-smartcity/ros2_ws/install/examples_rclpy_minimal_subscriber/lib/python3.8/site-packages/examples_rclpy_minimal_subscriber/subscriber_lambda.py
/home/rastic-smartcity/ros2_ws/install/examples_rclpy_minimal_subscriber/lib/python3.8/site-packages/examples_rclpy_minimal_subscriber/__init__.py
/home/rastic-smartcity/ros2_ws/install/examples_rclpy_minimal_subscriber/lib/python3.8/site-packages/examples_rclpy_minimal_subscriber/__pycache__/subscriber_old_school.cpython-38.pyc
/home/rastic-smartcity/ros2_ws/install/examples_rclpy_minimal_subscriber/lib/python3.8/site-packages/examples_rclpy_minimal_subscriber/__pycache__/subscriber_member_function.cpython-38.pyc
/home/rastic-smartcity/ros2_ws/install/examples_rclpy_minimal_subscriber/lib/python3.8/site-packages/examples_rclpy_minimal_subscriber/__pycache__/subscriber_lambda.cpython-38.pyc
/home/rastic-smartcity/ros2_ws/install/examples_rclpy_minimal_subscriber/lib/python3.8/site-packages/examples_rclpy_minimal_subscriber/__pycache__/__init__.cpython-38.pyc
/home/rastic-smartcity/ros2_ws/install/examples_rclpy_minimal_subscriber/share/ament_index/resource_index/packages/examples_rclpy_minimal_subscriber
/home/rastic-smartcity/ros2_ws/install/examples_rclpy_minimal_subscriber/share/examples_rclpy_minimal_subscriber/package.xml
/home/rastic-smartcity/ros2_ws/install/examples_rclpy_minimal_subscriber/lib/python3.8/site-packages/examples_rclpy_minimal_subscriber-0.9.4-py3.8.egg-info/entry_points.txt
/home/rastic-smartcity/ros2_ws/install/examples_rclpy_minimal_subscriber/lib/python3.8/site-packages/examples_rclpy_minimal_subscriber-0.9.4-py3.8.egg-info/zip-safe
/home/rastic-smartcity/ros2_ws/install/examples_rclpy_minimal_subscriber/lib/python3.8/site-packages/examples_rclpy_minimal_subscriber-0.9.4-py3.8.egg-info/dependency_links.txt
/home/rastic-smartcity/ros2_ws/install/examples_rclpy_minimal_subscriber/lib/python3.8/site-packages/examples_rclpy_minimal_subscriber-0.9.4-py3.8.egg-info/PKG-INFO
/home/rastic-smartcity/ros2_ws/install/examples_rclpy_minimal_subscriber/lib/python3.8/site-packages/examples_rclpy_minimal_subscriber-0.9.4-py3.8.egg-info/SOURCES.txt
/home/rastic-smartcity/ros2_ws/install/examples_rclpy_minimal_subscriber/lib/python3.8/site-packages/examples_rclpy_minimal_subscriber-0.9.4-py3.8.egg-info/requires.txt
/home/rastic-smartcity/ros2_ws/install/examples_rclpy_minimal_subscriber/lib/python3.8/site-packages/examples_rclpy_minimal_subscriber-0.9.4-py3.8.egg-info/top_level.txt
/home/rastic-smartcity/ros2_ws/install/examples_rclpy_minimal_subscriber/lib/examples_rclpy_minimal_subscriber/subscriber_lambda
/home/rastic-smartcity/ros2_ws/install/examples_rclpy_minimal_subscriber/lib/examples_rclpy_minimal_subscriber/subscriber_member_function
/home/rastic-smartcity/ros2_ws/install/examples_rclpy_minimal_subscriber/lib/examples_rclpy_minimal_subscriber/subscriber_old_school
