/home/rastic-smartcity/ros2_ws/install/examples_rclpy_minimal_action_client/lib/python3.8/site-packages/examples_rclpy_minimal_action_client/client.py
/home/rastic-smartcity/ros2_ws/install/examples_rclpy_minimal_action_client/lib/python3.8/site-packages/examples_rclpy_minimal_action_client/client_cancel.py
/home/rastic-smartcity/ros2_ws/install/examples_rclpy_minimal_action_client/lib/python3.8/site-packages/examples_rclpy_minimal_action_client/client_not_composable.py
/home/rastic-smartcity/ros2_ws/install/examples_rclpy_minimal_action_client/lib/python3.8/site-packages/examples_rclpy_minimal_action_client/__init__.py
/home/rastic-smartcity/ros2_ws/install/examples_rclpy_minimal_action_client/lib/python3.8/site-packages/examples_rclpy_minimal_action_client/__pycache__/client.cpython-38.pyc
/home/rastic-smartcity/ros2_ws/install/examples_rclpy_minimal_action_client/lib/python3.8/site-packages/examples_rclpy_minimal_action_client/__pycache__/client_cancel.cpython-38.pyc
/home/rastic-smartcity/ros2_ws/install/examples_rclpy_minimal_action_client/lib/python3.8/site-packages/examples_rclpy_minimal_action_client/__pycache__/client_not_composable.cpython-38.pyc
/home/rastic-smartcity/ros2_ws/install/examples_rclpy_minimal_action_client/lib/python3.8/site-packages/examples_rclpy_minimal_action_client/__pycache__/__init__.cpython-38.pyc
/home/rastic-smartcity/ros2_ws/install/examples_rclpy_minimal_action_client/share/ament_index/resource_index/packages/examples_rclpy_minimal_action_client
/home/rastic-smartcity/ros2_ws/install/examples_rclpy_minimal_action_client/share/examples_rclpy_minimal_action_client/package.xml
/home/rastic-smartcity/ros2_ws/install/examples_rclpy_minimal_action_client/lib/python3.8/site-packages/examples_rclpy_minimal_action_client-0.9.4-py3.8.egg-info/entry_points.txt
/home/rastic-smartcity/ros2_ws/install/examples_rclpy_minimal_action_client/lib/python3.8/site-packages/examples_rclpy_minimal_action_client-0.9.4-py3.8.egg-info/zip-safe
/home/rastic-smartcity/ros2_ws/install/examples_rclpy_minimal_action_client/lib/python3.8/site-packages/examples_rclpy_minimal_action_client-0.9.4-py3.8.egg-info/dependency_links.txt
/home/rastic-smartcity/ros2_ws/install/examples_rclpy_minimal_action_client/lib/python3.8/site-packages/examples_rclpy_minimal_action_client-0.9.4-py3.8.egg-info/PKG-INFO
/home/rastic-smartcity/ros2_ws/install/examples_rclpy_minimal_action_client/lib/python3.8/site-packages/examples_rclpy_minimal_action_client-0.9.4-py3.8.egg-info/SOURCES.txt
/home/rastic-smartcity/ros2_ws/install/examples_rclpy_minimal_action_client/lib/python3.8/site-packages/examples_rclpy_minimal_action_client-0.9.4-py3.8.egg-info/requires.txt
/home/rastic-smartcity/ros2_ws/install/examples_rclpy_minimal_action_client/lib/python3.8/site-packages/examples_rclpy_minimal_action_client-0.9.4-py3.8.egg-info/top_level.txt
/home/rastic-smartcity/ros2_ws/install/examples_rclpy_minimal_action_client/lib/examples_rclpy_minimal_action_client/client
/home/rastic-smartcity/ros2_ws/install/examples_rclpy_minimal_action_client/lib/examples_rclpy_minimal_action_client/client_cancel
/home/rastic-smartcity/ros2_ws/install/examples_rclpy_minimal_action_client/lib/examples_rclpy_minimal_action_client/client_not_composable
