[0.204s] DEBUG:colcon:Command line arguments: ['/usr/bin/colcon', 'build']
[0.204s] DEBUG:colcon:Parsed command line arguments: Namespace(allow_overriding=[], ament_cmake_args=None, base_paths=['.'], build_base='build', catkin_cmake_args=None, catkin_skip_building_tests=False, cmake_args=None, cmake_clean_cache=False, cmake_clean_first=False, cmake_force_configure=False, cmake_target=None, cmake_target_skip_unavailable=False, continue_on_error=False, event_handlers=None, executor='parallel', ignore_user_meta=False, install_base='install', log_base=None, log_level=None, main=<bound method BuildVerb.main of <colcon_core.verb.build.BuildVerb object at 0x7f03c45be4f0>>, merge_install=False, metas=['./colcon.meta'], mixin=None, mixin_files=None, mixin_verb=('build',), packages_above=None, packages_above_and_dependencies=None, packages_above_depth=None, packages_end=None, packages_ignore=None, packages_ignore_regex=None, packages_select=None, packages_select_build_failed=False, packages_select_by_dep=None, packages_select_regex=None, packages_select_test_failures=False, packages_skip=None, packages_skip_build_finished=False, packages_skip_by_dep=None, packages_skip_regex=None, packages_skip_test_passed=False, packages_skip_up_to=None, packages_start=None, packages_up_to=None, packages_up_to_regex=None, parallel_workers=12, paths=None, symlink_install=False, test_result_base=None, verb_extension=<colcon_core.verb.build.BuildVerb object at 0x7f03c45be4f0>, verb_name='build', verb_parser=<colcon_mixin.mixin.mixin_argument.MixinArgumentDecorator object at 0x7f03c45176a0>)
[0.359s] Level 1:colcon.colcon_core.package_discovery:discover_packages(colcon_meta) check parameters
[0.359s] Level 1:colcon.colcon_core.package_discovery:discover_packages(recursive) check parameters
[0.359s] Level 1:colcon.colcon_core.package_discovery:discover_packages(ignore) check parameters
[0.359s] Level 1:colcon.colcon_core.package_discovery:discover_packages(path) check parameters
[0.359s] Level 1:colcon.colcon_core.package_discovery:discover_packages(colcon_meta) discover
[0.359s] Level 1:colcon.colcon_core.package_discovery:discover_packages(recursive) discover
[0.359s] INFO:colcon.colcon_core.package_discovery:Crawling recursively for packages in '/home/rastic-smartcity/ros2_ws'
[0.359s] Level 1:colcon.colcon_core.package_identification:_identify(.) by extensions ['ignore', 'ignore_ament_install']
[0.359s] Level 1:colcon.colcon_core.package_identification:_identify(.) by extension 'ignore'
[0.359s] Level 1:colcon.colcon_core.package_identification:_identify(.) by extension 'ignore_ament_install'
[0.359s] Level 1:colcon.colcon_core.package_identification:_identify(.) by extensions ['colcon_pkg']
[0.359s] Level 1:colcon.colcon_core.package_identification:_identify(.) by extension 'colcon_pkg'
[0.359s] Level 1:colcon.colcon_core.package_identification:_identify(.) by extensions ['colcon_meta']
[0.359s] Level 1:colcon.colcon_core.package_identification:_identify(.) by extension 'colcon_meta'
[0.359s] Level 1:colcon.colcon_core.package_identification:_identify(.) by extensions ['ros']
[0.360s] Level 1:colcon.colcon_core.package_identification:_identify(.) by extension 'ros'
[0.372s] Level 1:colcon.colcon_core.package_identification:_identify(.) by extensions ['cmake', 'python']
[0.372s] Level 1:colcon.colcon_core.package_identification:_identify(.) by extension 'cmake'
[0.372s] Level 1:colcon.colcon_core.package_identification:_identify(.) by extension 'python'
[0.372s] Level 1:colcon.colcon_core.package_identification:_identify(.) by extensions ['python_setup_py']
[0.372s] Level 1:colcon.colcon_core.package_identification:_identify(.) by extension 'python_setup_py'
[0.372s] Level 1:colcon.colcon_core.package_identification:_identify(build) by extensions ['ignore', 'ignore_ament_install']
[0.372s] Level 1:colcon.colcon_core.package_identification:_identify(build) by extension 'ignore'
[0.372s] Level 1:colcon.colcon_core.package_identification:_identify(build) ignored
[0.373s] Level 1:colcon.colcon_core.package_identification:_identify(install) by extensions ['ignore', 'ignore_ament_install']
[0.373s] Level 1:colcon.colcon_core.package_identification:_identify(install) by extension 'ignore'
[0.373s] Level 1:colcon.colcon_core.package_identification:_identify(install) ignored
[0.373s] Level 1:colcon.colcon_core.package_identification:_identify(log) by extensions ['ignore', 'ignore_ament_install']
[0.373s] Level 1:colcon.colcon_core.package_identification:_identify(log) by extension 'ignore'
[0.373s] Level 1:colcon.colcon_core.package_identification:_identify(log) ignored
[0.373s] Level 1:colcon.colcon_core.package_identification:_identify(src) by extensions ['ignore', 'ignore_ament_install']
[0.373s] Level 1:colcon.colcon_core.package_identification:_identify(src) by extension 'ignore'
[0.373s] Level 1:colcon.colcon_core.package_identification:_identify(src) by extension 'ignore_ament_install'
[0.373s] Level 1:colcon.colcon_core.package_identification:_identify(src) by extensions ['colcon_pkg']
[0.373s] Level 1:colcon.colcon_core.package_identification:_identify(src) by extension 'colcon_pkg'
[0.373s] Level 1:colcon.colcon_core.package_identification:_identify(src) by extensions ['colcon_meta']
[0.373s] Level 1:colcon.colcon_core.package_identification:_identify(src) by extension 'colcon_meta'
[0.373s] Level 1:colcon.colcon_core.package_identification:_identify(src) by extensions ['ros']
[0.373s] Level 1:colcon.colcon_core.package_identification:_identify(src) by extension 'ros'
[0.373s] Level 1:colcon.colcon_core.package_identification:_identify(src) by extensions ['cmake', 'python']
[0.373s] Level 1:colcon.colcon_core.package_identification:_identify(src) by extension 'cmake'
[0.373s] Level 1:colcon.colcon_core.package_identification:_identify(src) by extension 'python'
[0.374s] Level 1:colcon.colcon_core.package_identification:_identify(src) by extensions ['python_setup_py']
[0.374s] Level 1:colcon.colcon_core.package_identification:_identify(src) by extension 'python_setup_py'
[0.374s] Level 1:colcon.colcon_core.package_identification:_identify(src/build) by extensions ['ignore', 'ignore_ament_install']
[0.374s] Level 1:colcon.colcon_core.package_identification:_identify(src/build) by extension 'ignore'
[0.374s] Level 1:colcon.colcon_core.package_identification:_identify(src/build) ignored
[0.374s] Level 1:colcon.colcon_core.package_identification:_identify(src/install) by extensions ['ignore', 'ignore_ament_install']
[0.374s] Level 1:colcon.colcon_core.package_identification:_identify(src/install) by extension 'ignore'
[0.374s] Level 1:colcon.colcon_core.package_identification:_identify(src/install) ignored
[0.374s] Level 1:colcon.colcon_core.package_identification:_identify(src/log) by extensions ['ignore', 'ignore_ament_install']
[0.374s] Level 1:colcon.colcon_core.package_identification:_identify(src/log) by extension 'ignore'
[0.374s] Level 1:colcon.colcon_core.package_identification:_identify(src/log) ignored
[0.374s] Level 1:colcon.colcon_core.package_identification:_identify(src/my_package) by extensions ['ignore', 'ignore_ament_install']
[0.374s] Level 1:colcon.colcon_core.package_identification:_identify(src/my_package) by extension 'ignore'
[0.374s] Level 1:colcon.colcon_core.package_identification:_identify(src/my_package) by extension 'ignore_ament_install'
[0.374s] Level 1:colcon.colcon_core.package_identification:_identify(src/my_package) by extensions ['colcon_pkg']
[0.375s] Level 1:colcon.colcon_core.package_identification:_identify(src/my_package) by extension 'colcon_pkg'
[0.375s] Level 1:colcon.colcon_core.package_identification:_identify(src/my_package) by extensions ['colcon_meta']
[0.375s] Level 1:colcon.colcon_core.package_identification:_identify(src/my_package) by extension 'colcon_meta'
[0.375s] Level 1:colcon.colcon_core.package_identification:_identify(src/my_package) by extensions ['ros']
[0.375s] Level 1:colcon.colcon_core.package_identification:_identify(src/my_package) by extension 'ros'
[0.377s] DEBUG:colcon.colcon_core.package_identification:Package 'src/my_package' with type 'ros.ament_python' and name 'my_package'
[0.377s] Level 1:colcon.colcon_core.package_identification:_identify(src/ros_tutorials) by extensions ['ignore', 'ignore_ament_install']
[0.378s] Level 1:colcon.colcon_core.package_identification:_identify(src/ros_tutorials) by extension 'ignore'
[0.378s] Level 1:colcon.colcon_core.package_identification:_identify(src/ros_tutorials) by extension 'ignore_ament_install'
[0.378s] Level 1:colcon.colcon_core.package_identification:_identify(src/ros_tutorials) by extensions ['colcon_pkg']
[0.378s] Level 1:colcon.colcon_core.package_identification:_identify(src/ros_tutorials) by extension 'colcon_pkg'
[0.378s] Level 1:colcon.colcon_core.package_identification:_identify(src/ros_tutorials) by extensions ['colcon_meta']
[0.378s] Level 1:colcon.colcon_core.package_identification:_identify(src/ros_tutorials) by extension 'colcon_meta'
[0.378s] Level 1:colcon.colcon_core.package_identification:_identify(src/ros_tutorials) by extensions ['ros']
[0.378s] Level 1:colcon.colcon_core.package_identification:_identify(src/ros_tutorials) by extension 'ros'
[0.378s] Level 1:colcon.colcon_core.package_identification:_identify(src/ros_tutorials) by extensions ['cmake', 'python']
[0.378s] Level 1:colcon.colcon_core.package_identification:_identify(src/ros_tutorials) by extension 'cmake'
[0.378s] Level 1:colcon.colcon_core.package_identification:_identify(src/ros_tutorials) by extension 'python'
[0.378s] Level 1:colcon.colcon_core.package_identification:_identify(src/ros_tutorials) by extensions ['python_setup_py']
[0.378s] Level 1:colcon.colcon_core.package_identification:_identify(src/ros_tutorials) by extension 'python_setup_py'
[0.378s] Level 1:colcon.colcon_core.package_identification:_identify(src/ros_tutorials/ros_tutorials) by extensions ['ignore', 'ignore_ament_install']
[0.378s] Level 1:colcon.colcon_core.package_identification:_identify(src/ros_tutorials/ros_tutorials) by extension 'ignore'
[0.378s] Level 1:colcon.colcon_core.package_identification:_identify(src/ros_tutorials/ros_tutorials) ignored
[0.378s] Level 1:colcon.colcon_core.package_identification:_identify(src/ros_tutorials/roscpp_tutorials) by extensions ['ignore', 'ignore_ament_install']
[0.379s] Level 1:colcon.colcon_core.package_identification:_identify(src/ros_tutorials/roscpp_tutorials) by extension 'ignore'
[0.379s] Level 1:colcon.colcon_core.package_identification:_identify(src/ros_tutorials/roscpp_tutorials) ignored
[0.379s] Level 1:colcon.colcon_core.package_identification:_identify(src/ros_tutorials/rospy_tutorials) by extensions ['ignore', 'ignore_ament_install']
[0.379s] Level 1:colcon.colcon_core.package_identification:_identify(src/ros_tutorials/rospy_tutorials) by extension 'ignore'
[0.379s] Level 1:colcon.colcon_core.package_identification:_identify(src/ros_tutorials/rospy_tutorials) ignored
[0.379s] Level 1:colcon.colcon_core.package_identification:_identify(src/ros_tutorials/turtlesim) by extensions ['ignore', 'ignore_ament_install']
[0.379s] Level 1:colcon.colcon_core.package_identification:_identify(src/ros_tutorials/turtlesim) by extension 'ignore'
[0.379s] Level 1:colcon.colcon_core.package_identification:_identify(src/ros_tutorials/turtlesim) by extension 'ignore_ament_install'
[0.379s] Level 1:colcon.colcon_core.package_identification:_identify(src/ros_tutorials/turtlesim) by extensions ['colcon_pkg']
[0.379s] Level 1:colcon.colcon_core.package_identification:_identify(src/ros_tutorials/turtlesim) by extension 'colcon_pkg'
[0.379s] Level 1:colcon.colcon_core.package_identification:_identify(src/ros_tutorials/turtlesim) by extensions ['colcon_meta']
[0.379s] Level 1:colcon.colcon_core.package_identification:_identify(src/ros_tutorials/turtlesim) by extension 'colcon_meta'
[0.379s] Level 1:colcon.colcon_core.package_identification:_identify(src/ros_tutorials/turtlesim) by extensions ['ros']
[0.379s] Level 1:colcon.colcon_core.package_identification:_identify(src/ros_tutorials/turtlesim) by extension 'ros'
[0.380s] DEBUG:colcon.colcon_core.package_identification:Package 'src/ros_tutorials/turtlesim' with type 'ros.ament_cmake' and name 'turtlesim'
[0.380s] Level 1:colcon.colcon_core.package_identification:_identify(src/turtle_demo_controller) by extensions ['ignore', 'ignore_ament_install']
[0.381s] Level 1:colcon.colcon_core.package_identification:_identify(src/turtle_demo_controller) by extension 'ignore'
[0.381s] Level 1:colcon.colcon_core.package_identification:_identify(src/turtle_demo_controller) by extension 'ignore_ament_install'
[0.381s] Level 1:colcon.colcon_core.package_identification:_identify(src/turtle_demo_controller) by extensions ['colcon_pkg']
[0.381s] Level 1:colcon.colcon_core.package_identification:_identify(src/turtle_demo_controller) by extension 'colcon_pkg'
[0.381s] Level 1:colcon.colcon_core.package_identification:_identify(src/turtle_demo_controller) by extensions ['colcon_meta']
[0.381s] Level 1:colcon.colcon_core.package_identification:_identify(src/turtle_demo_controller) by extension 'colcon_meta'
[0.381s] Level 1:colcon.colcon_core.package_identification:_identify(src/turtle_demo_controller) by extensions ['ros']
[0.381s] Level 1:colcon.colcon_core.package_identification:_identify(src/turtle_demo_controller) by extension 'ros'
[0.382s] DEBUG:colcon.colcon_core.package_identification:Package 'src/turtle_demo_controller' with type 'ros.ament_python' and name 'turtle_demo_controller'
[0.382s] Level 1:colcon.colcon_core.package_discovery:discover_packages(recursive) using defaults
[0.382s] Level 1:colcon.colcon_core.package_discovery:discover_packages(ignore) discover
[0.382s] Level 1:colcon.colcon_core.package_discovery:discover_packages(ignore) using defaults
[0.382s] Level 1:colcon.colcon_core.package_discovery:discover_packages(path) discover
[0.382s] Level 1:colcon.colcon_core.package_discovery:discover_packages(path) using defaults
[0.400s] Level 1:colcon.colcon_core.package_discovery:discover_packages(prefix_path) check parameters
[0.400s] Level 1:colcon.colcon_core.package_discovery:discover_packages(prefix_path) discover
[0.402s] DEBUG:colcon.colcon_installed_package_information.package_discovery:Found 6 installed packages in /home/rastic-smartcity/ros2_ws/install
[0.403s] DEBUG:colcon.colcon_installed_package_information.package_discovery:Found 270 installed packages in /opt/ros/foxy
[0.414s] Level 1:colcon.colcon_core.package_discovery:discover_packages(prefix_path) using defaults
[0.471s] WARNING:colcon.colcon_core.package_selection:Some selected packages are already built in one or more underlay workspaces:
	'turtlesim' is in: /opt/ros/foxy, /home/rastic-smartcity/ros2_ws/install/turtlesim
If a package in a merged underlay workspace is overridden and it installs headers, then all packages in the overlay must sort their include directories by workspace order. Failure to do so may result in build failures or undefined behavior at run time.
If the overridden package is used by another package in any underlay, then the overriding package in the overlay must be API and ABI compatible or undefined behavior at run time may occur.

If you understand the risks and want to override a package anyways, add the following to the command line:
	--allow-overriding turtlesim

This may be promoted to an error in a future release of colcon-override-check.
[0.472s] Level 5:colcon.colcon_core.verb:set package 'my_package' build argument 'cmake_args' from command line to 'None'
[0.472s] Level 5:colcon.colcon_core.verb:set package 'my_package' build argument 'cmake_target' from command line to 'None'
[0.472s] Level 5:colcon.colcon_core.verb:set package 'my_package' build argument 'cmake_target_skip_unavailable' from command line to 'False'
[0.472s] Level 5:colcon.colcon_core.verb:set package 'my_package' build argument 'cmake_clean_cache' from command line to 'False'
[0.472s] Level 5:colcon.colcon_core.verb:set package 'my_package' build argument 'cmake_clean_first' from command line to 'False'
[0.472s] Level 5:colcon.colcon_core.verb:set package 'my_package' build argument 'cmake_force_configure' from command line to 'False'
[0.472s] Level 5:colcon.colcon_core.verb:set package 'my_package' build argument 'ament_cmake_args' from command line to 'None'
[0.472s] Level 5:colcon.colcon_core.verb:set package 'my_package' build argument 'catkin_cmake_args' from command line to 'None'
[0.472s] Level 5:colcon.colcon_core.verb:set package 'my_package' build argument 'catkin_skip_building_tests' from command line to 'False'
[0.473s] DEBUG:colcon.colcon_core.verb:Building package 'my_package' with the following arguments: {'ament_cmake_args': None, 'build_base': '/home/rastic-smartcity/ros2_ws/build/my_package', 'catkin_cmake_args': None, 'catkin_skip_building_tests': False, 'cmake_args': None, 'cmake_clean_cache': False, 'cmake_clean_first': False, 'cmake_force_configure': False, 'cmake_target': None, 'cmake_target_skip_unavailable': False, 'install_base': '/home/rastic-smartcity/ros2_ws/install/my_package', 'merge_install': False, 'path': '/home/rastic-smartcity/ros2_ws/src/my_package', 'symlink_install': False, 'test_result_base': None}
[0.473s] Level 5:colcon.colcon_core.verb:set package 'turtlesim' build argument 'cmake_args' from command line to 'None'
[0.473s] Level 5:colcon.colcon_core.verb:set package 'turtlesim' build argument 'cmake_target' from command line to 'None'
[0.473s] Level 5:colcon.colcon_core.verb:set package 'turtlesim' build argument 'cmake_target_skip_unavailable' from command line to 'False'
[0.473s] Level 5:colcon.colcon_core.verb:set package 'turtlesim' build argument 'cmake_clean_cache' from command line to 'False'
[0.473s] Level 5:colcon.colcon_core.verb:set package 'turtlesim' build argument 'cmake_clean_first' from command line to 'False'
[0.473s] Level 5:colcon.colcon_core.verb:set package 'turtlesim' build argument 'cmake_force_configure' from command line to 'False'
[0.473s] Level 5:colcon.colcon_core.verb:set package 'turtlesim' build argument 'ament_cmake_args' from command line to 'None'
[0.473s] Level 5:colcon.colcon_core.verb:set package 'turtlesim' build argument 'catkin_cmake_args' from command line to 'None'
[0.473s] Level 5:colcon.colcon_core.verb:set package 'turtlesim' build argument 'catkin_skip_building_tests' from command line to 'False'
[0.473s] DEBUG:colcon.colcon_core.verb:Building package 'turtlesim' with the following arguments: {'ament_cmake_args': None, 'build_base': '/home/rastic-smartcity/ros2_ws/build/turtlesim', 'catkin_cmake_args': None, 'catkin_skip_building_tests': False, 'cmake_args': None, 'cmake_clean_cache': False, 'cmake_clean_first': False, 'cmake_force_configure': False, 'cmake_target': None, 'cmake_target_skip_unavailable': False, 'install_base': '/home/rastic-smartcity/ros2_ws/install/turtlesim', 'merge_install': False, 'path': '/home/rastic-smartcity/ros2_ws/src/ros_tutorials/turtlesim', 'symlink_install': False, 'test_result_base': None}
[0.473s] Level 5:colcon.colcon_core.verb:set package 'turtle_demo_controller' build argument 'cmake_args' from command line to 'None'
[0.474s] Level 5:colcon.colcon_core.verb:set package 'turtle_demo_controller' build argument 'cmake_target' from command line to 'None'
[0.474s] Level 5:colcon.colcon_core.verb:set package 'turtle_demo_controller' build argument 'cmake_target_skip_unavailable' from command line to 'False'
[0.474s] Level 5:colcon.colcon_core.verb:set package 'turtle_demo_controller' build argument 'cmake_clean_cache' from command line to 'False'
[0.474s] Level 5:colcon.colcon_core.verb:set package 'turtle_demo_controller' build argument 'cmake_clean_first' from command line to 'False'
[0.474s] Level 5:colcon.colcon_core.verb:set package 'turtle_demo_controller' build argument 'cmake_force_configure' from command line to 'False'
[0.474s] Level 5:colcon.colcon_core.verb:set package 'turtle_demo_controller' build argument 'ament_cmake_args' from command line to 'None'
[0.474s] Level 5:colcon.colcon_core.verb:set package 'turtle_demo_controller' build argument 'catkin_cmake_args' from command line to 'None'
[0.474s] Level 5:colcon.colcon_core.verb:set package 'turtle_demo_controller' build argument 'catkin_skip_building_tests' from command line to 'False'
[0.474s] DEBUG:colcon.colcon_core.verb:Building package 'turtle_demo_controller' with the following arguments: {'ament_cmake_args': None, 'build_base': '/home/rastic-smartcity/ros2_ws/build/turtle_demo_controller', 'catkin_cmake_args': None, 'catkin_skip_building_tests': False, 'cmake_args': None, 'cmake_clean_cache': False, 'cmake_clean_first': False, 'cmake_force_configure': False, 'cmake_target': None, 'cmake_target_skip_unavailable': False, 'install_base': '/home/rastic-smartcity/ros2_ws/install/turtle_demo_controller', 'merge_install': False, 'path': '/home/rastic-smartcity/ros2_ws/src/turtle_demo_controller', 'symlink_install': False, 'test_result_base': None}
[0.474s] INFO:colcon.colcon_core.executor:Executing jobs using 'parallel' executor
[0.475s] DEBUG:colcon.colcon_parallel_executor.executor.parallel:run_until_complete
[0.475s] INFO:colcon.colcon_ros.task.ament_cmake.build:Building ROS package in '/home/rastic-smartcity/ros2_ws/src/ros_tutorials/turtlesim' with build type 'ament_cmake'
[0.476s] INFO:colcon.colcon_cmake.task.cmake.build:Building CMake package in '/home/rastic-smartcity/ros2_ws/src/ros_tutorials/turtlesim'
[0.477s] INFO:colcon.colcon_core.plugin_system:Skipping extension 'colcon_core.shell.bat': Not used on non-Windows systems
[0.478s] INFO:colcon.colcon_core.shell:Skip shell extension 'powershell' for command environment: Not usable outside of PowerShell
[0.478s] DEBUG:colcon.colcon_core.shell:Skip shell extension 'dsv' for command environment
[0.483s] INFO:colcon.colcon_ros.task.ament_python.build:Building ROS package in '/home/rastic-smartcity/ros2_ws/src/my_package' with build type 'ament_python'
[0.483s] Level 1:colcon.colcon_core.shell:create_environment_hook('my_package', 'ament_prefix_path')
[0.483s] INFO:colcon.colcon_core.shell:Creating environment hook '/home/rastic-smartcity/ros2_ws/install/my_package/share/my_package/hook/ament_prefix_path.ps1'
[0.484s] INFO:colcon.colcon_core.shell:Creating environment descriptor '/home/rastic-smartcity/ros2_ws/install/my_package/share/my_package/hook/ament_prefix_path.dsv'
[0.485s] INFO:colcon.colcon_core.shell:Creating environment hook '/home/rastic-smartcity/ros2_ws/install/my_package/share/my_package/hook/ament_prefix_path.sh'
[0.486s] INFO:colcon.colcon_core.shell:Skip shell extension 'powershell' for command environment: Not usable outside of PowerShell
[0.486s] DEBUG:colcon.colcon_core.shell:Skip shell extension 'dsv' for command environment
[0.498s] DEBUG:colcon.colcon_core.event_handler.log_command:Invoking command in '/home/rastic-smartcity/ros2_ws/build/turtlesim': CMAKE_PREFIX_PATH=${CMAKE_PREFIX_PATH}:/home/rastic-smartcity/ros2_ws/install/turtle_demo_controller:/home/rastic-smartcity/ros2_ws/install/Rastic_seminar_Python:/home/rastic-smartcity/ros2_ws/install/Rastic_seminar_python:/opt/ros/foxy /usr/bin/cmake --build /home/rastic-smartcity/ros2_ws/build/turtlesim -- -j12 -l12
[0.731s] INFO:colcon.colcon_core.task.python.build:Building Python package in '/home/rastic-smartcity/ros2_ws/src/my_package'
[0.731s] INFO:colcon.colcon_core.shell:Skip shell extension 'powershell' for command environment: Not usable outside of PowerShell
[0.731s] DEBUG:colcon.colcon_core.shell:Skip shell extension 'dsv' for command environment
[0.791s] DEBUG:colcon.colcon_core.event_handler.log_command:Invoked command in '/home/rastic-smartcity/ros2_ws/build/turtlesim' returned '0': CMAKE_PREFIX_PATH=${CMAKE_PREFIX_PATH}:/home/rastic-smartcity/ros2_ws/install/turtle_demo_controller:/home/rastic-smartcity/ros2_ws/install/Rastic_seminar_Python:/home/rastic-smartcity/ros2_ws/install/Rastic_seminar_python:/opt/ros/foxy /usr/bin/cmake --build /home/rastic-smartcity/ros2_ws/build/turtlesim -- -j12 -l12
[0.947s] DEBUG:colcon.colcon_core.event_handler.log_command:Invoking command in '/home/rastic-smartcity/ros2_ws/build/turtlesim': CMAKE_PREFIX_PATH=${CMAKE_PREFIX_PATH}:/home/rastic-smartcity/ros2_ws/install/turtle_demo_controller:/home/rastic-smartcity/ros2_ws/install/Rastic_seminar_Python:/home/rastic-smartcity/ros2_ws/install/Rastic_seminar_python:/opt/ros/foxy /usr/bin/cmake --install /home/rastic-smartcity/ros2_ws/build/turtlesim
[1.050s] Level 1:colcon.colcon_core.environment:create_environment_scripts_only(turtlesim)
[1.051s] DEBUG:colcon.colcon_core.event_handler.log_command:Invoked command in '/home/rastic-smartcity/ros2_ws/build/turtlesim' returned '0': CMAKE_PREFIX_PATH=${CMAKE_PREFIX_PATH}:/home/rastic-smartcity/ros2_ws/install/turtle_demo_controller:/home/rastic-smartcity/ros2_ws/install/Rastic_seminar_Python:/home/rastic-smartcity/ros2_ws/install/Rastic_seminar_python:/opt/ros/foxy /usr/bin/cmake --install /home/rastic-smartcity/ros2_ws/build/turtlesim
[1.054s] Level 1:colcon.colcon_core.environment:checking '/home/rastic-smartcity/ros2_ws/install/turtlesim' for CMake module files
[1.054s] Level 1:colcon.colcon_core.environment:checking '/home/rastic-smartcity/ros2_ws/install/turtlesim' for CMake config files
[1.056s] Level 1:colcon.colcon_core.shell:create_environment_hook('turtlesim', 'cmake_prefix_path')
[1.056s] INFO:colcon.colcon_core.shell:Creating environment hook '/home/rastic-smartcity/ros2_ws/install/turtlesim/share/turtlesim/hook/cmake_prefix_path.ps1'
[1.056s] INFO:colcon.colcon_core.shell:Creating environment descriptor '/home/rastic-smartcity/ros2_ws/install/turtlesim/share/turtlesim/hook/cmake_prefix_path.dsv'
[1.057s] INFO:colcon.colcon_core.shell:Creating environment hook '/home/rastic-smartcity/ros2_ws/install/turtlesim/share/turtlesim/hook/cmake_prefix_path.sh'
[1.058s] Level 1:colcon.colcon_core.environment:checking '/home/rastic-smartcity/ros2_ws/install/turtlesim/lib'
[1.058s] Level 1:colcon.colcon_core.shell:create_environment_hook('turtlesim', 'ld_library_path_lib')
[1.058s] INFO:colcon.colcon_core.shell:Creating environment hook '/home/rastic-smartcity/ros2_ws/install/turtlesim/share/turtlesim/hook/ld_library_path_lib.ps1'
[1.058s] INFO:colcon.colcon_core.shell:Creating environment descriptor '/home/rastic-smartcity/ros2_ws/install/turtlesim/share/turtlesim/hook/ld_library_path_lib.dsv'
[1.059s] INFO:colcon.colcon_core.shell:Creating environment hook '/home/rastic-smartcity/ros2_ws/install/turtlesim/share/turtlesim/hook/ld_library_path_lib.sh'
[1.059s] Level 1:colcon.colcon_core.environment:checking '/home/rastic-smartcity/ros2_ws/install/turtlesim/bin'
[1.059s] Level 1:colcon.colcon_core.environment:checking '/home/rastic-smartcity/ros2_ws/install/turtlesim/lib/pkgconfig/turtlesim.pc'
[1.060s] Level 1:colcon.colcon_core.environment:checking '/home/rastic-smartcity/ros2_ws/install/turtlesim/lib/python3.8/site-packages'
[1.060s] Level 1:colcon.colcon_core.shell:create_environment_hook('turtlesim', 'pythonpath')
[1.060s] INFO:colcon.colcon_core.shell:Creating environment hook '/home/rastic-smartcity/ros2_ws/install/turtlesim/share/turtlesim/hook/pythonpath.ps1'
[1.060s] INFO:colcon.colcon_core.shell:Creating environment descriptor '/home/rastic-smartcity/ros2_ws/install/turtlesim/share/turtlesim/hook/pythonpath.dsv'
[1.061s] INFO:colcon.colcon_core.shell:Creating environment hook '/home/rastic-smartcity/ros2_ws/install/turtlesim/share/turtlesim/hook/pythonpath.sh'
[1.061s] Level 1:colcon.colcon_core.environment:checking '/home/rastic-smartcity/ros2_ws/install/turtlesim/bin'
[1.061s] INFO:colcon.colcon_core.shell:Creating package script '/home/rastic-smartcity/ros2_ws/install/turtlesim/share/turtlesim/package.ps1'
[1.062s] INFO:colcon.colcon_core.shell:Creating package descriptor '/home/rastic-smartcity/ros2_ws/install/turtlesim/share/turtlesim/package.dsv'
[1.063s] INFO:colcon.colcon_core.shell:Creating package script '/home/rastic-smartcity/ros2_ws/install/turtlesim/share/turtlesim/package.sh'
[1.063s] INFO:colcon.colcon_core.shell:Creating package script '/home/rastic-smartcity/ros2_ws/install/turtlesim/share/turtlesim/package.bash'
[1.064s] INFO:colcon.colcon_core.shell:Creating package script '/home/rastic-smartcity/ros2_ws/install/turtlesim/share/turtlesim/package.zsh'
[1.065s] Level 1:colcon.colcon_core.environment:create_file_with_runtime_dependencies(/home/rastic-smartcity/ros2_ws/install/turtlesim/share/colcon-core/packages/turtlesim)
[1.178s] DEBUG:colcon.colcon_core.event_handler.log_command:Invoking command in '/home/rastic-smartcity/ros2_ws/src/my_package': PYTHONPATH=/home/rastic-smartcity/ros2_ws/build/my_package/prefix_override:/usr/lib/python3/dist-packages/colcon_core/task/python/colcon_distutils_commands:/home/rastic-smartcity/ros2_ws/install/my_package/lib/python3.8/site-packages:${PYTHONPATH} /usr/bin/python3 -W ignore:setup.py install is deprecated setup.py egg_info --egg-base ../../build/my_package build --build-base /home/rastic-smartcity/ros2_ws/build/my_package/build install --record /home/rastic-smartcity/ros2_ws/build/my_package/install.log --install-scripts $base/lib/my_package --single-version-externally-managed install_data
[1.211s] Level 1:colcon.colcon_core.environment:create_environment_scripts_only(turtlesim)
[1.212s] Level 1:colcon.colcon_core.environment:checking '/home/rastic-smartcity/ros2_ws/install/turtlesim' for CMake module files
[1.213s] Level 1:colcon.colcon_core.environment:checking '/home/rastic-smartcity/ros2_ws/install/turtlesim' for CMake config files
[1.215s] Level 1:colcon.colcon_core.shell:create_environment_hook('turtlesim', 'cmake_prefix_path')
[1.215s] INFO:colcon.colcon_core.shell:Creating environment hook '/home/rastic-smartcity/ros2_ws/install/turtlesim/share/turtlesim/hook/cmake_prefix_path.ps1'
[1.216s] INFO:colcon.colcon_core.shell:Creating environment descriptor '/home/rastic-smartcity/ros2_ws/install/turtlesim/share/turtlesim/hook/cmake_prefix_path.dsv'
[1.216s] INFO:colcon.colcon_core.shell:Creating environment hook '/home/rastic-smartcity/ros2_ws/install/turtlesim/share/turtlesim/hook/cmake_prefix_path.sh'
[1.217s] Level 1:colcon.colcon_core.environment:checking '/home/rastic-smartcity/ros2_ws/install/turtlesim/lib'
[1.217s] Level 1:colcon.colcon_core.shell:create_environment_hook('turtlesim', 'ld_library_path_lib')
[1.217s] INFO:colcon.colcon_core.shell:Creating environment hook '/home/rastic-smartcity/ros2_ws/install/turtlesim/share/turtlesim/hook/ld_library_path_lib.ps1'
[1.218s] INFO:colcon.colcon_core.shell:Creating environment descriptor '/home/rastic-smartcity/ros2_ws/install/turtlesim/share/turtlesim/hook/ld_library_path_lib.dsv'
[1.218s] INFO:colcon.colcon_core.shell:Creating environment hook '/home/rastic-smartcity/ros2_ws/install/turtlesim/share/turtlesim/hook/ld_library_path_lib.sh'
[1.218s] Level 1:colcon.colcon_core.environment:checking '/home/rastic-smartcity/ros2_ws/install/turtlesim/bin'
[1.218s] Level 1:colcon.colcon_core.environment:checking '/home/rastic-smartcity/ros2_ws/install/turtlesim/lib/pkgconfig/turtlesim.pc'
[1.219s] Level 1:colcon.colcon_core.environment:checking '/home/rastic-smartcity/ros2_ws/install/turtlesim/lib/python3.8/site-packages'
[1.219s] Level 1:colcon.colcon_core.shell:create_environment_hook('turtlesim', 'pythonpath')
[1.219s] INFO:colcon.colcon_core.shell:Creating environment hook '/home/rastic-smartcity/ros2_ws/install/turtlesim/share/turtlesim/hook/pythonpath.ps1'
[1.219s] INFO:colcon.colcon_core.shell:Creating environment descriptor '/home/rastic-smartcity/ros2_ws/install/turtlesim/share/turtlesim/hook/pythonpath.dsv'
[1.219s] INFO:colcon.colcon_core.shell:Creating environment hook '/home/rastic-smartcity/ros2_ws/install/turtlesim/share/turtlesim/hook/pythonpath.sh'
[1.220s] Level 1:colcon.colcon_core.environment:checking '/home/rastic-smartcity/ros2_ws/install/turtlesim/bin'
[1.220s] INFO:colcon.colcon_core.shell:Creating package script '/home/rastic-smartcity/ros2_ws/install/turtlesim/share/turtlesim/package.ps1'
[1.221s] INFO:colcon.colcon_core.shell:Creating package descriptor '/home/rastic-smartcity/ros2_ws/install/turtlesim/share/turtlesim/package.dsv'
[1.222s] INFO:colcon.colcon_core.shell:Creating package script '/home/rastic-smartcity/ros2_ws/install/turtlesim/share/turtlesim/package.sh'
[1.222s] INFO:colcon.colcon_core.shell:Creating package script '/home/rastic-smartcity/ros2_ws/install/turtlesim/share/turtlesim/package.bash'
[1.223s] INFO:colcon.colcon_core.shell:Creating package script '/home/rastic-smartcity/ros2_ws/install/turtlesim/share/turtlesim/package.zsh'
[1.223s] Level 1:colcon.colcon_core.environment:create_file_with_runtime_dependencies(/home/rastic-smartcity/ros2_ws/install/turtlesim/share/colcon-core/packages/turtlesim)
[1.223s] INFO:colcon.colcon_ros.task.ament_python.build:Building ROS package in '/home/rastic-smartcity/ros2_ws/src/turtle_demo_controller' with build type 'ament_python'
[1.224s] Level 1:colcon.colcon_core.shell:create_environment_hook('turtle_demo_controller', 'ament_prefix_path')
[1.224s] INFO:colcon.colcon_core.shell:Creating environment hook '/home/rastic-smartcity/ros2_ws/install/turtle_demo_controller/share/turtle_demo_controller/hook/ament_prefix_path.ps1'
[1.224s] INFO:colcon.colcon_core.shell:Creating environment descriptor '/home/rastic-smartcity/ros2_ws/install/turtle_demo_controller/share/turtle_demo_controller/hook/ament_prefix_path.dsv'
[1.225s] INFO:colcon.colcon_core.shell:Creating environment hook '/home/rastic-smartcity/ros2_ws/install/turtle_demo_controller/share/turtle_demo_controller/hook/ament_prefix_path.sh'
[1.226s] INFO:colcon.colcon_core.shell:Skip shell extension 'powershell' for command environment: Not usable outside of PowerShell
[1.226s] DEBUG:colcon.colcon_core.shell:Skip shell extension 'dsv' for command environment
[1.460s] INFO:colcon.colcon_core.task.python.build:Building Python package in '/home/rastic-smartcity/ros2_ws/src/turtle_demo_controller'
[1.461s] INFO:colcon.colcon_core.shell:Skip shell extension 'powershell' for command environment: Not usable outside of PowerShell
[1.461s] DEBUG:colcon.colcon_core.shell:Skip shell extension 'dsv' for command environment
[1.479s] Level 1:colcon.colcon_core.environment:checking '/home/rastic-smartcity/ros2_ws/install/my_package' for CMake module files
[1.480s] DEBUG:colcon.colcon_core.event_handler.log_command:Invoked command in '/home/rastic-smartcity/ros2_ws/src/my_package' returned '0': PYTHONPATH=/home/rastic-smartcity/ros2_ws/build/my_package/prefix_override:/usr/lib/python3/dist-packages/colcon_core/task/python/colcon_distutils_commands:/home/rastic-smartcity/ros2_ws/install/my_package/lib/python3.8/site-packages:${PYTHONPATH} /usr/bin/python3 -W ignore:setup.py install is deprecated setup.py egg_info --egg-base ../../build/my_package build --build-base /home/rastic-smartcity/ros2_ws/build/my_package/build install --record /home/rastic-smartcity/ros2_ws/build/my_package/install.log --install-scripts $base/lib/my_package --single-version-externally-managed install_data
[1.481s] Level 1:colcon.colcon_core.environment:checking '/home/rastic-smartcity/ros2_ws/install/my_package' for CMake config files
[1.481s] Level 1:colcon.colcon_core.shell:create_environment_hook('my_package', 'cmake_prefix_path')
[1.482s] INFO:colcon.colcon_core.shell:Creating environment hook '/home/rastic-smartcity/ros2_ws/install/my_package/share/my_package/hook/cmake_prefix_path.ps1'
[1.483s] INFO:colcon.colcon_core.shell:Creating environment descriptor '/home/rastic-smartcity/ros2_ws/install/my_package/share/my_package/hook/cmake_prefix_path.dsv'
[1.483s] INFO:colcon.colcon_core.shell:Creating environment hook '/home/rastic-smartcity/ros2_ws/install/my_package/share/my_package/hook/cmake_prefix_path.sh'
[1.484s] Level 1:colcon.colcon_core.environment:checking '/home/rastic-smartcity/ros2_ws/install/my_package/lib'
[1.485s] Level 1:colcon.colcon_core.environment:checking '/home/rastic-smartcity/ros2_ws/install/my_package/bin'
[1.485s] Level 1:colcon.colcon_core.environment:checking '/home/rastic-smartcity/ros2_ws/install/my_package/lib/pkgconfig/my_package.pc'
[1.485s] Level 1:colcon.colcon_core.environment:checking '/home/rastic-smartcity/ros2_ws/install/my_package/lib/python3.8/site-packages'
[1.485s] Level 1:colcon.colcon_core.shell:create_environment_hook('my_package', 'pythonpath')
[1.486s] INFO:colcon.colcon_core.shell:Creating environment hook '/home/rastic-smartcity/ros2_ws/install/my_package/share/my_package/hook/pythonpath.ps1'
[1.486s] INFO:colcon.colcon_core.shell:Creating environment descriptor '/home/rastic-smartcity/ros2_ws/install/my_package/share/my_package/hook/pythonpath.dsv'
[1.487s] INFO:colcon.colcon_core.shell:Creating environment hook '/home/rastic-smartcity/ros2_ws/install/my_package/share/my_package/hook/pythonpath.sh'
[1.487s] Level 1:colcon.colcon_core.environment:checking '/home/rastic-smartcity/ros2_ws/install/my_package/bin'
[1.487s] Level 1:colcon.colcon_core.environment:create_environment_scripts_only(my_package)
[1.488s] INFO:colcon.colcon_core.shell:Creating package script '/home/rastic-smartcity/ros2_ws/install/my_package/share/my_package/package.ps1'
[1.488s] INFO:colcon.colcon_core.shell:Creating package descriptor '/home/rastic-smartcity/ros2_ws/install/my_package/share/my_package/package.dsv'
[1.489s] INFO:colcon.colcon_core.shell:Creating package script '/home/rastic-smartcity/ros2_ws/install/my_package/share/my_package/package.sh'
[1.489s] INFO:colcon.colcon_core.shell:Creating package script '/home/rastic-smartcity/ros2_ws/install/my_package/share/my_package/package.bash'
[1.489s] INFO:colcon.colcon_core.shell:Creating package script '/home/rastic-smartcity/ros2_ws/install/my_package/share/my_package/package.zsh'
[1.490s] Level 1:colcon.colcon_core.environment:create_file_with_runtime_dependencies(/home/rastic-smartcity/ros2_ws/install/my_package/share/colcon-core/packages/my_package)
[1.887s] DEBUG:colcon.colcon_core.event_handler.log_command:Invoking command in '/home/rastic-smartcity/ros2_ws/src/turtle_demo_controller': CMAKE_PREFIX_PATH=/home/rastic-smartcity/ros2_ws/install/turtlesim:/home/rastic-smartcity/ros2_ws/install/my_package:/home/rastic-smartcity/ros2_ws/install/Rastic_seminar PYTHONPATH=/home/rastic-smartcity/ros2_ws/build/turtle_demo_controller/prefix_override:/usr/lib/python3/dist-packages/colcon_core/task/python/colcon_distutils_commands:/home/rastic-smartcity/ros2_ws/install/turtle_demo_controller/lib/python3.8/site-packages:/home/rastic-smartcity/ros2_ws/install/turtlesim/lib/python3.8/site-packages:/home/rastic-smartcity/ros2_ws/install/turtle_demo_controller/lib/python3.8/site-packages:/home/rastic-smartcity/ros2_ws/install/my_package/lib/python3.8/site-packages:/home/rastic-smartcity/ros2_ws/install/Rastic_seminar_Python/lib/python3.8/site-packages:/home/rastic-smartcity/ros2_ws/install/Rastic_seminar_python/lib/python3.8/site-packages:/opt/ros/foxy/lib/python3.8/site-packages /usr/bin/python3 -W ignore:setup.py install is deprecated setup.py egg_info --egg-base ../../build/turtle_demo_controller build --build-base /home/rastic-smartcity/ros2_ws/build/turtle_demo_controller/build install --record /home/rastic-smartcity/ros2_ws/build/turtle_demo_controller/install.log --single-version-externally-managed install_data
[2.180s] Level 1:colcon.colcon_core.environment:checking '/home/rastic-smartcity/ros2_ws/install/turtle_demo_controller' for CMake module files
[2.181s] DEBUG:colcon.colcon_core.event_handler.log_command:Invoked command in '/home/rastic-smartcity/ros2_ws/src/turtle_demo_controller' returned '0': CMAKE_PREFIX_PATH=/home/rastic-smartcity/ros2_ws/install/turtlesim:/home/rastic-smartcity/ros2_ws/install/my_package:/home/rastic-smartcity/ros2_ws/install/Rastic_seminar PYTHONPATH=/home/rastic-smartcity/ros2_ws/build/turtle_demo_controller/prefix_override:/usr/lib/python3/dist-packages/colcon_core/task/python/colcon_distutils_commands:/home/rastic-smartcity/ros2_ws/install/turtle_demo_controller/lib/python3.8/site-packages:/home/rastic-smartcity/ros2_ws/install/turtlesim/lib/python3.8/site-packages:/home/rastic-smartcity/ros2_ws/install/turtle_demo_controller/lib/python3.8/site-packages:/home/rastic-smartcity/ros2_ws/install/my_package/lib/python3.8/site-packages:/home/rastic-smartcity/ros2_ws/install/Rastic_seminar_Python/lib/python3.8/site-packages:/home/rastic-smartcity/ros2_ws/install/Rastic_seminar_python/lib/python3.8/site-packages:/opt/ros/foxy/lib/python3.8/site-packages /usr/bin/python3 -W ignore:setup.py install is deprecated setup.py egg_info --egg-base ../../build/turtle_demo_controller build --build-base /home/rastic-smartcity/ros2_ws/build/turtle_demo_controller/build install --record /home/rastic-smartcity/ros2_ws/build/turtle_demo_controller/install.log --single-version-externally-managed install_data
[2.181s] Level 1:colcon.colcon_core.environment:checking '/home/rastic-smartcity/ros2_ws/install/turtle_demo_controller' for CMake config files
[2.182s] Level 1:colcon.colcon_core.environment:checking '/home/rastic-smartcity/ros2_ws/install/turtle_demo_controller/lib'
[2.182s] Level 1:colcon.colcon_core.environment:checking '/home/rastic-smartcity/ros2_ws/install/turtle_demo_controller/bin'
[2.182s] Level 1:colcon.colcon_core.environment:checking '/home/rastic-smartcity/ros2_ws/install/turtle_demo_controller/lib/pkgconfig/turtle_demo_controller.pc'
[2.182s] Level 1:colcon.colcon_core.environment:checking '/home/rastic-smartcity/ros2_ws/install/turtle_demo_controller/lib/python3.8/site-packages'
[2.182s] Level 1:colcon.colcon_core.shell:create_environment_hook('turtle_demo_controller', 'pythonpath')
[2.183s] INFO:colcon.colcon_core.shell:Creating environment hook '/home/rastic-smartcity/ros2_ws/install/turtle_demo_controller/share/turtle_demo_controller/hook/pythonpath.ps1'
[2.183s] INFO:colcon.colcon_core.shell:Creating environment descriptor '/home/rastic-smartcity/ros2_ws/install/turtle_demo_controller/share/turtle_demo_controller/hook/pythonpath.dsv'
[2.184s] INFO:colcon.colcon_core.shell:Creating environment hook '/home/rastic-smartcity/ros2_ws/install/turtle_demo_controller/share/turtle_demo_controller/hook/pythonpath.sh'
[2.184s] Level 1:colcon.colcon_core.environment:checking '/home/rastic-smartcity/ros2_ws/install/turtle_demo_controller/bin'
[2.184s] Level 1:colcon.colcon_core.environment:create_environment_scripts_only(turtle_demo_controller)
[2.185s] INFO:colcon.colcon_core.shell:Creating package script '/home/rastic-smartcity/ros2_ws/install/turtle_demo_controller/share/turtle_demo_controller/package.ps1'
[2.185s] INFO:colcon.colcon_core.shell:Creating package descriptor '/home/rastic-smartcity/ros2_ws/install/turtle_demo_controller/share/turtle_demo_controller/package.dsv'
[2.186s] INFO:colcon.colcon_core.shell:Creating package script '/home/rastic-smartcity/ros2_ws/install/turtle_demo_controller/share/turtle_demo_controller/package.sh'
[2.186s] INFO:colcon.colcon_core.shell:Creating package script '/home/rastic-smartcity/ros2_ws/install/turtle_demo_controller/share/turtle_demo_controller/package.bash'
[2.186s] INFO:colcon.colcon_core.shell:Creating package script '/home/rastic-smartcity/ros2_ws/install/turtle_demo_controller/share/turtle_demo_controller/package.zsh'
[2.187s] Level 1:colcon.colcon_core.environment:create_file_with_runtime_dependencies(/home/rastic-smartcity/ros2_ws/install/turtle_demo_controller/share/colcon-core/packages/turtle_demo_controller)
[2.187s] DEBUG:colcon.colcon_parallel_executor.executor.parallel:closing loop
[2.187s] DEBUG:colcon.colcon_parallel_executor.executor.parallel:loop closed
[2.187s] DEBUG:colcon.colcon_parallel_executor.executor.parallel:run_until_complete finished with '0'
[2.187s] DEBUG:colcon.colcon_core.event_reactor:joining thread
[2.196s] INFO:colcon.colcon_core.plugin_system:Skipping extension 'colcon_notification.desktop_notification.terminal_notifier': Not used on non-Darwin systems
[2.196s] INFO:colcon.colcon_core.plugin_system:Skipping extension 'colcon_notification.desktop_notification.win32': Not used on non-Windows systems
[2.196s] INFO:colcon.colcon_notification.desktop_notification:Sending desktop notification using 'notify2'
[2.217s] DEBUG:colcon.colcon_core.event_reactor:joined thread
[2.217s] INFO:colcon.colcon_core.shell:Creating prefix script '/home/rastic-smartcity/ros2_ws/install/local_setup.ps1'
[2.219s] INFO:colcon.colcon_core.shell:Creating prefix util module '/home/rastic-smartcity/ros2_ws/install/_local_setup_util_ps1.py'
[2.220s] INFO:colcon.colcon_core.shell:Creating prefix chain script '/home/rastic-smartcity/ros2_ws/install/setup.ps1'
[2.221s] INFO:colcon.colcon_core.shell:Creating prefix script '/home/rastic-smartcity/ros2_ws/install/local_setup.sh'
[2.221s] INFO:colcon.colcon_core.shell:Creating prefix util module '/home/rastic-smartcity/ros2_ws/install/_local_setup_util_sh.py'
[2.222s] INFO:colcon.colcon_core.shell:Creating prefix chain script '/home/rastic-smartcity/ros2_ws/install/setup.sh'
[2.223s] INFO:colcon.colcon_core.shell:Creating prefix script '/home/rastic-smartcity/ros2_ws/install/local_setup.bash'
[2.224s] INFO:colcon.colcon_core.shell:Creating prefix chain script '/home/rastic-smartcity/ros2_ws/install/setup.bash'
[2.225s] INFO:colcon.colcon_core.shell:Creating prefix script '/home/rastic-smartcity/ros2_ws/install/local_setup.zsh'
[2.225s] INFO:colcon.colcon_core.shell:Creating prefix chain script '/home/rastic-smartcity/ros2_ws/install/setup.zsh'
