[0.652s] Invoking command in '/home/rastic-smartcity/ros2_ws/src/turtleController': PYTHONPATH=/home/rastic-smartcity/ros2_ws/src/build/turtleController/prefix_override:/usr/lib/python3/dist-packages/colcon_core/task/python/colcon_distutils_commands:/home/rastic-smartcity/ros2_ws/src/install/turtleController/lib/python3.8/site-packages:${PYTHONPATH} /usr/bin/python3 -W ignore:setup.py install is deprecated setup.py egg_info --egg-base ../build/turtleController build --build-base /home/rastic-smartcity/ros2_ws/src/build/turtleController/build install --record /home/rastic-smartcity/ros2_ws/src/build/turtleController/install.log --install-scripts $base/lib/turtleController --single-version-externally-managed install_data
[0.857s] running egg_info
[0.858s] creating ../build/turtleController/turtleController.egg-info
[0.858s] writing ../build/turtleController/turtleController.egg-info/PKG-INFO
[0.858s] writing dependency_links to ../build/turtleController/turtleController.egg-info/dependency_links.txt
[0.858s] writing entry points to ../build/turtleController/turtleController.egg-info/entry_points.txt
[0.858s] writing requirements to ../build/turtleController/turtleController.egg-info/requires.txt
[0.858s] writing top-level names to ../build/turtleController/turtleController.egg-info/top_level.txt
[0.859s] writing manifest file '../build/turtleController/turtleController.egg-info/SOURCES.txt'
[0.893s] reading manifest file '../build/turtleController/turtleController.egg-info/SOURCES.txt'
[0.894s] writing manifest file '../build/turtleController/turtleController.egg-info/SOURCES.txt'
[0.895s] running build
[0.895s] running build_py
[0.895s] creating /home/rastic-smartcity/ros2_ws/src/build/turtleController/build
[0.895s] creating /home/rastic-smartcity/ros2_ws/src/build/turtleController/build/lib
[0.895s] creating /home/rastic-smartcity/ros2_ws/src/build/turtleController/build/lib/turtleController
[0.895s] copying turtleController/__init__.py -> /home/rastic-smartcity/ros2_ws/src/build/turtleController/build/lib/turtleController
[0.895s] running install
[0.896s] running install_lib
[0.896s] creating /home/rastic-smartcity/ros2_ws/src/install/turtleController/lib/python3.8/site-packages/turtleController
[0.897s] copying /home/rastic-smartcity/ros2_ws/src/build/turtleController/build/lib/turtleController/__init__.py -> /home/rastic-smartcity/ros2_ws/src/install/turtleController/lib/python3.8/site-packages/turtleController
[0.897s] byte-compiling /home/rastic-smartcity/ros2_ws/src/install/turtleController/lib/python3.8/site-packages/turtleController/__init__.py to __init__.cpython-38.pyc
[0.898s] running install_data
[0.898s] creating /home/rastic-smartcity/ros2_ws/src/install/turtleController/share/ament_index
[0.898s] creating /home/rastic-smartcity/ros2_ws/src/install/turtleController/share/ament_index/resource_index
[0.898s] creating /home/rastic-smartcity/ros2_ws/src/install/turtleController/share/ament_index/resource_index/packages
[0.899s] copying resource/turtleController -> /home/rastic-smartcity/ros2_ws/src/install/turtleController/share/ament_index/resource_index/packages
[0.899s] copying package.xml -> /home/rastic-smartcity/ros2_ws/src/install/turtleController/share/turtleController
[0.899s] running install_egg_info
[0.900s] Copying ../build/turtleController/turtleController.egg-info to /home/rastic-smartcity/ros2_ws/src/install/turtleController/lib/python3.8/site-packages/turtleController-0.0.0-py3.8.egg-info
[0.901s] running install_scripts
[0.919s] writing list of installed files to '/home/rastic-smartcity/ros2_ws/src/build/turtleController/install.log'
[0.939s] Invoked command in '/home/rastic-smartcity/ros2_ws/src/turtleController' returned '0': PYTHONPATH=/home/rastic-smartcity/ros2_ws/src/build/turtleController/prefix_override:/usr/lib/python3/dist-packages/colcon_core/task/python/colcon_distutils_commands:/home/rastic-smartcity/ros2_ws/src/install/turtleController/lib/python3.8/site-packages:${PYTHONPATH} /usr/bin/python3 -W ignore:setup.py install is deprecated setup.py egg_info --egg-base ../build/turtleController build --build-base /home/rastic-smartcity/ros2_ws/src/build/turtleController/build install --record /home/rastic-smartcity/ros2_ws/src/build/turtleController/install.log --install-scripts $base/lib/turtleController --single-version-externally-managed install_data
