[0.711s] Invoking command in '/home/rastic-smartcity/ros2_ws/src/turtleController': PYTHONPATH=/home/rastic-smartcity/ros2_ws/build/turtleController/prefix_override:/usr/lib/python3/dist-packages/colcon_core/task/python/colcon_distutils_commands:/home/rastic-smartcity/ros2_ws/install/turtleController/lib/python3.8/site-packages:${PYTHONPATH} /usr/bin/python3 -W ignore:setup.py install is deprecated setup.py egg_info --egg-base ../../build/turtleController build --build-base /home/rastic-smartcity/ros2_ws/build/turtleController/build install --record /home/rastic-smartcity/ros2_ws/build/turtleController/install.log --install-scripts $base/lib/turtleController --single-version-externally-managed install_data
[0.945s] running egg_info
[0.945s] creating ../../build/turtleController/turtleController.egg-info
[0.946s] writing ../../build/turtleController/turtleController.egg-info/PKG-INFO
[0.946s] writing dependency_links to ../../build/turtleController/turtleController.egg-info/dependency_links.txt
[0.946s] writing entry points to ../../build/turtleController/turtleController.egg-info/entry_points.txt
[0.946s] writing requirements to ../../build/turtleController/turtleController.egg-info/requires.txt
[0.946s] writing top-level names to ../../build/turtleController/turtleController.egg-info/top_level.txt
[0.947s] writing manifest file '../../build/turtleController/turtleController.egg-info/SOURCES.txt'
[0.982s] reading manifest file '../../build/turtleController/turtleController.egg-info/SOURCES.txt'
[0.983s] writing manifest file '../../build/turtleController/turtleController.egg-info/SOURCES.txt'
[0.983s] running build
[0.983s] running build_py
[0.983s] creating /home/rastic-smartcity/ros2_ws/build/turtleController/build
[0.983s] creating /home/rastic-smartcity/ros2_ws/build/turtleController/build/lib
[0.983s] creating /home/rastic-smartcity/ros2_ws/build/turtleController/build/lib/turtleController
[0.983s] copying turtleController/controller.py -> /home/rastic-smartcity/ros2_ws/build/turtleController/build/lib/turtleController
[0.984s] copying turtleController/__init__.py -> /home/rastic-smartcity/ros2_ws/build/turtleController/build/lib/turtleController
[0.984s] running install
[0.984s] running install_lib
[0.985s] creating /home/rastic-smartcity/ros2_ws/install/turtleController/lib/python3.8/site-packages/turtleController
[0.985s] copying /home/rastic-smartcity/ros2_ws/build/turtleController/build/lib/turtleController/controller.py -> /home/rastic-smartcity/ros2_ws/install/turtleController/lib/python3.8/site-packages/turtleController
[0.985s] copying /home/rastic-smartcity/ros2_ws/build/turtleController/build/lib/turtleController/__init__.py -> /home/rastic-smartcity/ros2_ws/install/turtleController/lib/python3.8/site-packages/turtleController
[0.986s] byte-compiling /home/rastic-smartcity/ros2_ws/install/turtleController/lib/python3.8/site-packages/turtleController/controller.py to controller.cpython-38.pyc
[0.987s] byte-compiling /home/rastic-smartcity/ros2_ws/install/turtleController/lib/python3.8/site-packages/turtleController/__init__.py to __init__.cpython-38.pyc
[0.988s] running install_data
[0.988s] creating /home/rastic-smartcity/ros2_ws/install/turtleController/share/ament_index
[0.988s] creating /home/rastic-smartcity/ros2_ws/install/turtleController/share/ament_index/resource_index
[0.988s] creating /home/rastic-smartcity/ros2_ws/install/turtleController/share/ament_index/resource_index/packages
[0.988s] copying resource/turtleController -> /home/rastic-smartcity/ros2_ws/install/turtleController/share/ament_index/resource_index/packages
[0.988s] copying package.xml -> /home/rastic-smartcity/ros2_ws/install/turtleController/share/turtleController
[0.988s] running install_egg_info
[0.989s] Copying ../../build/turtleController/turtleController.egg-info to /home/rastic-smartcity/ros2_ws/install/turtleController/lib/python3.8/site-packages/turtleController-0.0.0-py3.8.egg-info
[0.990s] running install_scripts
[1.009s] Installing controller script to /home/rastic-smartcity/ros2_ws/install/turtleController/lib/turtleController
[1.009s] writing list of installed files to '/home/rastic-smartcity/ros2_ws/build/turtleController/install.log'
[1.029s] Invoked command in '/home/rastic-smartcity/ros2_ws/src/turtleController' returned '0': PYTHONPATH=/home/rastic-smartcity/ros2_ws/build/turtleController/prefix_override:/usr/lib/python3/dist-packages/colcon_core/task/python/colcon_distutils_commands:/home/rastic-smartcity/ros2_ws/install/turtleController/lib/python3.8/site-packages:${PYTHONPATH} /usr/bin/python3 -W ignore:setup.py install is deprecated setup.py egg_info --egg-base ../../build/turtleController build --build-base /home/rastic-smartcity/ros2_ws/build/turtleController/build install --record /home/rastic-smartcity/ros2_ws/build/turtleController/install.log --install-scripts $base/lib/turtleController --single-version-externally-managed install_data
