[2.391s] Invoking command in '/home/rastic-smartcity/ros2_ws/build/examples_rclpy_minimal_client': PYTHONPATH=/home/rastic-smartcity/ros2_ws/build/examples_rclpy_minimal_client/prefix_override:/usr/lib/python3/dist-packages/colcon_core/task/python/colcon_distutils_commands:/home/rastic-smartcity/ros2_ws/install/examples_rclpy_minimal_client/lib/python3.8/site-packages:${PYTHONPATH} /usr/bin/python3 -W ignore:setup.py install is deprecated setup.py develop --editable --build-directory /home/rastic-smartcity/ros2_ws/build/examples_rclpy_minimal_client/build --no-deps symlink_data
[2.763s] running develop
[2.906s] running egg_info
[2.906s] writing examples_rclpy_minimal_client.egg-info/PKG-INFO
[2.906s] writing dependency_links to examples_rclpy_minimal_client.egg-info/dependency_links.txt
[2.907s] writing entry points to examples_rclpy_minimal_client.egg-info/entry_points.txt
[2.907s] writing requirements to examples_rclpy_minimal_client.egg-info/requires.txt
[2.907s] writing top-level names to examples_rclpy_minimal_client.egg-info/top_level.txt
[2.947s] reading manifest file 'examples_rclpy_minimal_client.egg-info/SOURCES.txt'
[2.948s] writing manifest file 'examples_rclpy_minimal_client.egg-info/SOURCES.txt'
[2.985s] running build_ext
[2.985s] Creating /home/rastic-smartcity/ros2_ws/install/examples_rclpy_minimal_client/lib/python3.8/site-packages/examples-rclpy-minimal-client.egg-link (link to .)
[2.986s] Installing client script to /home/rastic-smartcity/ros2_ws/install/examples_rclpy_minimal_client/lib/examples_rclpy_minimal_client
[2.987s] Installing client_async script to /home/rastic-smartcity/ros2_ws/install/examples_rclpy_minimal_client/lib/examples_rclpy_minimal_client
[2.987s] Installing client_async_callback script to /home/rastic-smartcity/ros2_ws/install/examples_rclpy_minimal_client/lib/examples_rclpy_minimal_client
[2.987s] Installing client_async_member_function script to /home/rastic-smartcity/ros2_ws/install/examples_rclpy_minimal_client/lib/examples_rclpy_minimal_client
[2.987s] 
[2.987s] Installed /home/rastic-smartcity/ros2_ws/build/examples_rclpy_minimal_client
[2.987s] running symlink_data
[3.028s] Invoked command in '/home/rastic-smartcity/ros2_ws/build/examples_rclpy_minimal_client' returned '0': PYTHONPATH=/home/rastic-smartcity/ros2_ws/build/examples_rclpy_minimal_client/prefix_override:/usr/lib/python3/dist-packages/colcon_core/task/python/colcon_distutils_commands:/home/rastic-smartcity/ros2_ws/install/examples_rclpy_minimal_client/lib/python3.8/site-packages:${PYTHONPATH} /usr/bin/python3 -W ignore:setup.py install is deprecated setup.py develop --editable --build-directory /home/rastic-smartcity/ros2_ws/build/examples_rclpy_minimal_client/build --no-deps symlink_data
