[1.091s] Invoking command in '/home/rastic-smartcity/ros2_ws/build/turtle_demo_controller': CMAKE_PREFIX_PATH=/home/rastic-smartcity/ros2_ws/install/turtlesim:/home/rastic-smartcity/ros2_ws/install/my_package:/home/rastic-smartcity/ros2_ws/install/Rastic_seminar PYTHONPATH=/home/rastic-smartcity/ros2_ws/build/turtle_demo_controller/prefix_override:/usr/lib/python3/dist-packages/colcon_core/task/python/colcon_distutils_commands:/home/rastic-smartcity/ros2_ws/install/turtle_demo_controller/lib/python3.8/site-packages:/home/rastic-smartcity/ros2_ws/install/turtlesim/lib/python3.8/site-packages:/home/rastic-smartcity/ros2_ws/install/turtle_demo_controller/lib/python3.8/site-packages:/home/rastic-smartcity/ros2_ws/install/my_package/lib/python3.8/site-packages:/home/rastic-smartcity/ros2_ws/install/Rastic_seminar_Python/lib/python3.8/site-packages:/home/rastic-smartcity/ros2_ws/install/Rastic_seminar_python/lib/python3.8/site-packages:/opt/ros/foxy/lib/python3.8/site-packages /usr/bin/python3 -W ignore:setup.py install is deprecated setup.py develop --uninstall --editable --build-directory /home/rastic-smartcity/ros2_ws/build/turtle_demo_controller/build
[1.476s] running develop
[1.605s] Removing /home/rastic-smartcity/ros2_ws/install/turtle_demo_controller/lib/python3.8/site-packages/turtle-demo-controller.egg-link (link to .)
[1.631s] Invoked command in '/home/rastic-smartcity/ros2_ws/build/turtle_demo_controller' returned '0': CMAKE_PREFIX_PATH=/home/rastic-smartcity/ros2_ws/install/turtlesim:/home/rastic-smartcity/ros2_ws/install/my_package:/home/rastic-smartcity/ros2_ws/install/Rastic_seminar PYTHONPATH=/home/rastic-smartcity/ros2_ws/build/turtle_demo_controller/prefix_override:/usr/lib/python3/dist-packages/colcon_core/task/python/colcon_distutils_commands:/home/rastic-smartcity/ros2_ws/install/turtle_demo_controller/lib/python3.8/site-packages:/home/rastic-smartcity/ros2_ws/install/turtlesim/lib/python3.8/site-packages:/home/rastic-smartcity/ros2_ws/install/turtle_demo_controller/lib/python3.8/site-packages:/home/rastic-smartcity/ros2_ws/install/my_package/lib/python3.8/site-packages:/home/rastic-smartcity/ros2_ws/install/Rastic_seminar_Python/lib/python3.8/site-packages:/home/rastic-smartcity/ros2_ws/install/Rastic_seminar_python/lib/python3.8/site-packages:/opt/ros/foxy/lib/python3.8/site-packages /usr/bin/python3 -W ignore:setup.py install is deprecated setup.py develop --uninstall --editable --build-directory /home/rastic-smartcity/ros2_ws/build/turtle_demo_controller/build
[1.634s] Invoking command in '/home/rastic-smartcity/ros2_ws/src/turtle_demo_controller': CMAKE_PREFIX_PATH=/home/rastic-smartcity/ros2_ws/install/turtlesim:/home/rastic-smartcity/ros2_ws/install/my_package:/home/rastic-smartcity/ros2_ws/install/Rastic_seminar PYTHONPATH=/home/rastic-smartcity/ros2_ws/build/turtle_demo_controller/prefix_override:/usr/lib/python3/dist-packages/colcon_core/task/python/colcon_distutils_commands:/home/rastic-smartcity/ros2_ws/install/turtle_demo_controller/lib/python3.8/site-packages:/home/rastic-smartcity/ros2_ws/install/turtlesim/lib/python3.8/site-packages:/home/rastic-smartcity/ros2_ws/install/turtle_demo_controller/lib/python3.8/site-packages:/home/rastic-smartcity/ros2_ws/install/my_package/lib/python3.8/site-packages:/home/rastic-smartcity/ros2_ws/install/Rastic_seminar_Python/lib/python3.8/site-packages:/home/rastic-smartcity/ros2_ws/install/Rastic_seminar_python/lib/python3.8/site-packages:/opt/ros/foxy/lib/python3.8/site-packages /usr/bin/python3 -W ignore:setup.py install is deprecated setup.py egg_info --egg-base ../../build/turtle_demo_controller build --build-base /home/rastic-smartcity/ros2_ws/build/turtle_demo_controller/build install --record /home/rastic-smartcity/ros2_ws/build/turtle_demo_controller/install.log --single-version-externally-managed install_data --force
[1.908s] running egg_info
[1.909s] writing ../../build/turtle_demo_controller/turtle_demo_controller.egg-info/PKG-INFO
[1.909s] writing dependency_links to ../../build/turtle_demo_controller/turtle_demo_controller.egg-info/dependency_links.txt
[1.909s] writing entry points to ../../build/turtle_demo_controller/turtle_demo_controller.egg-info/entry_points.txt
[1.910s] writing requirements to ../../build/turtle_demo_controller/turtle_demo_controller.egg-info/requires.txt
[1.910s] writing top-level names to ../../build/turtle_demo_controller/turtle_demo_controller.egg-info/top_level.txt
[1.948s] reading manifest file '../../build/turtle_demo_controller/turtle_demo_controller.egg-info/SOURCES.txt'
[1.949s] writing manifest file '../../build/turtle_demo_controller/turtle_demo_controller.egg-info/SOURCES.txt'
[1.949s] running build
[1.949s] running build_py
[1.949s] running install
[1.950s] running install_lib
[1.951s] creating /home/rastic-smartcity/ros2_ws/install/turtle_demo_controller/lib/python3.8/site-packages/turtle_demo_controller
[1.952s] copying /home/rastic-smartcity/ros2_ws/build/turtle_demo_controller/build/lib/turtle_demo_controller/turtle_controller.py -> /home/rastic-smartcity/ros2_ws/install/turtle_demo_controller/lib/python3.8/site-packages/turtle_demo_controller
[1.952s] copying /home/rastic-smartcity/ros2_ws/build/turtle_demo_controller/build/lib/turtle_demo_controller/turtle_controller_with_pid_implimentation.py -> /home/rastic-smartcity/ros2_ws/install/turtle_demo_controller/lib/python3.8/site-packages/turtle_demo_controller
[1.952s] copying /home/rastic-smartcity/ros2_ws/build/turtle_demo_controller/build/lib/turtle_demo_controller/__init__.py -> /home/rastic-smartcity/ros2_ws/install/turtle_demo_controller/lib/python3.8/site-packages/turtle_demo_controller
[1.952s] byte-compiling /home/rastic-smartcity/ros2_ws/install/turtle_demo_controller/lib/python3.8/site-packages/turtle_demo_controller/turtle_controller.py to turtle_controller.cpython-38.pyc
[1.954s] byte-compiling /home/rastic-smartcity/ros2_ws/install/turtle_demo_controller/lib/python3.8/site-packages/turtle_demo_controller/turtle_controller_with_pid_implimentation.py to turtle_controller_with_pid_implimentation.cpython-38.pyc
[1.955s] byte-compiling /home/rastic-smartcity/ros2_ws/install/turtle_demo_controller/lib/python3.8/site-packages/turtle_demo_controller/__init__.py to __init__.cpython-38.pyc
[1.955s] running install_data
[1.955s] copying resource/turtle_demo_controller -> /home/rastic-smartcity/ros2_ws/install/turtle_demo_controller/share/ament_index/resource_index/packages
[1.955s] copying package.xml -> /home/rastic-smartcity/ros2_ws/install/turtle_demo_controller/share/turtle_demo_controller
[1.955s] running install_egg_info
[1.957s] Copying ../../build/turtle_demo_controller/turtle_demo_controller.egg-info to /home/rastic-smartcity/ros2_ws/install/turtle_demo_controller/lib/python3.8/site-packages/turtle_demo_controller-0.0.0-py3.8.egg-info
[1.958s] running install_scripts
[1.977s] Installing turt_controller script to /home/rastic-smartcity/ros2_ws/install/turtle_demo_controller/lib/turtle_demo_controller
[1.977s] writing list of installed files to '/home/rastic-smartcity/ros2_ws/build/turtle_demo_controller/install.log'
[2.001s] Invoked command in '/home/rastic-smartcity/ros2_ws/src/turtle_demo_controller' returned '0': CMAKE_PREFIX_PATH=/home/rastic-smartcity/ros2_ws/install/turtlesim:/home/rastic-smartcity/ros2_ws/install/my_package:/home/rastic-smartcity/ros2_ws/install/Rastic_seminar PYTHONPATH=/home/rastic-smartcity/ros2_ws/build/turtle_demo_controller/prefix_override:/usr/lib/python3/dist-packages/colcon_core/task/python/colcon_distutils_commands:/home/rastic-smartcity/ros2_ws/install/turtle_demo_controller/lib/python3.8/site-packages:/home/rastic-smartcity/ros2_ws/install/turtlesim/lib/python3.8/site-packages:/home/rastic-smartcity/ros2_ws/install/turtle_demo_controller/lib/python3.8/site-packages:/home/rastic-smartcity/ros2_ws/install/my_package/lib/python3.8/site-packages:/home/rastic-smartcity/ros2_ws/install/Rastic_seminar_Python/lib/python3.8/site-packages:/home/rastic-smartcity/ros2_ws/install/Rastic_seminar_python/lib/python3.8/site-packages:/opt/ros/foxy/lib/python3.8/site-packages /usr/bin/python3 -W ignore:setup.py install is deprecated setup.py egg_info --egg-base ../../build/turtle_demo_controller build --build-base /home/rastic-smartcity/ros2_ws/build/turtle_demo_controller/build install --record /home/rastic-smartcity/ros2_ws/build/turtle_demo_controller/install.log --single-version-externally-managed install_data --force
