[0.197s] Invoking command in '/home/rastic-smartcity/ros2_ws/build/examples_rclcpp_minimal_timer': CMAKE_PREFIX_PATH=/opt/ros/foxy /usr/bin/cmake --build /home/rastic-smartcity/ros2_ws/build/examples_rclcpp_minimal_timer -- -j12 -l12
[0.797s] [ 50%] Built target timer_lambda
[0.797s] [100%] Built target timer_member_function
[0.852s] Invoked command in '/home/rastic-smartcity/ros2_ws/build/examples_rclcpp_minimal_timer' returned '0': CMAKE_PREFIX_PATH=/opt/ros/foxy /usr/bin/cmake --build /home/rastic-smartcity/ros2_ws/build/examples_rclcpp_minimal_timer -- -j12 -l12
[0.995s] Invoking command in '/home/rastic-smartcity/ros2_ws/build/examples_rclcpp_minimal_timer': CMAKE_PREFIX_PATH=/opt/ros/foxy /usr/bin/cmake --install /home/rastic-smartcity/ros2_ws/build/examples_rclcpp_minimal_timer
[1.008s] -- Install configuration: ""
[1.010s] -- Execute custom install script
[1.010s] -- Up-to-date symlink: /home/rastic-smartcity/ros2_ws/install/examples_rclcpp_minimal_timer/lib/examples_rclcpp_minimal_timer/timer_lambda
[1.011s] -- Up-to-date symlink: /home/rastic-smartcity/ros2_ws/install/examples_rclcpp_minimal_timer/lib/examples_rclcpp_minimal_timer/timer_member_function
[1.011s] -- Up-to-date symlink: /home/rastic-smartcity/ros2_ws/install/examples_rclcpp_minimal_timer/share/ament_index/resource_index/package_run_dependencies/examples_rclcpp_minimal_timer
[1.011s] -- Up-to-date symlink: /home/rastic-smartcity/ros2_ws/install/examples_rclcpp_minimal_timer/share/ament_index/resource_index/parent_prefix_path/examples_rclcpp_minimal_timer
[1.011s] -- Up-to-date symlink: /home/rastic-smartcity/ros2_ws/install/examples_rclcpp_minimal_timer/share/examples_rclcpp_minimal_timer/environment/ament_prefix_path.sh
[1.014s] -- Up-to-date symlink: /home/rastic-smartcity/ros2_ws/install/examples_rclcpp_minimal_timer/share/examples_rclcpp_minimal_timer/environment/ament_prefix_path.dsv
[1.015s] -- Up-to-date symlink: /home/rastic-smartcity/ros2_ws/install/examples_rclcpp_minimal_timer/share/examples_rclcpp_minimal_timer/environment/path.sh
[1.015s] -- Up-to-date symlink: /home/rastic-smartcity/ros2_ws/install/examples_rclcpp_minimal_timer/share/examples_rclcpp_minimal_timer/environment/path.dsv
[1.015s] -- Up-to-date symlink: /home/rastic-smartcity/ros2_ws/install/examples_rclcpp_minimal_timer/share/examples_rclcpp_minimal_timer/local_setup.bash
[1.018s] -- Up-to-date symlink: /home/rastic-smartcity/ros2_ws/install/examples_rclcpp_minimal_timer/share/examples_rclcpp_minimal_timer/local_setup.sh
[1.019s] -- Up-to-date symlink: /home/rastic-smartcity/ros2_ws/install/examples_rclcpp_minimal_timer/share/examples_rclcpp_minimal_timer/local_setup.zsh
[1.019s] -- Up-to-date symlink: /home/rastic-smartcity/ros2_ws/install/examples_rclcpp_minimal_timer/share/examples_rclcpp_minimal_timer/local_setup.dsv
[1.019s] -- Symlinking: /home/rastic-smartcity/ros2_ws/install/examples_rclcpp_minimal_timer/share/examples_rclcpp_minimal_timer/package.dsv
[1.020s] -- Up-to-date symlink: /home/rastic-smartcity/ros2_ws/install/examples_rclcpp_minimal_timer/share/ament_index/resource_index/packages/examples_rclcpp_minimal_timer
[1.020s] -- Up-to-date symlink: /home/rastic-smartcity/ros2_ws/install/examples_rclcpp_minimal_timer/share/examples_rclcpp_minimal_timer/cmake/examples_rclcpp_minimal_timerConfig.cmake
[1.020s] -- Up-to-date symlink: /home/rastic-smartcity/ros2_ws/install/examples_rclcpp_minimal_timer/share/examples_rclcpp_minimal_timer/cmake/examples_rclcpp_minimal_timerConfig-version.cmake
[1.020s] -- Up-to-date symlink: /home/rastic-smartcity/ros2_ws/install/examples_rclcpp_minimal_timer/share/examples_rclcpp_minimal_timer/package.xml
[1.115s] Invoked command in '/home/rastic-smartcity/ros2_ws/build/examples_rclcpp_minimal_timer' returned '0': CMAKE_PREFIX_PATH=/opt/ros/foxy /usr/bin/cmake --install /home/rastic-smartcity/ros2_ws/build/examples_rclcpp_minimal_timer
