[2.625s] Invoking command in '/home/rastic-smartcity/ros2_ws/src/examples/rclpy/services/minimal_service': PYTHONPATH=/home/rastic-smartcity/ros2_ws/build/examples_rclpy_minimal_service/prefix_override:/usr/lib/python3/dist-packages/colcon_core/task/python/colcon_distutils_commands:/home/rastic-smartcity/ros2_ws/install/examples_rclpy_minimal_service/lib/python3.8/site-packages:${PYTHONPATH} /usr/bin/python3 -W ignore:setup.py install is deprecated setup.py egg_info --egg-base ../../../../../build/examples_rclpy_minimal_service build --build-base /home/rastic-smartcity/ros2_ws/build/examples_rclpy_minimal_service/build install --record /home/rastic-smartcity/ros2_ws/build/examples_rclpy_minimal_service/install.log --install-scripts $base/lib/examples_rclpy_minimal_service --single-version-externally-managed install_data
[2.960s] running egg_info
[2.961s] writing ../../../../../build/examples_rclpy_minimal_service/examples_rclpy_minimal_service.egg-info/PKG-INFO
[2.961s] writing dependency_links to ../../../../../build/examples_rclpy_minimal_service/examples_rclpy_minimal_service.egg-info/dependency_links.txt
[2.961s] writing entry points to ../../../../../build/examples_rclpy_minimal_service/examples_rclpy_minimal_service.egg-info/entry_points.txt
[2.961s] writing requirements to ../../../../../build/examples_rclpy_minimal_service/examples_rclpy_minimal_service.egg-info/requires.txt
[2.961s] writing top-level names to ../../../../../build/examples_rclpy_minimal_service/examples_rclpy_minimal_service.egg-info/top_level.txt
[2.999s] reading manifest file '../../../../../build/examples_rclpy_minimal_service/examples_rclpy_minimal_service.egg-info/SOURCES.txt'
[3.000s] writing manifest file '../../../../../build/examples_rclpy_minimal_service/examples_rclpy_minimal_service.egg-info/SOURCES.txt'
[3.000s] running build
[3.001s] running build_py
[3.001s] running install
[3.002s] running install_lib
[3.004s] running install_data
[3.004s] running install_egg_info
[3.006s] removing '/home/rastic-smartcity/ros2_ws/install/examples_rclpy_minimal_service/lib/python3.8/site-packages/examples_rclpy_minimal_service-0.9.4-py3.8.egg-info' (and everything under it)
[3.006s] Copying ../../../../../build/examples_rclpy_minimal_service/examples_rclpy_minimal_service.egg-info to /home/rastic-smartcity/ros2_ws/install/examples_rclpy_minimal_service/lib/python3.8/site-packages/examples_rclpy_minimal_service-0.9.4-py3.8.egg-info
[3.007s] running install_scripts
[3.027s] Installing service script to /home/rastic-smartcity/ros2_ws/install/examples_rclpy_minimal_service/lib/examples_rclpy_minimal_service
[3.027s] Installing service_member_function script to /home/rastic-smartcity/ros2_ws/install/examples_rclpy_minimal_service/lib/examples_rclpy_minimal_service
[3.028s] writing list of installed files to '/home/rastic-smartcity/ros2_ws/build/examples_rclpy_minimal_service/install.log'
[3.051s] Invoked command in '/home/rastic-smartcity/ros2_ws/src/examples/rclpy/services/minimal_service' returned '0': PYTHONPATH=/home/rastic-smartcity/ros2_ws/build/examples_rclpy_minimal_service/prefix_override:/usr/lib/python3/dist-packages/colcon_core/task/python/colcon_distutils_commands:/home/rastic-smartcity/ros2_ws/install/examples_rclpy_minimal_service/lib/python3.8/site-packages:${PYTHONPATH} /usr/bin/python3 -W ignore:setup.py install is deprecated setup.py egg_info --egg-base ../../../../../build/examples_rclpy_minimal_service build --build-base /home/rastic-smartcity/ros2_ws/build/examples_rclpy_minimal_service/build install --record /home/rastic-smartcity/ros2_ws/build/examples_rclpy_minimal_service/install.log --install-scripts $base/lib/examples_rclpy_minimal_service --single-version-externally-managed install_data
