[0.163s] Invoking command in '/home/rastic-smartcity/ros2_ws/build/examples_rclcpp_minimal_client': CMAKE_PREFIX_PATH=${CMAKE_PREFIX_PATH}:/home/rastic-smartcity/ros2_ws/install/examples_rclpy_minimal_subscriber:/home/rastic-smartcity/ros2_ws/install/examples_rclpy_minimal_service:/home/rastic-smartcity/ros2_ws/install/examples_rclpy_minimal_publisher:/home/rastic-smartcity/ros2_ws/install/examples_rclpy_minimal_client:/home/rastic-smartcity/ros2_ws/install/examples_rclpy_minimal_action_server:/home/rastic-smartcity/ros2_ws/install/examples_rclpy_minimal_action_client:/home/rastic-smartcity/ros2_ws/install/examples_rclpy_executors:/home/rastic-smartcity/ros2_ws/install/turtle_demo_controller:/home/rastic-smartcity/ros2_ws/install/Rastic_seminar_Python:/home/rastic-smartcity/ros2_ws/install/Rastic_seminar_python:/opt/ros/foxy /usr/bin/cmake --build /home/rastic-smartcity/ros2_ws/build/examples_rclcpp_minimal_client -- -j12 -l12
[0.972s] [100%] Built target client_main
[0.998s] Invoked command in '/home/rastic-smartcity/ros2_ws/build/examples_rclcpp_minimal_client' returned '0': CMAKE_PREFIX_PATH=${CMAKE_PREFIX_PATH}:/home/rastic-smartcity/ros2_ws/install/examples_rclpy_minimal_subscriber:/home/rastic-smartcity/ros2_ws/install/examples_rclpy_minimal_service:/home/rastic-smartcity/ros2_ws/install/examples_rclpy_minimal_publisher:/home/rastic-smartcity/ros2_ws/install/examples_rclpy_minimal_client:/home/rastic-smartcity/ros2_ws/install/examples_rclpy_minimal_action_server:/home/rastic-smartcity/ros2_ws/install/examples_rclpy_minimal_action_client:/home/rastic-smartcity/ros2_ws/install/examples_rclpy_executors:/home/rastic-smartcity/ros2_ws/install/turtle_demo_controller:/home/rastic-smartcity/ros2_ws/install/Rastic_seminar_Python:/home/rastic-smartcity/ros2_ws/install/Rastic_seminar_python:/opt/ros/foxy /usr/bin/cmake --build /home/rastic-smartcity/ros2_ws/build/examples_rclcpp_minimal_client -- -j12 -l12
[1.101s] Invoking command in '/home/rastic-smartcity/ros2_ws/build/examples_rclcpp_minimal_client': CMAKE_PREFIX_PATH=${CMAKE_PREFIX_PATH}:/home/rastic-smartcity/ros2_ws/install/examples_rclpy_minimal_subscriber:/home/rastic-smartcity/ros2_ws/install/examples_rclpy_minimal_service:/home/rastic-smartcity/ros2_ws/install/examples_rclpy_minimal_publisher:/home/rastic-smartcity/ros2_ws/install/examples_rclpy_minimal_client:/home/rastic-smartcity/ros2_ws/install/examples_rclpy_minimal_action_server:/home/rastic-smartcity/ros2_ws/install/examples_rclpy_minimal_action_client:/home/rastic-smartcity/ros2_ws/install/examples_rclpy_executors:/home/rastic-smartcity/ros2_ws/install/turtle_demo_controller:/home/rastic-smartcity/ros2_ws/install/Rastic_seminar_Python:/home/rastic-smartcity/ros2_ws/install/Rastic_seminar_python:/opt/ros/foxy /usr/bin/cmake --install /home/rastic-smartcity/ros2_ws/build/examples_rclcpp_minimal_client
[1.162s] -- Install configuration: ""
[1.163s] -- Execute custom install script
[1.166s] -- Up-to-date symlink: /home/rastic-smartcity/ros2_ws/install/examples_rclcpp_minimal_client/lib/examples_rclcpp_minimal_client/client_main
[1.167s] -- Up-to-date symlink: /home/rastic-smartcity/ros2_ws/install/examples_rclcpp_minimal_client/share/ament_index/resource_index/package_run_dependencies/examples_rclcpp_minimal_client
[1.167s] -- Up-to-date symlink: /home/rastic-smartcity/ros2_ws/install/examples_rclcpp_minimal_client/share/ament_index/resource_index/parent_prefix_path/examples_rclcpp_minimal_client
[1.167s] -- Up-to-date symlink: /home/rastic-smartcity/ros2_ws/install/examples_rclcpp_minimal_client/share/examples_rclcpp_minimal_client/environment/ament_prefix_path.sh
[1.168s] -- Up-to-date symlink: /home/rastic-smartcity/ros2_ws/install/examples_rclcpp_minimal_client/share/examples_rclcpp_minimal_client/environment/ament_prefix_path.dsv
[1.168s] -- Up-to-date symlink: /home/rastic-smartcity/ros2_ws/install/examples_rclcpp_minimal_client/share/examples_rclcpp_minimal_client/environment/path.sh
[1.170s] -- Up-to-date symlink: /home/rastic-smartcity/ros2_ws/install/examples_rclcpp_minimal_client/share/examples_rclcpp_minimal_client/environment/path.dsv
[1.171s] -- Up-to-date symlink: /home/rastic-smartcity/ros2_ws/install/examples_rclcpp_minimal_client/share/examples_rclcpp_minimal_client/local_setup.bash
[1.172s] -- Up-to-date symlink: /home/rastic-smartcity/ros2_ws/install/examples_rclcpp_minimal_client/share/examples_rclcpp_minimal_client/local_setup.sh
[1.173s] -- Up-to-date symlink: /home/rastic-smartcity/ros2_ws/install/examples_rclcpp_minimal_client/share/examples_rclcpp_minimal_client/local_setup.zsh
[1.173s] -- Up-to-date symlink: /home/rastic-smartcity/ros2_ws/install/examples_rclcpp_minimal_client/share/examples_rclcpp_minimal_client/local_setup.dsv
[1.173s] -- Symlinking: /home/rastic-smartcity/ros2_ws/install/examples_rclcpp_minimal_client/share/examples_rclcpp_minimal_client/package.dsv
[1.182s] -- Up-to-date symlink: /home/rastic-smartcity/ros2_ws/install/examples_rclcpp_minimal_client/share/ament_index/resource_index/packages/examples_rclcpp_minimal_client
[1.182s] -- Up-to-date symlink: /home/rastic-smartcity/ros2_ws/install/examples_rclcpp_minimal_client/share/examples_rclcpp_minimal_client/cmake/examples_rclcpp_minimal_clientConfig.cmake
[1.182s] -- Up-to-date symlink: /home/rastic-smartcity/ros2_ws/install/examples_rclcpp_minimal_client/share/examples_rclcpp_minimal_client/cmake/examples_rclcpp_minimal_clientConfig-version.cmake
[1.183s] -- Up-to-date symlink: /home/rastic-smartcity/ros2_ws/install/examples_rclcpp_minimal_client/share/examples_rclcpp_minimal_client/package.xml
[1.242s] Invoked command in '/home/rastic-smartcity/ros2_ws/build/examples_rclcpp_minimal_client' returned '0': CMAKE_PREFIX_PATH=${CMAKE_PREFIX_PATH}:/home/rastic-smartcity/ros2_ws/install/examples_rclpy_minimal_subscriber:/home/rastic-smartcity/ros2_ws/install/examples_rclpy_minimal_service:/home/rastic-smartcity/ros2_ws/install/examples_rclpy_minimal_publisher:/home/rastic-smartcity/ros2_ws/install/examples_rclpy_minimal_client:/home/rastic-smartcity/ros2_ws/install/examples_rclpy_minimal_action_server:/home/rastic-smartcity/ros2_ws/install/examples_rclpy_minimal_action_client:/home/rastic-smartcity/ros2_ws/install/examples_rclpy_executors:/home/rastic-smartcity/ros2_ws/install/turtle_demo_controller:/home/rastic-smartcity/ros2_ws/install/Rastic_seminar_Python:/home/rastic-smartcity/ros2_ws/install/Rastic_seminar_python:/opt/ros/foxy /usr/bin/cmake --install /home/rastic-smartcity/ros2_ws/build/examples_rclcpp_minimal_client
