[2.933s] Invoking command in '/home/rastic-smartcity/ros2_ws/build/examples_rclpy_executors': PYTHONPATH=/home/rastic-smartcity/ros2_ws/build/examples_rclpy_executors/prefix_override:/usr/lib/python3/dist-packages/colcon_core/task/python/colcon_distutils_commands:/home/rastic-smartcity/ros2_ws/install/examples_rclpy_executors/lib/python3.8/site-packages:${PYTHONPATH} /usr/bin/python3 -W ignore:setup.py install is deprecated setup.py develop --editable --build-directory /home/rastic-smartcity/ros2_ws/build/examples_rclpy_executors/build --no-deps symlink_data
[3.182s] running develop
[3.319s] running egg_info
[3.320s] writing examples_rclpy_executors.egg-info/PKG-INFO
[3.320s] writing dependency_links to examples_rclpy_executors.egg-info/dependency_links.txt
[3.320s] writing entry points to examples_rclpy_executors.egg-info/entry_points.txt
[3.320s] writing requirements to examples_rclpy_executors.egg-info/requires.txt
[3.320s] writing top-level names to examples_rclpy_executors.egg-info/top_level.txt
[3.358s] reading manifest file 'examples_rclpy_executors.egg-info/SOURCES.txt'
[3.359s] writing manifest file 'examples_rclpy_executors.egg-info/SOURCES.txt'
[3.394s] running build_ext
[3.395s] Creating /home/rastic-smartcity/ros2_ws/install/examples_rclpy_executors/lib/python3.8/site-packages/examples-rclpy-executors.egg-link (link to .)
[3.396s] Installing callback_group script to /home/rastic-smartcity/ros2_ws/install/examples_rclpy_executors/lib/examples_rclpy_executors
[3.396s] Installing composed script to /home/rastic-smartcity/ros2_ws/install/examples_rclpy_executors/lib/examples_rclpy_executors
[3.396s] Installing custom_callback_group script to /home/rastic-smartcity/ros2_ws/install/examples_rclpy_executors/lib/examples_rclpy_executors
[3.396s] Installing custom_executor script to /home/rastic-smartcity/ros2_ws/install/examples_rclpy_executors/lib/examples_rclpy_executors
[3.397s] Installing listener script to /home/rastic-smartcity/ros2_ws/install/examples_rclpy_executors/lib/examples_rclpy_executors
[3.397s] Installing talker script to /home/rastic-smartcity/ros2_ws/install/examples_rclpy_executors/lib/examples_rclpy_executors
[3.397s] 
[3.397s] Installed /home/rastic-smartcity/ros2_ws/build/examples_rclpy_executors
[3.397s] running symlink_data
[3.549s] Invoked command in '/home/rastic-smartcity/ros2_ws/build/examples_rclpy_executors' returned '0': PYTHONPATH=/home/rastic-smartcity/ros2_ws/build/examples_rclpy_executors/prefix_override:/usr/lib/python3/dist-packages/colcon_core/task/python/colcon_distutils_commands:/home/rastic-smartcity/ros2_ws/install/examples_rclpy_executors/lib/python3.8/site-packages:${PYTHONPATH} /usr/bin/python3 -W ignore:setup.py install is deprecated setup.py develop --editable --build-directory /home/rastic-smartcity/ros2_ws/build/examples_rclpy_executors/build --no-deps symlink_data
