running egg_info
creating ../../../build/Rastic_seminar_python/Rastic_seminar_python.egg-info
writing ../../../build/Rastic_seminar_python/Rastic_seminar_python.egg-info/PKG-INFO
writing dependency_links to ../../../build/Rastic_seminar_python/Rastic_seminar_python.egg-info/dependency_links.txt
writing entry points to ../../../build/Rastic_seminar_python/Rastic_seminar_python.egg-info/entry_points.txt
writing requirements to ../../../build/Rastic_seminar_python/Rastic_seminar_python.egg-info/requires.txt
writing top-level names to ../../../build/Rastic_seminar_python/Rastic_seminar_python.egg-info/top_level.txt
writing manifest file '../../../build/Rastic_seminar_python/Rastic_seminar_python.egg-info/SOURCES.txt'
reading manifest file '../../../build/Rastic_seminar_python/Rastic_seminar_python.egg-info/SOURCES.txt'
writing manifest file '../../../build/Rastic_seminar_python/Rastic_seminar_python.egg-info/SOURCES.txt'
running build
running build_py
creating /home/rastic-smartcity/ros2_ws/build/Rastic_seminar_python/build
creating /home/rastic-smartcity/ros2_ws/build/Rastic_seminar_python/build/lib
creating /home/rastic-smartcity/ros2_ws/build/Rastic_seminar_python/build/lib/Rastic_seminar_python
copying Rastic_seminar_python/__init__.py -> /home/rastic-smartcity/ros2_ws/build/Rastic_seminar_python/build/lib/Rastic_seminar_python
running install
running install_lib
creating /home/rastic-smartcity/ros2_ws/install/Rastic_seminar_python/lib/python3.8/site-packages/Rastic_seminar_python
copying /home/rastic-smartcity/ros2_ws/build/Rastic_seminar_python/build/lib/Rastic_seminar_python/__init__.py -> /home/rastic-smartcity/ros2_ws/install/Rastic_seminar_python/lib/python3.8/site-packages/Rastic_seminar_python
byte-compiling /home/rastic-smartcity/ros2_ws/install/Rastic_seminar_python/lib/python3.8/site-packages/Rastic_seminar_python/__init__.py to __init__.cpython-38.pyc
running install_data
creating /home/rastic-smartcity/ros2_ws/install/Rastic_seminar_python/share/ament_index
creating /home/rastic-smartcity/ros2_ws/install/Rastic_seminar_python/share/ament_index/resource_index
creating /home/rastic-smartcity/ros2_ws/install/Rastic_seminar_python/share/ament_index/resource_index/packages
copying resource/Rastic_seminar_python -> /home/rastic-smartcity/ros2_ws/install/Rastic_seminar_python/share/ament_index/resource_index/packages
copying package.xml -> /home/rastic-smartcity/ros2_ws/install/Rastic_seminar_python/share/Rastic_seminar_python
running install_egg_info
Copying ../../../build/Rastic_seminar_python/Rastic_seminar_python.egg-info to /home/rastic-smartcity/ros2_ws/install/Rastic_seminar_python/lib/python3.8/site-packages/Rastic_seminar_python-0.0.0-py3.8.egg-info
running install_scripts
writing list of installed files to '/home/rastic-smartcity/ros2_ws/build/Rastic_seminar_python/install.log'
