[0.247s] Invoking command in '/home/rastic-smartcity/ros2_ws/build/my_package': CMAKE_PREFIX_PATH=${CMAKE_PREFIX_PATH}:/home/rastic-smartcity/ros2_ws/install/Rastic_seminar_python:/opt/ros/foxy /usr/bin/cmake /home/rastic-smartcity/ros2_ws/src/my_package -DCMAKE_INSTALL_PREFIX=/home/rastic-smartcity/ros2_ws/install/my_package
[0.330s] -- The C compiler identification is GNU 9.4.0
[0.423s] -- The CXX compiler identification is GNU 9.4.0
[0.431s] -- Check for working C compiler: /usr/bin/cc
[0.515s] -- Check for working C compiler: /usr/bin/cc -- works
[0.516s] -- Detecting C compiler ABI info
[0.589s] -- Detecting C compiler ABI info - done
[0.605s] -- Detecting C compile features
[0.605s] -- Detecting C compile features - done
[0.608s] -- Check for working CXX compiler: /usr/bin/c++
[0.691s] -- Check for working CXX compiler: /usr/bin/c++ -- works
[0.693s] -- Detecting CXX compiler ABI info
[0.780s] -- Detecting CXX compiler ABI info - done
[0.802s] -- Detecting CXX compile features
[0.803s] -- Detecting CXX compile features - done
[0.807s] -- Found ament_cmake: 0.9.12 (/opt/ros/foxy/share/ament_cmake/cmake)
[0.851s] -- Found PythonInterp: /usr/bin/python3 (found suitable version "3.8.10", minimum required is "3") 
[0.852s] -- Using PYTHON_EXECUTABLE: /usr/bin/python3
[1.072s] -- Found ament_lint_auto: 0.9.8 (/opt/ros/foxy/share/ament_lint_auto/cmake)
[1.154s] -- Added test 'copyright' to check source files copyright and LICENSE
[1.155s] -- Added test 'cppcheck' to perform static code analysis on C / C++ code
[1.155s] -- Configured cppcheck include dirs: $<BUILD_INTERFACE:/home/rastic-smartcity/ros2_ws/src/my_package/include>
[1.155s] -- Configured cppcheck exclude dirs and/or files: 
[1.156s] -- Added test 'cpplint' to check C / C++ code against the Google style
[1.156s] -- Configured cpplint exclude dirs and/or files: 
[1.156s] -- Added test 'lint_cmake' to check CMake code style
[1.157s] -- Added test 'uncrustify' to check C / C++ code style
[1.157s] -- Configured uncrustify additional arguments: 
[1.158s] -- Added test 'xmllint' to check XML markup files
[1.159s] -- Configuring done
[1.162s] -- Generating done
[1.163s] -- Build files have been written to: /home/rastic-smartcity/ros2_ws/build/my_package
[1.167s] Invoked command in '/home/rastic-smartcity/ros2_ws/build/my_package' returned '0': CMAKE_PREFIX_PATH=${CMAKE_PREFIX_PATH}:/home/rastic-smartcity/ros2_ws/install/Rastic_seminar_python:/opt/ros/foxy /usr/bin/cmake /home/rastic-smartcity/ros2_ws/src/my_package -DCMAKE_INSTALL_PREFIX=/home/rastic-smartcity/ros2_ws/install/my_package
[1.170s] Invoking command in '/home/rastic-smartcity/ros2_ws/build/my_package': CMAKE_PREFIX_PATH=${CMAKE_PREFIX_PATH}:/home/rastic-smartcity/ros2_ws/install/Rastic_seminar_python:/opt/ros/foxy /usr/bin/cmake --build /home/rastic-smartcity/ros2_ws/build/my_package -- -j12 -l12
[1.208s] [35m[1mScanning dependencies of target my_node[0m
[1.220s] [ 50%] [32mBuilding CXX object CMakeFiles/my_node.dir/src/my_node.cpp.o[0m
[1.258s] [100%] [32m[1mLinking CXX executable my_node[0m
[1.312s] [100%] Built target my_node
[1.326s] Invoked command in '/home/rastic-smartcity/ros2_ws/build/my_package' returned '0': CMAKE_PREFIX_PATH=${CMAKE_PREFIX_PATH}:/home/rastic-smartcity/ros2_ws/install/Rastic_seminar_python:/opt/ros/foxy /usr/bin/cmake --build /home/rastic-smartcity/ros2_ws/build/my_package -- -j12 -l12
[1.349s] Invoking command in '/home/rastic-smartcity/ros2_ws/build/my_package': CMAKE_PREFIX_PATH=${CMAKE_PREFIX_PATH}:/home/rastic-smartcity/ros2_ws/install/Rastic_seminar_python:/opt/ros/foxy /usr/bin/cmake --install /home/rastic-smartcity/ros2_ws/build/my_package
[1.360s] -- Install configuration: ""
[1.361s] -- Installing: /home/rastic-smartcity/ros2_ws/install/my_package/lib/my_package/my_node
[1.361s] -- Installing: /home/rastic-smartcity/ros2_ws/install/my_package/share/ament_index/resource_index/package_run_dependencies/my_package
[1.361s] -- Installing: /home/rastic-smartcity/ros2_ws/install/my_package/share/ament_index/resource_index/parent_prefix_path/my_package
[1.361s] -- Installing: /home/rastic-smartcity/ros2_ws/install/my_package/share/my_package/environment/ament_prefix_path.sh
[1.362s] -- Installing: /home/rastic-smartcity/ros2_ws/install/my_package/share/my_package/environment/ament_prefix_path.dsv
[1.362s] -- Installing: /home/rastic-smartcity/ros2_ws/install/my_package/share/my_package/environment/path.sh
[1.362s] -- Installing: /home/rastic-smartcity/ros2_ws/install/my_package/share/my_package/environment/path.dsv
[1.362s] -- Installing: /home/rastic-smartcity/ros2_ws/install/my_package/share/my_package/local_setup.bash
[1.362s] -- Installing: /home/rastic-smartcity/ros2_ws/install/my_package/share/my_package/local_setup.sh
[1.362s] -- Installing: /home/rastic-smartcity/ros2_ws/install/my_package/share/my_package/local_setup.zsh
[1.362s] -- Installing: /home/rastic-smartcity/ros2_ws/install/my_package/share/my_package/local_setup.dsv
[1.362s] -- Installing: /home/rastic-smartcity/ros2_ws/install/my_package/share/my_package/package.dsv
[1.363s] -- Installing: /home/rastic-smartcity/ros2_ws/install/my_package/share/ament_index/resource_index/packages/my_package
[1.363s] -- Installing: /home/rastic-smartcity/ros2_ws/install/my_package/share/my_package/cmake/my_packageConfig.cmake
[1.363s] -- Installing: /home/rastic-smartcity/ros2_ws/install/my_package/share/my_package/cmake/my_packageConfig-version.cmake
[1.363s] -- Installing: /home/rastic-smartcity/ros2_ws/install/my_package/share/my_package/package.xml
[1.365s] Invoked command in '/home/rastic-smartcity/ros2_ws/build/my_package' returned '0': CMAKE_PREFIX_PATH=${CMAKE_PREFIX_PATH}:/home/rastic-smartcity/ros2_ws/install/Rastic_seminar_python:/opt/ros/foxy /usr/bin/cmake --install /home/rastic-smartcity/ros2_ws/build/my_package
