[0.113s] Invoking command in '/home/rastic-smartcity/ros2_ws/build/examples_rclcpp_minimal_publisher': CMAKE_PREFIX_PATH=${CMAKE_PREFIX_PATH}:/home/rastic-smartcity/ros2_ws/install/turtle_demo_controller:/home/rastic-smartcity/ros2_ws/install/Rastic_seminar_Python:/home/rastic-smartcity/ros2_ws/install/Rastic_seminar_python:/opt/ros/foxy /usr/bin/cmake /home/rastic-smartcity/ros2_ws/src/examples/rclcpp/topics/minimal_publisher -DCMAKE_INSTALL_PREFIX=/home/rastic-smartcity/ros2_ws/install/examples_rclcpp_minimal_publisher
[1.009s] -- Found ament_cmake: 0.9.12 (/opt/ros/foxy/share/ament_cmake/cmake)
[1.010s] -- Using PYTHON_EXECUTABLE: /usr/bin/python3
[1.010s] -- Override CMake install command with custom implementation using symlinks instead of copying resources
[1.010s] -- Found rclcpp: 2.4.3 (/opt/ros/foxy/share/rclcpp/cmake)
[1.010s] -- Using all available rosidl_typesupport_c: rosidl_typesupport_fastrtps_c;rosidl_typesupport_introspection_c
[1.010s] -- Found rosidl_adapter: 1.3.1 (/opt/ros/foxy/share/rosidl_adapter/cmake)
[1.010s] -- Using all available rosidl_typesupport_cpp: rosidl_typesupport_fastrtps_cpp;rosidl_typesupport_introspection_cpp
[1.010s] -- Found rmw_implementation_cmake: 1.0.4 (/opt/ros/foxy/share/rmw_implementation_cmake/cmake)
[1.010s] -- Using RMW implementation 'rmw_fastrtps_cpp' as default
[1.228s] -- Found ament_lint_auto: 0.9.8 (/opt/ros/foxy/share/ament_lint_auto/cmake)
[1.368s] -- Added test 'copyright' to check source files copyright and LICENSE
[1.369s] -- Added test 'cppcheck' to perform static code analysis on C / C++ code
[1.370s] -- Configured cppcheck include dirs: 
[1.370s] -- Configured cppcheck exclude dirs and/or files: 
[1.372s] -- Added test 'cpplint' to check C / C++ code against the Google style
[1.372s] -- Configured cpplint exclude dirs and/or files: 
[1.374s] -- Added test 'lint_cmake' to check CMake code style
[1.376s] -- Added test 'uncrustify' to check C / C++ code style
[1.376s] -- Configured uncrustify additional arguments: 
[1.377s] -- Added test 'xmllint' to check XML markup files
[1.382s] -- Configuring done
[1.408s] -- Generating done
[1.412s] -- Build files have been written to: /home/rastic-smartcity/ros2_ws/build/examples_rclcpp_minimal_publisher
[1.436s] Invoked command in '/home/rastic-smartcity/ros2_ws/build/examples_rclcpp_minimal_publisher' returned '0': CMAKE_PREFIX_PATH=${CMAKE_PREFIX_PATH}:/home/rastic-smartcity/ros2_ws/install/turtle_demo_controller:/home/rastic-smartcity/ros2_ws/install/Rastic_seminar_Python:/home/rastic-smartcity/ros2_ws/install/Rastic_seminar_python:/opt/ros/foxy /usr/bin/cmake /home/rastic-smartcity/ros2_ws/src/examples/rclcpp/topics/minimal_publisher -DCMAKE_INSTALL_PREFIX=/home/rastic-smartcity/ros2_ws/install/examples_rclcpp_minimal_publisher
[1.438s] Invoking command in '/home/rastic-smartcity/ros2_ws/build/examples_rclcpp_minimal_publisher': CMAKE_PREFIX_PATH=${CMAKE_PREFIX_PATH}:/home/rastic-smartcity/ros2_ws/install/turtle_demo_controller:/home/rastic-smartcity/ros2_ws/install/Rastic_seminar_Python:/home/rastic-smartcity/ros2_ws/install/Rastic_seminar_python:/opt/ros/foxy /usr/bin/cmake --build /home/rastic-smartcity/ros2_ws/build/examples_rclcpp_minimal_publisher -- -j12 -l12
[1.667s] [ 33%] Built target publisher_lambda
[1.670s] [ 66%] Built target publisher_not_composable
[1.698s] [100%] Built target publisher_member_function
[1.734s] Invoked command in '/home/rastic-smartcity/ros2_ws/build/examples_rclcpp_minimal_publisher' returned '0': CMAKE_PREFIX_PATH=${CMAKE_PREFIX_PATH}:/home/rastic-smartcity/ros2_ws/install/turtle_demo_controller:/home/rastic-smartcity/ros2_ws/install/Rastic_seminar_Python:/home/rastic-smartcity/ros2_ws/install/Rastic_seminar_python:/opt/ros/foxy /usr/bin/cmake --build /home/rastic-smartcity/ros2_ws/build/examples_rclcpp_minimal_publisher -- -j12 -l12
[1.882s] Invoking command in '/home/rastic-smartcity/ros2_ws/build/examples_rclcpp_minimal_publisher': CMAKE_PREFIX_PATH=${CMAKE_PREFIX_PATH}:/home/rastic-smartcity/ros2_ws/install/turtle_demo_controller:/home/rastic-smartcity/ros2_ws/install/Rastic_seminar_Python:/home/rastic-smartcity/ros2_ws/install/Rastic_seminar_python:/opt/ros/foxy /usr/bin/cmake --install /home/rastic-smartcity/ros2_ws/build/examples_rclcpp_minimal_publisher
[1.889s] -- Install configuration: ""
[1.889s] -- Execute custom install script
[1.889s] -- Up-to-date symlink: /home/rastic-smartcity/ros2_ws/install/examples_rclcpp_minimal_publisher/lib/examples_rclcpp_minimal_publisher/publisher_lambda
[1.890s] -- Up-to-date symlink: /home/rastic-smartcity/ros2_ws/install/examples_rclcpp_minimal_publisher/lib/examples_rclcpp_minimal_publisher/publisher_member_function
[1.890s] -- Up-to-date symlink: /home/rastic-smartcity/ros2_ws/install/examples_rclcpp_minimal_publisher/lib/examples_rclcpp_minimal_publisher/publisher_not_composable
[1.890s] -- Up-to-date symlink: /home/rastic-smartcity/ros2_ws/install/examples_rclcpp_minimal_publisher/share/ament_index/resource_index/package_run_dependencies/examples_rclcpp_minimal_publisher
[1.891s] -- Up-to-date symlink: /home/rastic-smartcity/ros2_ws/install/examples_rclcpp_minimal_publisher/share/ament_index/resource_index/parent_prefix_path/examples_rclcpp_minimal_publisher
[1.891s] -- Up-to-date symlink: /home/rastic-smartcity/ros2_ws/install/examples_rclcpp_minimal_publisher/share/examples_rclcpp_minimal_publisher/environment/ament_prefix_path.sh
[1.892s] -- Up-to-date symlink: /home/rastic-smartcity/ros2_ws/install/examples_rclcpp_minimal_publisher/share/examples_rclcpp_minimal_publisher/environment/ament_prefix_path.dsv
[1.893s] -- Up-to-date symlink: /home/rastic-smartcity/ros2_ws/install/examples_rclcpp_minimal_publisher/share/examples_rclcpp_minimal_publisher/environment/path.sh
[1.893s] -- Up-to-date symlink: /home/rastic-smartcity/ros2_ws/install/examples_rclcpp_minimal_publisher/share/examples_rclcpp_minimal_publisher/environment/path.dsv
[1.893s] -- Up-to-date symlink: /home/rastic-smartcity/ros2_ws/install/examples_rclcpp_minimal_publisher/share/examples_rclcpp_minimal_publisher/local_setup.bash
[1.894s] -- Up-to-date symlink: /home/rastic-smartcity/ros2_ws/install/examples_rclcpp_minimal_publisher/share/examples_rclcpp_minimal_publisher/local_setup.sh
[1.894s] -- Up-to-date symlink: /home/rastic-smartcity/ros2_ws/install/examples_rclcpp_minimal_publisher/share/examples_rclcpp_minimal_publisher/local_setup.zsh
[1.895s] -- Up-to-date symlink: /home/rastic-smartcity/ros2_ws/install/examples_rclcpp_minimal_publisher/share/examples_rclcpp_minimal_publisher/local_setup.dsv
[1.895s] -- Symlinking: /home/rastic-smartcity/ros2_ws/install/examples_rclcpp_minimal_publisher/share/examples_rclcpp_minimal_publisher/package.dsv
[1.914s] -- Up-to-date symlink: /home/rastic-smartcity/ros2_ws/install/examples_rclcpp_minimal_publisher/share/ament_index/resource_index/packages/examples_rclcpp_minimal_publisher
[1.914s] -- Up-to-date symlink: /home/rastic-smartcity/ros2_ws/install/examples_rclcpp_minimal_publisher/share/examples_rclcpp_minimal_publisher/cmake/examples_rclcpp_minimal_publisherConfig.cmake
[1.915s] -- Up-to-date symlink: /home/rastic-smartcity/ros2_ws/install/examples_rclcpp_minimal_publisher/share/examples_rclcpp_minimal_publisher/cmake/examples_rclcpp_minimal_publisherConfig-version.cmake
[1.915s] -- Up-to-date symlink: /home/rastic-smartcity/ros2_ws/install/examples_rclcpp_minimal_publisher/share/examples_rclcpp_minimal_publisher/package.xml
[1.962s] Invoked command in '/home/rastic-smartcity/ros2_ws/build/examples_rclcpp_minimal_publisher' returned '0': CMAKE_PREFIX_PATH=${CMAKE_PREFIX_PATH}:/home/rastic-smartcity/ros2_ws/install/turtle_demo_controller:/home/rastic-smartcity/ros2_ws/install/Rastic_seminar_Python:/home/rastic-smartcity/ros2_ws/install/Rastic_seminar_python:/opt/ros/foxy /usr/bin/cmake --install /home/rastic-smartcity/ros2_ws/build/examples_rclcpp_minimal_publisher
