[1.984s] Invoking command in '/home/rastic-smartcity/ros2_ws/build/examples_rclpy_minimal_action_client': PYTHONPATH=/home/rastic-smartcity/ros2_ws/build/examples_rclpy_minimal_action_client/prefix_override:/usr/lib/python3/dist-packages/colcon_core/task/python/colcon_distutils_commands:/home/rastic-smartcity/ros2_ws/install/examples_rclpy_minimal_action_client/lib/python3.8/site-packages:${PYTHONPATH} /usr/bin/python3 -W ignore:setup.py install is deprecated setup.py develop --uninstall --editable --build-directory /home/rastic-smartcity/ros2_ws/build/examples_rclpy_minimal_action_client/build
[2.338s] running develop
[2.593s] Removing /home/rastic-smartcity/ros2_ws/install/examples_rclpy_minimal_action_client/lib/python3.8/site-packages/examples-rclpy-minimal-action-client.egg-link (link to .)
[2.854s] Invoked command in '/home/rastic-smartcity/ros2_ws/build/examples_rclpy_minimal_action_client' returned '0': PYTHONPATH=/home/rastic-smartcity/ros2_ws/build/examples_rclpy_minimal_action_client/prefix_override:/usr/lib/python3/dist-packages/colcon_core/task/python/colcon_distutils_commands:/home/rastic-smartcity/ros2_ws/install/examples_rclpy_minimal_action_client/lib/python3.8/site-packages:${PYTHONPATH} /usr/bin/python3 -W ignore:setup.py install is deprecated setup.py develop --uninstall --editable --build-directory /home/rastic-smartcity/ros2_ws/build/examples_rclpy_minimal_action_client/build
[2.858s] Invoking command in '/home/rastic-smartcity/ros2_ws/src/examples/rclpy/actions/minimal_action_client': PYTHONPATH=/home/rastic-smartcity/ros2_ws/build/examples_rclpy_minimal_action_client/prefix_override:/usr/lib/python3/dist-packages/colcon_core/task/python/colcon_distutils_commands:/home/rastic-smartcity/ros2_ws/install/examples_rclpy_minimal_action_client/lib/python3.8/site-packages:${PYTHONPATH} /usr/bin/python3 -W ignore:setup.py install is deprecated setup.py egg_info --egg-base ../../../../../build/examples_rclpy_minimal_action_client build --build-base /home/rastic-smartcity/ros2_ws/build/examples_rclpy_minimal_action_client/build install --record /home/rastic-smartcity/ros2_ws/build/examples_rclpy_minimal_action_client/install.log --install-scripts $base/lib/examples_rclpy_minimal_action_client --single-version-externally-managed install_data --force
[3.409s] running egg_info
[3.410s] writing ../../../../../build/examples_rclpy_minimal_action_client/examples_rclpy_minimal_action_client.egg-info/PKG-INFO
[3.411s] writing dependency_links to ../../../../../build/examples_rclpy_minimal_action_client/examples_rclpy_minimal_action_client.egg-info/dependency_links.txt
[3.411s] writing entry points to ../../../../../build/examples_rclpy_minimal_action_client/examples_rclpy_minimal_action_client.egg-info/entry_points.txt
[3.411s] writing requirements to ../../../../../build/examples_rclpy_minimal_action_client/examples_rclpy_minimal_action_client.egg-info/requires.txt
[3.412s] writing top-level names to ../../../../../build/examples_rclpy_minimal_action_client/examples_rclpy_minimal_action_client.egg-info/top_level.txt
[3.480s] reading manifest file '../../../../../build/examples_rclpy_minimal_action_client/examples_rclpy_minimal_action_client.egg-info/SOURCES.txt'
[3.481s] writing manifest file '../../../../../build/examples_rclpy_minimal_action_client/examples_rclpy_minimal_action_client.egg-info/SOURCES.txt'
[3.482s] running build
[3.482s] running build_py
[3.482s] creating /home/rastic-smartcity/ros2_ws/build/examples_rclpy_minimal_action_client/build
[3.482s] creating /home/rastic-smartcity/ros2_ws/build/examples_rclpy_minimal_action_client/build/lib
[3.482s] creating /home/rastic-smartcity/ros2_ws/build/examples_rclpy_minimal_action_client/build/lib/examples_rclpy_minimal_action_client
[3.483s] copying examples_rclpy_minimal_action_client/client.py -> /home/rastic-smartcity/ros2_ws/build/examples_rclpy_minimal_action_client/build/lib/examples_rclpy_minimal_action_client
[3.483s] copying examples_rclpy_minimal_action_client/client_cancel.py -> /home/rastic-smartcity/ros2_ws/build/examples_rclpy_minimal_action_client/build/lib/examples_rclpy_minimal_action_client
[3.483s] copying examples_rclpy_minimal_action_client/client_not_composable.py -> /home/rastic-smartcity/ros2_ws/build/examples_rclpy_minimal_action_client/build/lib/examples_rclpy_minimal_action_client
[3.484s] copying examples_rclpy_minimal_action_client/__init__.py -> /home/rastic-smartcity/ros2_ws/build/examples_rclpy_minimal_action_client/build/lib/examples_rclpy_minimal_action_client
[3.484s] running install
[3.485s] running install_lib
[3.487s] creating /home/rastic-smartcity/ros2_ws/install/examples_rclpy_minimal_action_client/lib/python3.8/site-packages/examples_rclpy_minimal_action_client
[3.487s] copying /home/rastic-smartcity/ros2_ws/build/examples_rclpy_minimal_action_client/build/lib/examples_rclpy_minimal_action_client/client.py -> /home/rastic-smartcity/ros2_ws/install/examples_rclpy_minimal_action_client/lib/python3.8/site-packages/examples_rclpy_minimal_action_client
[3.488s] copying /home/rastic-smartcity/ros2_ws/build/examples_rclpy_minimal_action_client/build/lib/examples_rclpy_minimal_action_client/client_cancel.py -> /home/rastic-smartcity/ros2_ws/install/examples_rclpy_minimal_action_client/lib/python3.8/site-packages/examples_rclpy_minimal_action_client
[3.488s] copying /home/rastic-smartcity/ros2_ws/build/examples_rclpy_minimal_action_client/build/lib/examples_rclpy_minimal_action_client/client_not_composable.py -> /home/rastic-smartcity/ros2_ws/install/examples_rclpy_minimal_action_client/lib/python3.8/site-packages/examples_rclpy_minimal_action_client
[3.488s] copying /home/rastic-smartcity/ros2_ws/build/examples_rclpy_minimal_action_client/build/lib/examples_rclpy_minimal_action_client/__init__.py -> /home/rastic-smartcity/ros2_ws/install/examples_rclpy_minimal_action_client/lib/python3.8/site-packages/examples_rclpy_minimal_action_client
[3.489s] byte-compiling /home/rastic-smartcity/ros2_ws/install/examples_rclpy_minimal_action_client/lib/python3.8/site-packages/examples_rclpy_minimal_action_client/client.py to client.cpython-38.pyc
[3.492s] byte-compiling /home/rastic-smartcity/ros2_ws/install/examples_rclpy_minimal_action_client/lib/python3.8/site-packages/examples_rclpy_minimal_action_client/client_cancel.py to client_cancel.cpython-38.pyc
[3.493s] byte-compiling /home/rastic-smartcity/ros2_ws/install/examples_rclpy_minimal_action_client/lib/python3.8/site-packages/examples_rclpy_minimal_action_client/client_not_composable.py to client_not_composable.cpython-38.pyc
[3.494s] byte-compiling /home/rastic-smartcity/ros2_ws/install/examples_rclpy_minimal_action_client/lib/python3.8/site-packages/examples_rclpy_minimal_action_client/__init__.py to __init__.cpython-38.pyc
[3.494s] running install_data
[3.495s] copying resource/examples_rclpy_minimal_action_client -> /home/rastic-smartcity/ros2_ws/install/examples_rclpy_minimal_action_client/share/ament_index/resource_index/packages
[3.495s] copying package.xml -> /home/rastic-smartcity/ros2_ws/install/examples_rclpy_minimal_action_client/share/examples_rclpy_minimal_action_client
[3.495s] running install_egg_info
[3.498s] Copying ../../../../../build/examples_rclpy_minimal_action_client/examples_rclpy_minimal_action_client.egg-info to /home/rastic-smartcity/ros2_ws/install/examples_rclpy_minimal_action_client/lib/python3.8/site-packages/examples_rclpy_minimal_action_client-0.9.4-py3.8.egg-info
[3.500s] running install_scripts
[3.533s] Installing client script to /home/rastic-smartcity/ros2_ws/install/examples_rclpy_minimal_action_client/lib/examples_rclpy_minimal_action_client
[3.533s] Installing client_cancel script to /home/rastic-smartcity/ros2_ws/install/examples_rclpy_minimal_action_client/lib/examples_rclpy_minimal_action_client
[3.533s] Installing client_not_composable script to /home/rastic-smartcity/ros2_ws/install/examples_rclpy_minimal_action_client/lib/examples_rclpy_minimal_action_client
[3.534s] writing list of installed files to '/home/rastic-smartcity/ros2_ws/build/examples_rclpy_minimal_action_client/install.log'
[4.250s] Invoked command in '/home/rastic-smartcity/ros2_ws/src/examples/rclpy/actions/minimal_action_client' returned '0': PYTHONPATH=/home/rastic-smartcity/ros2_ws/build/examples_rclpy_minimal_action_client/prefix_override:/usr/lib/python3/dist-packages/colcon_core/task/python/colcon_distutils_commands:/home/rastic-smartcity/ros2_ws/install/examples_rclpy_minimal_action_client/lib/python3.8/site-packages:${PYTHONPATH} /usr/bin/python3 -W ignore:setup.py install is deprecated setup.py egg_info --egg-base ../../../../../build/examples_rclpy_minimal_action_client build --build-base /home/rastic-smartcity/ros2_ws/build/examples_rclpy_minimal_action_client/build install --record /home/rastic-smartcity/ros2_ws/build/examples_rclpy_minimal_action_client/install.log --install-scripts $base/lib/examples_rclpy_minimal_action_client --single-version-externally-managed install_data --force
