[0.012s] Invoking command in '/home/rastic-smartcity/ros2_ws/build/turtlesim': CMAKE_PREFIX_PATH=/opt/ros/foxy /usr/bin/cmake /home/rastic-smartcity/ros2_ws/src/ros_tutorials/turtlesim -DAMENT_CMAKE_SYMLINK_INSTALL=1 -DCMAKE_INSTALL_PREFIX=/home/rastic-smartcity/ros2_ws/install/turtlesim
[0.069s] -- The C compiler identification is GNU 9.4.0
[0.133s] -- The CXX compiler identification is GNU 9.4.0
[0.140s] -- Check for working C compiler: /usr/bin/cc
[0.219s] -- Check for working C compiler: /usr/bin/cc -- works
[0.220s] -- Detecting C compiler ABI info
[0.293s] -- Detecting C compiler ABI info - done
[0.307s] -- Detecting C compile features
[0.307s] -- Detecting C compile features - done
[0.310s] -- Check for working CXX compiler: /usr/bin/c++
[0.399s] -- Check for working CXX compiler: /usr/bin/c++ -- works
[0.400s] -- Detecting CXX compiler ABI info
[0.492s] -- Detecting CXX compiler ABI info - done
[0.509s] -- Detecting CXX compile features
[0.510s] -- Detecting CXX compile features - done
[0.513s] -- Found ament_cmake: 0.9.12 (/opt/ros/foxy/share/ament_cmake/cmake)
[0.544s] -- Found PythonInterp: /usr/bin/python3 (found suitable version "3.8.10", minimum required is "3") 
[0.544s] -- Using PYTHON_EXECUTABLE: /usr/bin/python3
[0.722s] -- Override CMake install command with custom implementation using symlinks instead of copying resources
[0.747s] -- Found ament_index_cpp: 1.1.0 (/opt/ros/foxy/share/ament_index_cpp/cmake)
[0.751s] -- Found geometry_msgs: 2.0.5 (/opt/ros/foxy/share/geometry_msgs/cmake)
[0.783s] -- Using all available rosidl_typesupport_c: rosidl_typesupport_fastrtps_c;rosidl_typesupport_introspection_c
[0.789s] -- Found rosidl_adapter: 1.3.1 (/opt/ros/foxy/share/rosidl_adapter/cmake)
[0.875s] -- Found OpenSSL: /usr/lib/x86_64-linux-gnu/libcrypto.so (found version "1.1.1f")  
[0.907s] -- Found FastRTPS: /opt/ros/foxy/include  
[0.992s] -- Using all available rosidl_typesupport_cpp: rosidl_typesupport_fastrtps_cpp;rosidl_typesupport_introspection_cpp
[1.108s] -- Found rclcpp: 2.4.3 (/opt/ros/foxy/share/rclcpp/cmake)
[1.156s] -- Found rmw_implementation_cmake: 1.0.4 (/opt/ros/foxy/share/rmw_implementation_cmake/cmake)
[1.158s] -- Using RMW implementation 'rmw_fastrtps_cpp' as default
[1.159s] -- Looking for pthread.h
[1.238s] -- Looking for pthread.h - found
[1.238s] -- Performing Test CMAKE_HAVE_LIBC_PTHREAD
[1.326s] -- Performing Test CMAKE_HAVE_LIBC_PTHREAD - Failed
[1.326s] -- Looking for pthread_create in pthreads
[1.392s] -- Looking for pthread_create in pthreads - not found
[1.392s] -- Looking for pthread_create in pthread
[1.473s] -- Looking for pthread_create in pthread - found
[1.475s] -- Found Threads: TRUE  
[1.637s] -- Found rclcpp_action: 2.4.3 (/opt/ros/foxy/share/rclcpp_action/cmake)
[1.728s] -- Found rosidl_default_generators: 1.0.1 (/opt/ros/foxy/share/rosidl_default_generators/cmake)
[1.745s] -- Found std_srvs: 2.0.5 (/opt/ros/foxy/share/std_srvs/cmake)
[1.786s] -- Found PythonInterp: /usr/bin/python3 (found version "3.8.10") 
[1.990s] -- Found ament_cmake_ros: 0.9.2 (/opt/ros/foxy/share/ament_cmake_ros/cmake)
[2.154s] -- Using all available rosidl_typesupport_c: rosidl_typesupport_fastrtps_c;rosidl_typesupport_introspection_c
[2.184s] -- Using all available rosidl_typesupport_cpp: rosidl_typesupport_fastrtps_cpp;rosidl_typesupport_introspection_cpp
[2.215s] -- Found PythonInterp: /usr/bin/python3 (found suitable version "3.8.10", minimum required is "3.5") 
[2.217s] -- Found python_cmake_module: 0.8.1 (/opt/ros/foxy/share/python_cmake_module/cmake)
[2.251s] -- Found PythonLibs: /usr/lib/x86_64-linux-gnu/libpython3.8.so (found suitable version "3.8.10", minimum required is "3.5") 
[2.251s] -- Using PYTHON_EXECUTABLE: /usr/bin/python3
[2.251s] -- Using PYTHON_INCLUDE_DIRS: /usr/include/python3.8
[2.251s] -- Using PYTHON_LIBRARIES: /usr/lib/x86_64-linux-gnu/libpython3.8.so
[2.277s] -- Found PythonExtra: .so  
[2.367s] -- Configuring done
[2.457s] -- Generating done
[2.460s] -- Build files have been written to: /home/rastic-smartcity/ros2_ws/build/turtlesim
[2.473s] Invoked command in '/home/rastic-smartcity/ros2_ws/build/turtlesim' returned '0': CMAKE_PREFIX_PATH=/opt/ros/foxy /usr/bin/cmake /home/rastic-smartcity/ros2_ws/src/ros_tutorials/turtlesim -DAMENT_CMAKE_SYMLINK_INSTALL=1 -DCMAKE_INSTALL_PREFIX=/home/rastic-smartcity/ros2_ws/install/turtlesim
[2.474s] Invoking command in '/home/rastic-smartcity/ros2_ws/build/turtlesim': CMAKE_PREFIX_PATH=/opt/ros/foxy /usr/bin/cmake --build /home/rastic-smartcity/ros2_ws/build/turtlesim -- -j12 -l12
[2.523s] [35m[1mScanning dependencies of target turtlesim__cpp[0m
[2.523s] [  1%] [34m[1mGenerating C code for ROS interfaces[0m
[2.536s] [  2%] [34m[1mGenerating C++ code for ROS interfaces[0m
[3.353s] [  2%] Built target turtlesim__cpp
[3.368s] [  3%] [34m[1mGenerating C++ type support dispatch for ROS interfaces[0m
[3.376s] [  4%] [34m[1mGenerating C++ introspection for ROS interfaces[0m
[3.376s] [  5%] [34m[1mGenerating C++ type support for eProsima Fast-RTPS[0m
[3.411s] [35m[1mScanning dependencies of target turtlesim__rosidl_generator_c[0m
[3.432s] [  6%] [32mBuilding C object CMakeFiles/turtlesim__rosidl_generator_c.dir/rosidl_generator_c/turtlesim/action/detail/rotate_absolute__functions.c.o[0m
[3.437s] [  7%] [32mBuilding C object CMakeFiles/turtlesim__rosidl_generator_c.dir/rosidl_generator_c/turtlesim/msg/detail/color__functions.c.o[0m
[3.438s] [ 11%] [32mBuilding C object CMakeFiles/turtlesim__rosidl_generator_c.dir/rosidl_generator_c/turtlesim/msg/detail/pose__functions.c.o[0m
[3.438s] [ 11%] [32mBuilding C object CMakeFiles/turtlesim__rosidl_generator_c.dir/rosidl_generator_c/turtlesim/srv/detail/set_pen__functions.c.o[0m
[3.438s] [ 11%] [32mBuilding C object CMakeFiles/turtlesim__rosidl_generator_c.dir/rosidl_generator_c/turtlesim/srv/detail/teleport_absolute__functions.c.o[0m
[3.438s] [ 11%] [32mBuilding C object CMakeFiles/turtlesim__rosidl_generator_c.dir/rosidl_generator_c/turtlesim/srv/detail/kill__functions.c.o[0m
[3.442s] [ 12%] [32mBuilding C object CMakeFiles/turtlesim__rosidl_generator_c.dir/rosidl_generator_c/turtlesim/srv/detail/teleport_relative__functions.c.o[0m
[3.454s] [ 13%] [32mBuilding C object CMakeFiles/turtlesim__rosidl_generator_c.dir/rosidl_generator_c/turtlesim/srv/detail/spawn__functions.c.o[0m
[3.667s] [ 14%] [32m[1mLinking C shared library libturtlesim__rosidl_generator_c.so[0m
[3.733s] [ 14%] Built target turtlesim__rosidl_generator_c
[3.752s] [ 15%] [34m[1mGenerating C type support dispatch for ROS interfaces[0m
[3.753s] [ 16%] [34m[1mGenerating C introspection for ROS interfaces[0m
[3.951s] [35m[1mScanning dependencies of target turtlesim__rosidl_typesupport_cpp[0m
[3.984s] [ 17%] [32mBuilding CXX object CMakeFiles/turtlesim__rosidl_typesupport_cpp.dir/rosidl_typesupport_cpp/turtlesim/action/rotate_absolute__type_support.cpp.o[0m
[3.987s] [ 18%] [32mBuilding CXX object CMakeFiles/turtlesim__rosidl_typesupport_cpp.dir/rosidl_typesupport_cpp/turtlesim/msg/color__type_support.cpp.o[0m
[3.996s] [ 19%] [32mBuilding CXX object CMakeFiles/turtlesim__rosidl_typesupport_cpp.dir/rosidl_typesupport_cpp/turtlesim/msg/pose__type_support.cpp.o[0m
[3.996s] [35m[1mScanning dependencies of target turtlesim__rosidl_typesupport_introspection_cpp[0m
[3.997s] [ 20%] [32mBuilding CXX object CMakeFiles/turtlesim__rosidl_typesupport_cpp.dir/rosidl_typesupport_cpp/turtlesim/srv/set_pen__type_support.cpp.o[0m
[3.997s] [ 21%] [32mBuilding CXX object CMakeFiles/turtlesim__rosidl_typesupport_cpp.dir/rosidl_typesupport_cpp/turtlesim/srv/spawn__type_support.cpp.o[0m
[3.998s] [ 23%] [32mBuilding CXX object CMakeFiles/turtlesim__rosidl_typesupport_cpp.dir/rosidl_typesupport_cpp/turtlesim/srv/teleport_absolute__type_support.cpp.o[0m
[3.998s] [ 23%] [32mBuilding CXX object CMakeFiles/turtlesim__rosidl_typesupport_cpp.dir/rosidl_typesupport_cpp/turtlesim/srv/kill__type_support.cpp.o[0m
[3.998s] [ 24%] [32mBuilding CXX object CMakeFiles/turtlesim__rosidl_typesupport_cpp.dir/rosidl_typesupport_cpp/turtlesim/srv/teleport_relative__type_support.cpp.o[0m
[4.035s] [ 25%] [32mBuilding CXX object CMakeFiles/turtlesim__rosidl_typesupport_introspection_cpp.dir/rosidl_typesupport_introspection_cpp/turtlesim/action/detail/rotate_absolute__type_support.cpp.o[0m
[4.412s] [ 26%] [32mBuilding CXX object CMakeFiles/turtlesim__rosidl_typesupport_introspection_cpp.dir/rosidl_typesupport_introspection_cpp/turtlesim/msg/detail/color__type_support.cpp.o[0m
[4.455s] [ 27%] [32mBuilding CXX object CMakeFiles/turtlesim__rosidl_typesupport_introspection_cpp.dir/rosidl_typesupport_introspection_cpp/turtlesim/msg/detail/pose__type_support.cpp.o[0m
[4.528s] [ 28%] [32mBuilding CXX object CMakeFiles/turtlesim__rosidl_typesupport_introspection_cpp.dir/rosidl_typesupport_introspection_cpp/turtlesim/srv/detail/kill__type_support.cpp.o[0m
[4.543s] [ 29%] [32mBuilding CXX object CMakeFiles/turtlesim__rosidl_typesupport_introspection_cpp.dir/rosidl_typesupport_introspection_cpp/turtlesim/srv/detail/set_pen__type_support.cpp.o[0m
[4.552s] [ 30%] [32mBuilding CXX object CMakeFiles/turtlesim__rosidl_typesupport_introspection_cpp.dir/rosidl_typesupport_introspection_cpp/turtlesim/srv/detail/spawn__type_support.cpp.o[0m
[4.559s] [ 32%] [32mBuilding CXX object CMakeFiles/turtlesim__rosidl_typesupport_introspection_cpp.dir/rosidl_typesupport_introspection_cpp/turtlesim/srv/detail/teleport_absolute__type_support.cpp.o[0m
[4.559s] [ 32%] [32mBuilding CXX object CMakeFiles/turtlesim__rosidl_typesupport_introspection_cpp.dir/rosidl_typesupport_introspection_cpp/turtlesim/srv/detail/teleport_relative__type_support.cpp.o[0m
[4.697s] [35m[1mScanning dependencies of target turtlesim__rosidl_typesupport_c[0m
[4.708s] [ 33%] [32m[1mLinking CXX shared library libturtlesim__rosidl_typesupport_cpp.so[0m
[4.733s] [ 34%] [32mBuilding CXX object CMakeFiles/turtlesim__rosidl_typesupport_c.dir/rosidl_typesupport_c/turtlesim/action/rotate_absolute__type_support.cpp.o[0m
[4.792s] [ 34%] Built target turtlesim__rosidl_typesupport_cpp
[4.808s] [ 35%] [32mBuilding CXX object CMakeFiles/turtlesim__rosidl_typesupport_c.dir/rosidl_typesupport_c/turtlesim/msg/color__type_support.cpp.o[0m
[4.826s] [ 36%] [32mBuilding CXX object CMakeFiles/turtlesim__rosidl_typesupport_c.dir/rosidl_typesupport_c/turtlesim/msg/pose__type_support.cpp.o[0m
[4.842s] [35m[1mScanning dependencies of target turtlesim__rosidl_typesupport_fastrtps_cpp[0m
[4.845s] [ 37%] [32mBuilding CXX object CMakeFiles/turtlesim__rosidl_typesupport_c.dir/rosidl_typesupport_c/turtlesim/srv/kill__type_support.cpp.o[0m
[4.869s] [ 38%] [32mBuilding CXX object CMakeFiles/turtlesim__rosidl_typesupport_c.dir/rosidl_typesupport_c/turtlesim/srv/set_pen__type_support.cpp.o[0m
[4.902s] [ 39%] [32mBuilding CXX object CMakeFiles/turtlesim__rosidl_typesupport_c.dir/rosidl_typesupport_c/turtlesim/srv/spawn__type_support.cpp.o[0m
[4.905s] [ 41%] [32mBuilding CXX object CMakeFiles/turtlesim__rosidl_typesupport_c.dir/rosidl_typesupport_c/turtlesim/srv/teleport_absolute__type_support.cpp.o[0m
[4.906s] [ 40%] [32mBuilding CXX object CMakeFiles/turtlesim__rosidl_typesupport_c.dir/rosidl_typesupport_c/turtlesim/srv/teleport_relative__type_support.cpp.o[0m
[4.939s] [ 42%] [32mBuilding CXX object CMakeFiles/turtlesim__rosidl_typesupport_fastrtps_cpp.dir/rosidl_typesupport_fastrtps_cpp/turtlesim/action/detail/dds_fastrtps/rotate_absolute__type_support.cpp.o[0m
[4.945s] [ 43%] [32mBuilding CXX object CMakeFiles/turtlesim__rosidl_typesupport_fastrtps_cpp.dir/rosidl_typesupport_fastrtps_cpp/turtlesim/msg/detail/dds_fastrtps/color__type_support.cpp.o[0m
[4.948s] [ 44%] [32mBuilding CXX object CMakeFiles/turtlesim__rosidl_typesupport_fastrtps_cpp.dir/rosidl_typesupport_fastrtps_cpp/turtlesim/msg/detail/dds_fastrtps/pose__type_support.cpp.o[0m
[4.955s] [ 45%] [32mBuilding CXX object CMakeFiles/turtlesim__rosidl_typesupport_fastrtps_cpp.dir/rosidl_typesupport_fastrtps_cpp/turtlesim/srv/detail/dds_fastrtps/kill__type_support.cpp.o[0m
[4.955s] [ 46%] [32mBuilding CXX object CMakeFiles/turtlesim__rosidl_typesupport_fastrtps_cpp.dir/rosidl_typesupport_fastrtps_cpp/turtlesim/srv/detail/dds_fastrtps/set_pen__type_support.cpp.o[0m
[4.965s] [ 47%] [32mBuilding CXX object CMakeFiles/turtlesim__rosidl_typesupport_fastrtps_cpp.dir/rosidl_typesupport_fastrtps_cpp/turtlesim/srv/detail/dds_fastrtps/spawn__type_support.cpp.o[0m
[4.981s] [ 48%] [32m[1mLinking CXX shared library libturtlesim__rosidl_typesupport_c.so[0m
[5.035s] [ 49%] [32mBuilding CXX object CMakeFiles/turtlesim__rosidl_typesupport_fastrtps_cpp.dir/rosidl_typesupport_fastrtps_cpp/turtlesim/srv/detail/dds_fastrtps/teleport_absolute__type_support.cpp.o[0m
[5.056s] [ 49%] Built target turtlesim__rosidl_typesupport_c
[5.077s] [ 50%] [32mBuilding CXX object CMakeFiles/turtlesim__rosidl_typesupport_fastrtps_cpp.dir/rosidl_typesupport_fastrtps_cpp/turtlesim/srv/detail/dds_fastrtps/teleport_relative__type_support.cpp.o[0m
[5.183s] [ 51%] [32m[1mLinking CXX shared library libturtlesim__rosidl_typesupport_introspection_cpp.so[0m
[5.332s] [ 51%] Built target turtlesim__rosidl_typesupport_introspection_cpp
[5.334s] [35m[1mScanning dependencies of target turtlesim__rosidl_typesupport_introspection_c[0m
[5.369s] [ 53%] [32mBuilding C object CMakeFiles/turtlesim__rosidl_typesupport_introspection_c.dir/rosidl_typesupport_introspection_c/turtlesim/msg/detail/color__type_support.c.o[0m
[5.369s] [ 53%] [32mBuilding C object CMakeFiles/turtlesim__rosidl_typesupport_introspection_c.dir/rosidl_typesupport_introspection_c/turtlesim/msg/detail/pose__type_support.c.o[0m
[5.372s] [ 54%] [32mBuilding C object CMakeFiles/turtlesim__rosidl_typesupport_introspection_c.dir/rosidl_typesupport_introspection_c/turtlesim/srv/detail/kill__type_support.c.o[0m
[5.372s] [ 55%] [32mBuilding C object CMakeFiles/turtlesim__rosidl_typesupport_introspection_c.dir/rosidl_typesupport_introspection_c/turtlesim/action/detail/rotate_absolute__type_support.c.o[0m
[5.445s] [ 56%] [32mBuilding C object CMakeFiles/turtlesim__rosidl_typesupport_introspection_c.dir/rosidl_typesupport_introspection_c/turtlesim/srv/detail/spawn__type_support.c.o[0m
[5.447s] [ 57%] [32mBuilding C object CMakeFiles/turtlesim__rosidl_typesupport_introspection_c.dir/rosidl_typesupport_introspection_c/turtlesim/srv/detail/set_pen__type_support.c.o[0m
[5.460s] [ 58%] [32mBuilding C object CMakeFiles/turtlesim__rosidl_typesupport_introspection_c.dir/rosidl_typesupport_introspection_c/turtlesim/srv/detail/teleport_absolute__type_support.c.o[0m
[5.508s] [ 59%] [32mBuilding C object CMakeFiles/turtlesim__rosidl_typesupport_introspection_c.dir/rosidl_typesupport_introspection_c/turtlesim/srv/detail/teleport_relative__type_support.c.o[0m
[5.555s] [ 60%] [32m[1mLinking C shared library libturtlesim__rosidl_typesupport_introspection_c.so[0m
[5.596s] [ 60%] Built target turtlesim__rosidl_typesupport_introspection_c
[5.842s] [ 61%] [32m[1mLinking CXX shared library libturtlesim__rosidl_typesupport_fastrtps_cpp.so[0m
[5.935s] [ 61%] Built target turtlesim__rosidl_typesupport_fastrtps_cpp
[5.947s] [ 62%] [34m[1mGenerating C type support for eProsima Fast-RTPS[0m
[6.650s] [35m[1mScanning dependencies of target turtlesim__rosidl_typesupport_fastrtps_c[0m
[6.683s] [ 63%] [32mBuilding CXX object CMakeFiles/turtlesim__rosidl_typesupport_fastrtps_c.dir/rosidl_typesupport_fastrtps_c/turtlesim/action/detail/rotate_absolute__type_support_c.cpp.o[0m
[6.684s] [ 64%] [32mBuilding CXX object CMakeFiles/turtlesim__rosidl_typesupport_fastrtps_c.dir/rosidl_typesupport_fastrtps_c/turtlesim/srv/detail/kill__type_support_c.cpp.o[0m
[6.688s] [ 65%] [32mBuilding CXX object CMakeFiles/turtlesim__rosidl_typesupport_fastrtps_c.dir/rosidl_typesupport_fastrtps_c/turtlesim/srv/detail/set_pen__type_support_c.cpp.o[0m
[6.689s] [ 67%] [32mBuilding CXX object CMakeFiles/turtlesim__rosidl_typesupport_fastrtps_c.dir/rosidl_typesupport_fastrtps_c/turtlesim/msg/detail/color__type_support_c.cpp.o[0m
[6.689s] [ 67%] [32mBuilding CXX object CMakeFiles/turtlesim__rosidl_typesupport_fastrtps_c.dir/rosidl_typesupport_fastrtps_c/turtlesim/msg/detail/pose__type_support_c.cpp.o[0m
[6.690s] [ 68%] [32mBuilding CXX object CMakeFiles/turtlesim__rosidl_typesupport_fastrtps_c.dir/rosidl_typesupport_fastrtps_c/turtlesim/srv/detail/spawn__type_support_c.cpp.o[0m
[6.690s] [ 70%] [32mBuilding CXX object CMakeFiles/turtlesim__rosidl_typesupport_fastrtps_c.dir/rosidl_typesupport_fastrtps_c/turtlesim/srv/detail/teleport_relative__type_support_c.cpp.o[0m
[6.690s] [ 70%] [32mBuilding CXX object CMakeFiles/turtlesim__rosidl_typesupport_fastrtps_c.dir/rosidl_typesupport_fastrtps_c/turtlesim/srv/detail/teleport_absolute__type_support_c.cpp.o[0m
[7.338s] [ 71%] [32m[1mLinking CXX shared library libturtlesim__rosidl_typesupport_fastrtps_c.so[0m
[7.434s] [ 71%] Built target turtlesim__rosidl_typesupport_fastrtps_c
[7.445s] [35m[1mScanning dependencies of target turtlesim[0m
[7.456s] [ 71%] Built target turtlesim
[7.470s] [35m[1mScanning dependencies of target mimic[0m
[7.471s] [35m[1mScanning dependencies of target draw_square[0m
[7.476s] [ 72%] [34m[1mGenerating include/turtlesim/moc_turtle_frame.cpp[0m
[7.476s] [35m[1mScanning dependencies of target turtle_teleop_key[0m
[7.477s] [35m[1mScanning dependencies of target turtlesim__py[0m
[7.499s] [ 73%] [34m[1mGenerating Python code for ROS interfaces[0m
[7.522s] [ 74%] [32mBuilding CXX object CMakeFiles/draw_square.dir/tutorials/draw_square.cpp.o[0m
[7.524s] [ 75%] [32mBuilding CXX object CMakeFiles/mimic.dir/tutorials/mimic.cpp.o[0m
[7.551s] [ 76%] [32mBuilding CXX object CMakeFiles/turtle_teleop_key.dir/tutorials/teleop_turtle_key.cpp.o[0m
[7.592s] [35m[1mScanning dependencies of target turtlesim_node[0m
[7.680s] [ 77%] [32mBuilding CXX object CMakeFiles/turtlesim_node.dir/src/turtlesim.cpp.o[0m
[7.684s] [ 78%] [32mBuilding CXX object CMakeFiles/turtlesim_node.dir/include/turtlesim/moc_turtle_frame.cpp.o[0m
[7.686s] [ 79%] [32mBuilding CXX object CMakeFiles/turtlesim_node.dir/src/turtle.cpp.o[0m
[7.686s] [ 80%] [32mBuilding CXX object CMakeFiles/turtlesim_node.dir/src/turtle_frame.cpp.o[0m
[10.598s] [ 80%] Built target turtlesim__py
[10.618s] [35m[1mScanning dependencies of target turtlesim__python[0m
[10.712s] [ 81%] [32mBuilding C object CMakeFiles/turtlesim__python.dir/rosidl_generator_py/turtlesim/srv/_kill_s.c.o[0m
[10.713s] [ 82%] [32mBuilding C object CMakeFiles/turtlesim__python.dir/rosidl_generator_py/turtlesim/msg/_color_s.c.o[0m
[10.714s] [ 83%] [32mBuilding C object CMakeFiles/turtlesim__python.dir/rosidl_generator_py/turtlesim/msg/_pose_s.c.o[0m
[10.714s] [ 84%] [32mBuilding C object CMakeFiles/turtlesim__python.dir/rosidl_generator_py/turtlesim/action/_rotate_absolute_s.c.o[0m
[10.715s] [ 85%] [32mBuilding C object CMakeFiles/turtlesim__python.dir/rosidl_generator_py/turtlesim/srv/_set_pen_s.c.o[0m
[10.761s] [ 86%] [32mBuilding C object CMakeFiles/turtlesim__python.dir/rosidl_generator_py/turtlesim/srv/_spawn_s.c.o[0m
[10.886s] [ 87%] [32mBuilding C object CMakeFiles/turtlesim__python.dir/rosidl_generator_py/turtlesim/srv/_teleport_absolute_s.c.o[0m
[10.895s] [ 88%] [32mBuilding C object CMakeFiles/turtlesim__python.dir/rosidl_generator_py/turtlesim/srv/_teleport_relative_s.c.o[0m
[11.072s] [ 89%] [32m[1mLinking C shared library rosidl_generator_py/turtlesim/libturtlesim__python.so[0m
[11.156s] [ 89%] Built target turtlesim__python
[11.174s] [35m[1mScanning dependencies of target turtlesim__rosidl_typesupport_introspection_c__pyext[0m
[11.175s] [35m[1mScanning dependencies of target turtlesim__rosidl_typesupport_fastrtps_c__pyext[0m
[11.175s] [35m[1mScanning dependencies of target turtlesim__rosidl_typesupport_c__pyext[0m
[11.213s] [ 90%] [32mBuilding C object CMakeFiles/turtlesim__rosidl_typesupport_c__pyext.dir/rosidl_generator_py/turtlesim/_turtlesim_s.ep.rosidl_typesupport_c.c.o[0m
[11.213s] [ 91%] [32mBuilding C object CMakeFiles/turtlesim__rosidl_typesupport_fastrtps_c__pyext.dir/rosidl_generator_py/turtlesim/_turtlesim_s.ep.rosidl_typesupport_fastrtps_c.c.o[0m
[11.221s] [ 92%] [32mBuilding C object CMakeFiles/turtlesim__rosidl_typesupport_introspection_c__pyext.dir/rosidl_generator_py/turtlesim/_turtlesim_s.ep.rosidl_typesupport_introspection_c.c.o[0m
[11.485s] [ 94%] [32m[1mLinking C shared library rosidl_generator_py/turtlesim/turtlesim_s__rosidl_typesupport_c.cpython-38-x86_64-linux-gnu.so[0m
[11.486s] [ 94%] [32m[1mLinking CXX shared library rosidl_generator_py/turtlesim/turtlesim_s__rosidl_typesupport_fastrtps_c.cpython-38-x86_64-linux-gnu.so[0m
[11.493s] [ 95%] [32m[1mLinking C shared library rosidl_generator_py/turtlesim/turtlesim_s__rosidl_typesupport_introspection_c.cpython-38-x86_64-linux-gnu.so[0m
[11.563s] [ 95%] Built target turtlesim__rosidl_typesupport_c__pyext
[11.575s] [ 95%] Built target turtlesim__rosidl_typesupport_introspection_c__pyext
[11.618s] [ 95%] Built target turtlesim__rosidl_typesupport_fastrtps_c__pyext
[13.641s] [ 96%] [32m[1mLinking CXX executable turtle_teleop_key[0m
[14.051s] [ 96%] Built target turtle_teleop_key
[15.556s] [ 97%] [32m[1mLinking CXX executable mimic[0m
[15.983s] [ 97%] Built target mimic
[16.568s] [ 98%] [32m[1mLinking CXX executable draw_square[0m
[16.864s] [ 98%] Built target draw_square
[19.406s] [100%] [32m[1mLinking CXX executable turtlesim_node[0m
[20.821s] [100%] Built target turtlesim_node
[20.835s] Invoked command in '/home/rastic-smartcity/ros2_ws/build/turtlesim' returned '0': CMAKE_PREFIX_PATH=/opt/ros/foxy /usr/bin/cmake --build /home/rastic-smartcity/ros2_ws/build/turtlesim -- -j12 -l12
[21.025s] Invoking command in '/home/rastic-smartcity/ros2_ws/build/turtlesim': CMAKE_PREFIX_PATH=/opt/ros/foxy /usr/bin/cmake --install /home/rastic-smartcity/ros2_ws/build/turtlesim
[21.034s] -- Install configuration: ""
[21.035s] -- Execute custom install script
[21.036s] -- Symlinking: /home/rastic-smartcity/ros2_ws/install/turtlesim/share/ament_index/resource_index/rosidl_interfaces/turtlesim
[21.047s] -- Symlinking: /home/rastic-smartcity/ros2_ws/install/turtlesim/include/turtlesim/action/detail/rotate_absolute__functions.h
[21.058s] -- Symlinking: /home/rastic-smartcity/ros2_ws/install/turtlesim/include/turtlesim/action/detail/rotate_absolute__struct.h
[21.069s] -- Symlinking: /home/rastic-smartcity/ros2_ws/install/turtlesim/include/turtlesim/action/detail/rotate_absolute__type_support.h
[21.079s] -- Symlinking: /home/rastic-smartcity/ros2_ws/install/turtlesim/include/turtlesim/action/rotate_absolute.h
[21.089s] -- Symlinking: /home/rastic-smartcity/ros2_ws/install/turtlesim/include/turtlesim/msg/color.h
[21.100s] -- Symlinking: /home/rastic-smartcity/ros2_ws/install/turtlesim/include/turtlesim/msg/detail/color__functions.h
[21.110s] -- Symlinking: /home/rastic-smartcity/ros2_ws/install/turtlesim/include/turtlesim/msg/detail/color__struct.h
[21.121s] -- Symlinking: /home/rastic-smartcity/ros2_ws/install/turtlesim/include/turtlesim/msg/detail/color__type_support.h
[21.132s] -- Symlinking: /home/rastic-smartcity/ros2_ws/install/turtlesim/include/turtlesim/msg/detail/pose__functions.h
[21.143s] -- Symlinking: /home/rastic-smartcity/ros2_ws/install/turtlesim/include/turtlesim/msg/detail/pose__struct.h
[21.152s] -- Symlinking: /home/rastic-smartcity/ros2_ws/install/turtlesim/include/turtlesim/msg/detail/pose__type_support.h
[21.161s] -- Symlinking: /home/rastic-smartcity/ros2_ws/install/turtlesim/include/turtlesim/msg/pose.h
[21.171s] -- Symlinking: /home/rastic-smartcity/ros2_ws/install/turtlesim/include/turtlesim/msg/rosidl_generator_c__visibility_control.h
[21.181s] -- Symlinking: /home/rastic-smartcity/ros2_ws/install/turtlesim/include/turtlesim/srv/detail/kill__functions.h
[21.192s] -- Symlinking: /home/rastic-smartcity/ros2_ws/install/turtlesim/include/turtlesim/srv/detail/kill__struct.h
[21.202s] -- Symlinking: /home/rastic-smartcity/ros2_ws/install/turtlesim/include/turtlesim/srv/detail/kill__type_support.h
[21.212s] -- Symlinking: /home/rastic-smartcity/ros2_ws/install/turtlesim/include/turtlesim/srv/detail/set_pen__functions.h
[21.222s] -- Symlinking: /home/rastic-smartcity/ros2_ws/install/turtlesim/include/turtlesim/srv/detail/set_pen__struct.h
[21.235s] -- Symlinking: /home/rastic-smartcity/ros2_ws/install/turtlesim/include/turtlesim/srv/detail/set_pen__type_support.h
[21.245s] -- Symlinking: /home/rastic-smartcity/ros2_ws/install/turtlesim/include/turtlesim/srv/detail/spawn__functions.h
[21.256s] -- Symlinking: /home/rastic-smartcity/ros2_ws/install/turtlesim/include/turtlesim/srv/detail/spawn__struct.h
[21.267s] -- Symlinking: /home/rastic-smartcity/ros2_ws/install/turtlesim/include/turtlesim/srv/detail/spawn__type_support.h
[21.277s] -- Symlinking: /home/rastic-smartcity/ros2_ws/install/turtlesim/include/turtlesim/srv/detail/teleport_absolute__functions.h
[21.288s] -- Symlinking: /home/rastic-smartcity/ros2_ws/install/turtlesim/include/turtlesim/srv/detail/teleport_absolute__struct.h
[21.298s] -- Symlinking: /home/rastic-smartcity/ros2_ws/install/turtlesim/include/turtlesim/srv/detail/teleport_absolute__type_support.h
[21.308s] -- Symlinking: /home/rastic-smartcity/ros2_ws/install/turtlesim/include/turtlesim/srv/detail/teleport_relative__functions.h
[21.318s] -- Symlinking: /home/rastic-smartcity/ros2_ws/install/turtlesim/include/turtlesim/srv/detail/teleport_relative__struct.h
[21.328s] -- Symlinking: /home/rastic-smartcity/ros2_ws/install/turtlesim/include/turtlesim/srv/detail/teleport_relative__type_support.h
[21.337s] -- Symlinking: /home/rastic-smartcity/ros2_ws/install/turtlesim/include/turtlesim/srv/kill.h
[21.346s] -- Symlinking: /home/rastic-smartcity/ros2_ws/install/turtlesim/include/turtlesim/srv/set_pen.h
[21.356s] -- Symlinking: /home/rastic-smartcity/ros2_ws/install/turtlesim/include/turtlesim/srv/spawn.h
[21.367s] -- Symlinking: /home/rastic-smartcity/ros2_ws/install/turtlesim/include/turtlesim/srv/teleport_absolute.h
[21.378s] -- Symlinking: /home/rastic-smartcity/ros2_ws/install/turtlesim/include/turtlesim/srv/teleport_relative.h
[21.389s] -- Symlinking: /home/rastic-smartcity/ros2_ws/install/turtlesim/share/turtlesim/environment/library_path.sh
[21.400s] -- Symlinking: /home/rastic-smartcity/ros2_ws/install/turtlesim/share/turtlesim/environment/library_path.dsv
[21.411s] -- Symlinking: /home/rastic-smartcity/ros2_ws/install/turtlesim/include/turtlesim/action/detail/rotate_absolute__rosidl_typesupport_fastrtps_c.h
[21.420s] -- Symlinking: /home/rastic-smartcity/ros2_ws/install/turtlesim/include/turtlesim/msg/detail/color__rosidl_typesupport_fastrtps_c.h
[21.428s] -- Symlinking: /home/rastic-smartcity/ros2_ws/install/turtlesim/include/turtlesim/msg/detail/pose__rosidl_typesupport_fastrtps_c.h
[21.437s] -- Symlinking: /home/rastic-smartcity/ros2_ws/install/turtlesim/include/turtlesim/msg/rosidl_typesupport_fastrtps_c__visibility_control.h
[21.446s] -- Symlinking: /home/rastic-smartcity/ros2_ws/install/turtlesim/include/turtlesim/srv/detail/kill__rosidl_typesupport_fastrtps_c.h
[21.456s] -- Symlinking: /home/rastic-smartcity/ros2_ws/install/turtlesim/include/turtlesim/srv/detail/set_pen__rosidl_typesupport_fastrtps_c.h
[21.465s] -- Symlinking: /home/rastic-smartcity/ros2_ws/install/turtlesim/include/turtlesim/srv/detail/spawn__rosidl_typesupport_fastrtps_c.h
[21.479s] -- Symlinking: /home/rastic-smartcity/ros2_ws/install/turtlesim/include/turtlesim/srv/detail/teleport_absolute__rosidl_typesupport_fastrtps_c.h
[21.489s] -- Symlinking: /home/rastic-smartcity/ros2_ws/install/turtlesim/include/turtlesim/srv/detail/teleport_relative__rosidl_typesupport_fastrtps_c.h
[21.500s] -- Symlinking: /home/rastic-smartcity/ros2_ws/install/turtlesim/lib/libturtlesim__rosidl_typesupport_fastrtps_c.so
[21.512s] -- Symlinking: /home/rastic-smartcity/ros2_ws/install/turtlesim/include/turtlesim/action/detail/rotate_absolute__rosidl_typesupport_fastrtps_cpp.hpp
[21.523s] -- Symlinking: /home/rastic-smartcity/ros2_ws/install/turtlesim/include/turtlesim/msg/detail/color__rosidl_typesupport_fastrtps_cpp.hpp
[21.534s] -- Symlinking: /home/rastic-smartcity/ros2_ws/install/turtlesim/include/turtlesim/msg/detail/pose__rosidl_typesupport_fastrtps_cpp.hpp
[21.545s] -- Symlinking: /home/rastic-smartcity/ros2_ws/install/turtlesim/include/turtlesim/msg/rosidl_typesupport_fastrtps_cpp__visibility_control.h
[21.556s] -- Symlinking: /home/rastic-smartcity/ros2_ws/install/turtlesim/include/turtlesim/srv/detail/kill__rosidl_typesupport_fastrtps_cpp.hpp
[21.567s] -- Symlinking: /home/rastic-smartcity/ros2_ws/install/turtlesim/include/turtlesim/srv/detail/set_pen__rosidl_typesupport_fastrtps_cpp.hpp
[21.577s] -- Symlinking: /home/rastic-smartcity/ros2_ws/install/turtlesim/include/turtlesim/srv/detail/spawn__rosidl_typesupport_fastrtps_cpp.hpp
[21.586s] -- Symlinking: /home/rastic-smartcity/ros2_ws/install/turtlesim/include/turtlesim/srv/detail/teleport_absolute__rosidl_typesupport_fastrtps_cpp.hpp
[21.595s] -- Symlinking: /home/rastic-smartcity/ros2_ws/install/turtlesim/include/turtlesim/srv/detail/teleport_relative__rosidl_typesupport_fastrtps_cpp.hpp
[21.604s] -- Symlinking: /home/rastic-smartcity/ros2_ws/install/turtlesim/lib/libturtlesim__rosidl_typesupport_fastrtps_cpp.so
[21.617s] -- Symlinking: /home/rastic-smartcity/ros2_ws/install/turtlesim/include/turtlesim/action/detail/rotate_absolute__rosidl_typesupport_introspection_c.h
[21.631s] -- Symlinking: /home/rastic-smartcity/ros2_ws/install/turtlesim/include/turtlesim/msg/detail/color__rosidl_typesupport_introspection_c.h
[21.644s] -- Symlinking: /home/rastic-smartcity/ros2_ws/install/turtlesim/include/turtlesim/msg/detail/pose__rosidl_typesupport_introspection_c.h
[21.655s] -- Symlinking: /home/rastic-smartcity/ros2_ws/install/turtlesim/include/turtlesim/msg/rosidl_typesupport_introspection_c__visibility_control.h
[21.666s] -- Symlinking: /home/rastic-smartcity/ros2_ws/install/turtlesim/include/turtlesim/srv/detail/kill__rosidl_typesupport_introspection_c.h
[21.677s] -- Symlinking: /home/rastic-smartcity/ros2_ws/install/turtlesim/include/turtlesim/srv/detail/set_pen__rosidl_typesupport_introspection_c.h
[21.689s] -- Symlinking: /home/rastic-smartcity/ros2_ws/install/turtlesim/include/turtlesim/srv/detail/spawn__rosidl_typesupport_introspection_c.h
[21.700s] -- Symlinking: /home/rastic-smartcity/ros2_ws/install/turtlesim/include/turtlesim/srv/detail/teleport_absolute__rosidl_typesupport_introspection_c.h
[21.710s] -- Symlinking: /home/rastic-smartcity/ros2_ws/install/turtlesim/include/turtlesim/srv/detail/teleport_relative__rosidl_typesupport_introspection_c.h
[21.719s] -- Symlinking: /home/rastic-smartcity/ros2_ws/install/turtlesim/include/turtlesim/action/detail/rotate_absolute__builder.hpp
[21.728s] -- Symlinking: /home/rastic-smartcity/ros2_ws/install/turtlesim/include/turtlesim/action/detail/rotate_absolute__struct.hpp
[21.737s] -- Symlinking: /home/rastic-smartcity/ros2_ws/install/turtlesim/include/turtlesim/action/detail/rotate_absolute__traits.hpp
[21.747s] -- Symlinking: /home/rastic-smartcity/ros2_ws/install/turtlesim/include/turtlesim/action/detail/rotate_absolute__type_support.hpp
[21.756s] -- Symlinking: /home/rastic-smartcity/ros2_ws/install/turtlesim/include/turtlesim/action/rotate_absolute.hpp
[21.765s] -- Symlinking: /home/rastic-smartcity/ros2_ws/install/turtlesim/include/turtlesim/msg/color.hpp
[21.774s] -- Symlinking: /home/rastic-smartcity/ros2_ws/install/turtlesim/include/turtlesim/msg/detail/color__builder.hpp
[21.783s] -- Symlinking: /home/rastic-smartcity/ros2_ws/install/turtlesim/include/turtlesim/msg/detail/color__struct.hpp
[21.791s] -- Symlinking: /home/rastic-smartcity/ros2_ws/install/turtlesim/include/turtlesim/msg/detail/color__traits.hpp
[21.800s] -- Symlinking: /home/rastic-smartcity/ros2_ws/install/turtlesim/include/turtlesim/msg/detail/color__type_support.hpp
[21.809s] -- Symlinking: /home/rastic-smartcity/ros2_ws/install/turtlesim/include/turtlesim/msg/detail/pose__builder.hpp
[21.819s] -- Symlinking: /home/rastic-smartcity/ros2_ws/install/turtlesim/include/turtlesim/msg/detail/pose__struct.hpp
[21.827s] -- Symlinking: /home/rastic-smartcity/ros2_ws/install/turtlesim/include/turtlesim/msg/detail/pose__traits.hpp
[21.837s] -- Symlinking: /home/rastic-smartcity/ros2_ws/install/turtlesim/include/turtlesim/msg/detail/pose__type_support.hpp
[21.847s] -- Symlinking: /home/rastic-smartcity/ros2_ws/install/turtlesim/include/turtlesim/msg/pose.hpp
[21.858s] -- Symlinking: /home/rastic-smartcity/ros2_ws/install/turtlesim/include/turtlesim/msg/rosidl_generator_cpp__visibility_control.hpp
[21.869s] -- Symlinking: /home/rastic-smartcity/ros2_ws/install/turtlesim/include/turtlesim/srv/detail/kill__builder.hpp
[21.880s] -- Symlinking: /home/rastic-smartcity/ros2_ws/install/turtlesim/include/turtlesim/srv/detail/kill__struct.hpp
[21.891s] -- Symlinking: /home/rastic-smartcity/ros2_ws/install/turtlesim/include/turtlesim/srv/detail/kill__traits.hpp
[21.901s] -- Symlinking: /home/rastic-smartcity/ros2_ws/install/turtlesim/include/turtlesim/srv/detail/kill__type_support.hpp
[21.912s] -- Symlinking: /home/rastic-smartcity/ros2_ws/install/turtlesim/include/turtlesim/srv/detail/set_pen__builder.hpp
[21.924s] -- Symlinking: /home/rastic-smartcity/ros2_ws/install/turtlesim/include/turtlesim/srv/detail/set_pen__struct.hpp
[21.935s] -- Symlinking: /home/rastic-smartcity/ros2_ws/install/turtlesim/include/turtlesim/srv/detail/set_pen__traits.hpp
[21.946s] -- Symlinking: /home/rastic-smartcity/ros2_ws/install/turtlesim/include/turtlesim/srv/detail/set_pen__type_support.hpp
[21.958s] -- Symlinking: /home/rastic-smartcity/ros2_ws/install/turtlesim/include/turtlesim/srv/detail/spawn__builder.hpp
[21.969s] -- Symlinking: /home/rastic-smartcity/ros2_ws/install/turtlesim/include/turtlesim/srv/detail/spawn__struct.hpp
[21.980s] -- Symlinking: /home/rastic-smartcity/ros2_ws/install/turtlesim/include/turtlesim/srv/detail/spawn__traits.hpp
[21.991s] -- Symlinking: /home/rastic-smartcity/ros2_ws/install/turtlesim/include/turtlesim/srv/detail/spawn__type_support.hpp
[22.001s] -- Symlinking: /home/rastic-smartcity/ros2_ws/install/turtlesim/include/turtlesim/srv/detail/teleport_absolute__builder.hpp
[22.010s] -- Symlinking: /home/rastic-smartcity/ros2_ws/install/turtlesim/include/turtlesim/srv/detail/teleport_absolute__struct.hpp
[22.020s] -- Symlinking: /home/rastic-smartcity/ros2_ws/install/turtlesim/include/turtlesim/srv/detail/teleport_absolute__traits.hpp
[22.031s] -- Symlinking: /home/rastic-smartcity/ros2_ws/install/turtlesim/include/turtlesim/srv/detail/teleport_absolute__type_support.hpp
[22.042s] -- Symlinking: /home/rastic-smartcity/ros2_ws/install/turtlesim/include/turtlesim/srv/detail/teleport_relative__builder.hpp
[22.053s] -- Symlinking: /home/rastic-smartcity/ros2_ws/install/turtlesim/include/turtlesim/srv/detail/teleport_relative__struct.hpp
[22.064s] -- Symlinking: /home/rastic-smartcity/ros2_ws/install/turtlesim/include/turtlesim/srv/detail/teleport_relative__traits.hpp
[22.074s] -- Symlinking: /home/rastic-smartcity/ros2_ws/install/turtlesim/include/turtlesim/srv/detail/teleport_relative__type_support.hpp
[22.085s] -- Symlinking: /home/rastic-smartcity/ros2_ws/install/turtlesim/include/turtlesim/srv/kill.hpp
[22.095s] -- Symlinking: /home/rastic-smartcity/ros2_ws/install/turtlesim/include/turtlesim/srv/set_pen.hpp
[22.109s] -- Symlinking: /home/rastic-smartcity/ros2_ws/install/turtlesim/include/turtlesim/srv/spawn.hpp
[22.120s] -- Symlinking: /home/rastic-smartcity/ros2_ws/install/turtlesim/include/turtlesim/srv/teleport_absolute.hpp
[22.131s] -- Symlinking: /home/rastic-smartcity/ros2_ws/install/turtlesim/include/turtlesim/srv/teleport_relative.hpp
[22.143s] -- Symlinking: /home/rastic-smartcity/ros2_ws/install/turtlesim/include/turtlesim/action/detail/rotate_absolute__rosidl_typesupport_introspection_cpp.hpp
[22.154s] -- Symlinking: /home/rastic-smartcity/ros2_ws/install/turtlesim/include/turtlesim/msg/detail/color__rosidl_typesupport_introspection_cpp.hpp
[22.166s] -- Symlinking: /home/rastic-smartcity/ros2_ws/install/turtlesim/include/turtlesim/msg/detail/pose__rosidl_typesupport_introspection_cpp.hpp
[22.177s] -- Symlinking: /home/rastic-smartcity/ros2_ws/install/turtlesim/include/turtlesim/srv/detail/kill__rosidl_typesupport_introspection_cpp.hpp
[22.191s] -- Symlinking: /home/rastic-smartcity/ros2_ws/install/turtlesim/include/turtlesim/srv/detail/set_pen__rosidl_typesupport_introspection_cpp.hpp
[22.202s] -- Symlinking: /home/rastic-smartcity/ros2_ws/install/turtlesim/include/turtlesim/srv/detail/spawn__rosidl_typesupport_introspection_cpp.hpp
[22.213s] -- Symlinking: /home/rastic-smartcity/ros2_ws/install/turtlesim/include/turtlesim/srv/detail/teleport_absolute__rosidl_typesupport_introspection_cpp.hpp
[22.224s] -- Symlinking: /home/rastic-smartcity/ros2_ws/install/turtlesim/include/turtlesim/srv/detail/teleport_relative__rosidl_typesupport_introspection_cpp.hpp
[22.238s] -- Symlinking: /home/rastic-smartcity/ros2_ws/install/turtlesim/share/turtlesim/environment/pythonpath.sh
[22.253s] -- Symlinking: /home/rastic-smartcity/ros2_ws/install/turtlesim/share/turtlesim/environment/pythonpath.dsv
[22.265s] -- Symlinking: /home/rastic-smartcity/ros2_ws/install/turtlesim/lib/python3.8/site-packages/turtlesim/__init__.py
[22.277s] -- Symlinking: /home/rastic-smartcity/ros2_ws/install/turtlesim/lib/python3.8/site-packages/turtlesim/action/__init__.py
[22.288s] -- Symlinking: /home/rastic-smartcity/ros2_ws/install/turtlesim/lib/python3.8/site-packages/turtlesim/action/_rotate_absolute.py
[22.299s] -- Symlinking: /home/rastic-smartcity/ros2_ws/install/turtlesim/lib/python3.8/site-packages/turtlesim/msg/__init__.py
[22.310s] -- Symlinking: /home/rastic-smartcity/ros2_ws/install/turtlesim/lib/python3.8/site-packages/turtlesim/msg/_color.py
[22.321s] -- Symlinking: /home/rastic-smartcity/ros2_ws/install/turtlesim/lib/python3.8/site-packages/turtlesim/msg/_pose.py
[22.333s] -- Symlinking: /home/rastic-smartcity/ros2_ws/install/turtlesim/lib/python3.8/site-packages/turtlesim/srv/__init__.py
[22.343s] -- Symlinking: /home/rastic-smartcity/ros2_ws/install/turtlesim/lib/python3.8/site-packages/turtlesim/srv/_kill.py
[22.355s] -- Symlinking: /home/rastic-smartcity/ros2_ws/install/turtlesim/lib/python3.8/site-packages/turtlesim/srv/_set_pen.py
[22.366s] -- Symlinking: /home/rastic-smartcity/ros2_ws/install/turtlesim/lib/python3.8/site-packages/turtlesim/srv/_spawn.py
[22.377s] -- Symlinking: /home/rastic-smartcity/ros2_ws/install/turtlesim/lib/python3.8/site-packages/turtlesim/srv/_teleport_absolute.py
[22.387s] -- Symlinking: /home/rastic-smartcity/ros2_ws/install/turtlesim/lib/python3.8/site-packages/turtlesim/srv/_teleport_relative.py
[22.398s] -- Symlinking: /home/rastic-smartcity/ros2_ws/install/turtlesim/lib/python3.8/site-packages/turtlesim/turtlesim_s__rosidl_typesupport_fastrtps_c.cpython-38-x86_64-linux-gnu.so
[22.411s] -- Symlinking: /home/rastic-smartcity/ros2_ws/install/turtlesim/lib/python3.8/site-packages/turtlesim/turtlesim_s__rosidl_typesupport_introspection_c.cpython-38-x86_64-linux-gnu.so
[22.422s] -- Symlinking: /home/rastic-smartcity/ros2_ws/install/turtlesim/lib/python3.8/site-packages/turtlesim/turtlesim_s__rosidl_typesupport_c.cpython-38-x86_64-linux-gnu.so
[22.433s] -- Symlinking: /home/rastic-smartcity/ros2_ws/install/turtlesim/lib/libturtlesim__python.so
[22.444s] -- Symlinking: /home/rastic-smartcity/ros2_ws/install/turtlesim/share/turtlesim/action/RotateAbsolute.idl
[22.456s] -- Symlinking: /home/rastic-smartcity/ros2_ws/install/turtlesim/share/turtlesim/msg/Color.idl
[22.467s] -- Symlinking: /home/rastic-smartcity/ros2_ws/install/turtlesim/share/turtlesim/msg/Pose.idl
[22.481s] -- Symlinking: /home/rastic-smartcity/ros2_ws/install/turtlesim/share/turtlesim/srv/Kill.idl
[22.491s] -- Symlinking: /home/rastic-smartcity/ros2_ws/install/turtlesim/share/turtlesim/srv/SetPen.idl
[22.502s] -- Symlinking: /home/rastic-smartcity/ros2_ws/install/turtlesim/share/turtlesim/srv/Spawn.idl
[22.513s] -- Symlinking: /home/rastic-smartcity/ros2_ws/install/turtlesim/share/turtlesim/srv/TeleportAbsolute.idl
[22.524s] -- Symlinking: /home/rastic-smartcity/ros2_ws/install/turtlesim/share/turtlesim/srv/TeleportRelative.idl
[22.535s] -- Symlinking: /home/rastic-smartcity/ros2_ws/install/turtlesim/share/turtlesim/action/RotateAbsolute.action
[22.546s] -- Symlinking: /home/rastic-smartcity/ros2_ws/install/turtlesim/share/turtlesim/msg/Color.msg
[22.558s] -- Symlinking: /home/rastic-smartcity/ros2_ws/install/turtlesim/share/turtlesim/msg/Pose.msg
[22.568s] -- Symlinking: /home/rastic-smartcity/ros2_ws/install/turtlesim/share/turtlesim/srv/Kill.srv
[22.579s] -- Symlinking: /home/rastic-smartcity/ros2_ws/install/turtlesim/share/turtlesim/srv/Kill_Request.msg
[22.590s] -- Symlinking: /home/rastic-smartcity/ros2_ws/install/turtlesim/share/turtlesim/srv/Kill_Response.msg
[22.599s] -- Symlinking: /home/rastic-smartcity/ros2_ws/install/turtlesim/share/turtlesim/srv/SetPen.srv
[22.608s] -- Symlinking: /home/rastic-smartcity/ros2_ws/install/turtlesim/share/turtlesim/srv/SetPen_Request.msg
[22.618s] -- Symlinking: /home/rastic-smartcity/ros2_ws/install/turtlesim/share/turtlesim/srv/SetPen_Response.msg
[22.627s] -- Symlinking: /home/rastic-smartcity/ros2_ws/install/turtlesim/share/turtlesim/srv/Spawn.srv
[22.638s] -- Symlinking: /home/rastic-smartcity/ros2_ws/install/turtlesim/share/turtlesim/srv/Spawn_Request.msg
[22.649s] -- Symlinking: /home/rastic-smartcity/ros2_ws/install/turtlesim/share/turtlesim/srv/Spawn_Response.msg
[22.660s] -- Symlinking: /home/rastic-smartcity/ros2_ws/install/turtlesim/share/turtlesim/srv/TeleportAbsolute.srv
[22.671s] -- Symlinking: /home/rastic-smartcity/ros2_ws/install/turtlesim/share/turtlesim/srv/TeleportAbsolute_Request.msg
[22.681s] -- Symlinking: /home/rastic-smartcity/ros2_ws/install/turtlesim/share/turtlesim/srv/TeleportAbsolute_Response.msg
[22.691s] -- Symlinking: /home/rastic-smartcity/ros2_ws/install/turtlesim/share/turtlesim/srv/TeleportRelative.srv
[22.702s] -- Symlinking: /home/rastic-smartcity/ros2_ws/install/turtlesim/share/turtlesim/srv/TeleportRelative_Request.msg
[22.712s] -- Symlinking: /home/rastic-smartcity/ros2_ws/install/turtlesim/share/turtlesim/srv/TeleportRelative_Response.msg
[22.725s] -- Symlinking: /home/rastic-smartcity/ros2_ws/install/turtlesim/lib/turtlesim/turtlesim_node
[22.736s] -- Symlinking: /home/rastic-smartcity/ros2_ws/install/turtlesim/lib/turtlesim/turtle_teleop_key
[22.749s] -- Symlinking: /home/rastic-smartcity/ros2_ws/install/turtlesim/lib/turtlesim/draw_square
[22.760s] -- Symlinking: /home/rastic-smartcity/ros2_ws/install/turtlesim/lib/turtlesim/mimic
[22.771s] -- Symlinking: /home/rastic-smartcity/ros2_ws/install/turtlesim/share/turtlesim/launch/multisim.launch.py
[22.782s] -- Symlinking: /home/rastic-smartcity/ros2_ws/install/turtlesim/share/ament_index/resource_index/package_run_dependencies/turtlesim
[22.793s] -- Symlinking: /home/rastic-smartcity/ros2_ws/install/turtlesim/share/ament_index/resource_index/parent_prefix_path/turtlesim
[22.804s] -- Symlinking: /home/rastic-smartcity/ros2_ws/install/turtlesim/share/turtlesim/environment/ament_prefix_path.sh
[22.814s] -- Symlinking: /home/rastic-smartcity/ros2_ws/install/turtlesim/share/turtlesim/environment/ament_prefix_path.dsv
[22.826s] -- Symlinking: /home/rastic-smartcity/ros2_ws/install/turtlesim/share/turtlesim/environment/path.sh
[22.837s] -- Symlinking: /home/rastic-smartcity/ros2_ws/install/turtlesim/share/turtlesim/environment/path.dsv
[22.848s] -- Symlinking: /home/rastic-smartcity/ros2_ws/install/turtlesim/share/turtlesim/local_setup.bash
[22.860s] -- Symlinking: /home/rastic-smartcity/ros2_ws/install/turtlesim/share/turtlesim/local_setup.sh
[22.871s] -- Symlinking: /home/rastic-smartcity/ros2_ws/install/turtlesim/share/turtlesim/local_setup.zsh
[22.883s] -- Symlinking: /home/rastic-smartcity/ros2_ws/install/turtlesim/share/turtlesim/local_setup.dsv
[22.894s] -- Symlinking: /home/rastic-smartcity/ros2_ws/install/turtlesim/share/turtlesim/package.dsv
[22.905s] -- Symlinking: /home/rastic-smartcity/ros2_ws/install/turtlesim/share/ament_index/resource_index/packages/turtlesim
[22.916s] -- Symlinking: /home/rastic-smartcity/ros2_ws/install/turtlesim/share/turtlesim/cmake/rosidl_cmake-extras.cmake
[22.927s] -- Symlinking: /home/rastic-smartcity/ros2_ws/install/turtlesim/share/turtlesim/cmake/ament_cmake_export_dependencies-extras.cmake
[22.938s] -- Symlinking: /home/rastic-smartcity/ros2_ws/install/turtlesim/share/turtlesim/cmake/ament_cmake_export_libraries-extras.cmake
[22.948s] -- Symlinking: /home/rastic-smartcity/ros2_ws/install/turtlesim/share/turtlesim/cmake/ament_cmake_export_targets-extras.cmake
[22.958s] -- Symlinking: /home/rastic-smartcity/ros2_ws/install/turtlesim/share/turtlesim/cmake/ament_cmake_export_include_directories-extras.cmake
[22.967s] -- Symlinking: /home/rastic-smartcity/ros2_ws/install/turtlesim/share/turtlesim/cmake/rosidl_cmake_export_typesupport_libraries-extras.cmake
[22.975s] -- Symlinking: /home/rastic-smartcity/ros2_ws/install/turtlesim/share/turtlesim/cmake/rosidl_cmake_export_typesupport_targets-extras.cmake
[22.984s] -- Symlinking: /home/rastic-smartcity/ros2_ws/install/turtlesim/share/turtlesim/cmake/turtlesimConfig.cmake
[22.993s] -- Symlinking: /home/rastic-smartcity/ros2_ws/install/turtlesim/share/turtlesim/cmake/turtlesimConfig-version.cmake
[23.003s] -- Symlinking: /home/rastic-smartcity/ros2_ws/install/turtlesim/share/turtlesim/package.xml
[23.012s] -- Installing: /home/rastic-smartcity/ros2_ws/install/turtlesim/lib/libturtlesim__rosidl_generator_c.so
[23.013s] -- Set runtime path of "/home/rastic-smartcity/ros2_ws/install/turtlesim/lib/libturtlesim__rosidl_generator_c.so" to ""
[23.013s] -- Installing: /home/rastic-smartcity/ros2_ws/install/turtlesim/lib/libturtlesim__rosidl_typesupport_introspection_c.so
[23.013s] -- Set runtime path of "/home/rastic-smartcity/ros2_ws/install/turtlesim/lib/libturtlesim__rosidl_typesupport_introspection_c.so" to ""
[23.013s] -- Installing: /home/rastic-smartcity/ros2_ws/install/turtlesim/lib/libturtlesim__rosidl_typesupport_c.so
[23.013s] -- Set runtime path of "/home/rastic-smartcity/ros2_ws/install/turtlesim/lib/libturtlesim__rosidl_typesupport_c.so" to ""
[23.014s] -- Installing: /home/rastic-smartcity/ros2_ws/install/turtlesim/lib/libturtlesim__rosidl_typesupport_introspection_cpp.so
[23.014s] -- Set runtime path of "/home/rastic-smartcity/ros2_ws/install/turtlesim/lib/libturtlesim__rosidl_typesupport_introspection_cpp.so" to ""
[23.014s] -- Installing: /home/rastic-smartcity/ros2_ws/install/turtlesim/lib/libturtlesim__rosidl_typesupport_cpp.so
[23.014s] -- Set runtime path of "/home/rastic-smartcity/ros2_ws/install/turtlesim/lib/libturtlesim__rosidl_typesupport_cpp.so" to ""
[23.048s] Compiling '/home/rastic-smartcity/ros2_ws/install/turtlesim/lib/python3.8/site-packages/turtlesim/__init__.py'...
[23.053s] -- Installing: /home/rastic-smartcity/ros2_ws/install/turtlesim/share/turtlesim/images
[23.053s] -- Installing: /home/rastic-smartcity/ros2_ws/install/turtlesim/share/turtlesim/images/crystal.png
[23.053s] -- Installing: /home/rastic-smartcity/ros2_ws/install/turtlesim/share/turtlesim/images/foxy.png
[23.053s] -- Installing: /home/rastic-smartcity/ros2_ws/install/turtlesim/share/turtlesim/images/dashing.png
[23.054s] -- Installing: /home/rastic-smartcity/ros2_ws/install/turtlesim/share/turtlesim/images/ardent.png
[23.054s] -- Installing: /home/rastic-smartcity/ros2_ws/install/turtlesim/share/turtlesim/images/bouncy.png
[23.054s] -- Installing: /home/rastic-smartcity/ros2_ws/install/turtlesim/share/turtlesim/images/eloquent.png
[23.054s] -- Installing: /home/rastic-smartcity/ros2_ws/install/turtlesim/share/turtlesim/cmake/turtlesim__rosidl_generator_cExport.cmake
[23.054s] -- Installing: /home/rastic-smartcity/ros2_ws/install/turtlesim/share/turtlesim/cmake/turtlesim__rosidl_generator_cExport-noconfig.cmake
[23.054s] -- Installing: /home/rastic-smartcity/ros2_ws/install/turtlesim/share/turtlesim/cmake/turtlesim__rosidl_typesupport_introspection_cExport.cmake
[23.055s] -- Installing: /home/rastic-smartcity/ros2_ws/install/turtlesim/share/turtlesim/cmake/turtlesim__rosidl_typesupport_introspection_cExport-noconfig.cmake
[23.055s] -- Installing: /home/rastic-smartcity/ros2_ws/install/turtlesim/share/turtlesim/cmake/turtlesim__rosidl_typesupport_cExport.cmake
[23.055s] -- Installing: /home/rastic-smartcity/ros2_ws/install/turtlesim/share/turtlesim/cmake/turtlesim__rosidl_typesupport_cExport-noconfig.cmake
[23.055s] -- Installing: /home/rastic-smartcity/ros2_ws/install/turtlesim/share/turtlesim/cmake/turtlesim__rosidl_generator_cppExport.cmake
[23.055s] -- Installing: /home/rastic-smartcity/ros2_ws/install/turtlesim/share/turtlesim/cmake/turtlesim__rosidl_typesupport_introspection_cppExport.cmake
[23.055s] -- Installing: /home/rastic-smartcity/ros2_ws/install/turtlesim/share/turtlesim/cmake/turtlesim__rosidl_typesupport_introspection_cppExport-noconfig.cmake
[23.055s] -- Installing: /home/rastic-smartcity/ros2_ws/install/turtlesim/share/turtlesim/cmake/turtlesim__rosidl_typesupport_cppExport.cmake
[23.055s] -- Installing: /home/rastic-smartcity/ros2_ws/install/turtlesim/share/turtlesim/cmake/turtlesim__rosidl_typesupport_cppExport-noconfig.cmake
[23.057s] Invoked command in '/home/rastic-smartcity/ros2_ws/build/turtlesim' returned '0': CMAKE_PREFIX_PATH=/opt/ros/foxy /usr/bin/cmake --install /home/rastic-smartcity/ros2_ws/build/turtlesim
